<?xml version="1.0" encoding="ISO-8859-1" ?>
<link_info>
   <banner>TI ARM Linker Unix v18.1.3.LTS</banner>
   <copyright>Copyright (c) 1996-2017 Texas Instruments Incorporated</copyright>
   <link_time>0x5bdd3042</link_time>
   <link_errors>0x0</link_errors>
   <output_file>PAC2_enunciat.out</output_file>
   <entry_point>
      <name>_c_int00_noargs</name>
      <address>0xddd1</address>
   </entry_point>
   <input_file_list>
      <input_file id="fl-2">
         <path>./</path>
         <kind>object</kind>
         <file>main.obj</file>
         <name>main.obj</name>
      </input_file>
      <input_file id="fl-3">
         <path>./</path>
         <kind>object</kind>
         <file>msp432_startup_ccs.obj</file>
         <name>msp432_startup_ccs.obj</name>
      </input_file>
      <input_file id="fl-4">
         <path>./</path>
         <kind>object</kind>
         <file>system_msp432p401r.obj</file>
         <name>system_msp432p401r.obj</name>
      </input_file>
      <input_file id="fl-5">
         <path>./driverslib/cc3100/board/</path>
         <kind>object</kind>
         <file>board.obj</file>
         <name>board.obj</name>
      </input_file>
      <input_file id="fl-6">
         <path>./driverslib/cc3100/board/</path>
         <kind>object</kind>
         <file>cli_uart.obj</file>
         <name>cli_uart.obj</name>
      </input_file>
      <input_file id="fl-7">
         <path>./driverslib/cc3100/board/</path>
         <kind>object</kind>
         <file>spi_cc3100.obj</file>
         <name>spi_cc3100.obj</name>
      </input_file>
      <input_file id="fl-8">
         <path>./driverslib/cc3100/oslib/</path>
         <kind>object</kind>
         <file>osi_freertos.obj</file>
         <name>osi_freertos.obj</name>
      </input_file>
      <input_file id="fl-9">
         <path>./driverslib/cc3100/simplelink/source/</path>
         <kind>object</kind>
         <file>device.obj</file>
         <name>device.obj</name>
      </input_file>
      <input_file id="fl-a">
         <path>./driverslib/cc3100/simplelink/source/</path>
         <kind>object</kind>
         <file>driver.obj</file>
         <name>driver.obj</name>
      </input_file>
      <input_file id="fl-b">
         <path>./driverslib/cc3100/simplelink/source/</path>
         <kind>object</kind>
         <file>flowcont.obj</file>
         <name>flowcont.obj</name>
      </input_file>
      <input_file id="fl-c">
         <path>./driverslib/cc3100/simplelink/source/</path>
         <kind>object</kind>
         <file>fs.obj</file>
         <name>fs.obj</name>
      </input_file>
      <input_file id="fl-d">
         <path>./driverslib/cc3100/simplelink/source/</path>
         <kind>object</kind>
         <file>netapp.obj</file>
         <name>netapp.obj</name>
      </input_file>
      <input_file id="fl-e">
         <path>./driverslib/cc3100/simplelink/source/</path>
         <kind>object</kind>
         <file>netcfg.obj</file>
         <name>netcfg.obj</name>
      </input_file>
      <input_file id="fl-f">
         <path>./driverslib/cc3100/simplelink/source/</path>
         <kind>object</kind>
         <file>socket.obj</file>
         <name>socket.obj</name>
      </input_file>
      <input_file id="fl-10">
         <path>./driverslib/cc3100/simplelink/source/</path>
         <kind>object</kind>
         <file>spawn.obj</file>
         <name>spawn.obj</name>
      </input_file>
      <input_file id="fl-11">
         <path>./driverslib/cc3100/simplelink/source/</path>
         <kind>object</kind>
         <file>wlan.obj</file>
         <name>wlan.obj</name>
      </input_file>
      <input_file id="fl-12">
         <path>./driverslib/freertos/cortex-m4/</path>
         <kind>object</kind>
         <file>port.obj</file>
         <name>port.obj</name>
      </input_file>
      <input_file id="fl-13">
         <path>./driverslib/freertos/cortex-m4/</path>
         <kind>object</kind>
         <file>portasm.obj</file>
         <name>portasm.obj</name>
      </input_file>
      <input_file id="fl-14">
         <path>./driverslib/freertos/src/</path>
         <kind>object</kind>
         <file>croutine.obj</file>
         <name>croutine.obj</name>
      </input_file>
      <input_file id="fl-15">
         <path>./driverslib/freertos/src/</path>
         <kind>object</kind>
         <file>event_groups.obj</file>
         <name>event_groups.obj</name>
      </input_file>
      <input_file id="fl-16">
         <path>./driverslib/freertos/src/</path>
         <kind>object</kind>
         <file>heap_1.obj</file>
         <name>heap_1.obj</name>
      </input_file>
      <input_file id="fl-17">
         <path>./driverslib/freertos/src/</path>
         <kind>object</kind>
         <file>list.obj</file>
         <name>list.obj</name>
      </input_file>
      <input_file id="fl-18">
         <path>./driverslib/freertos/src/</path>
         <kind>object</kind>
         <file>queue.obj</file>
         <name>queue.obj</name>
      </input_file>
      <input_file id="fl-19">
         <path>./driverslib/freertos/src/</path>
         <kind>object</kind>
         <file>tasks.obj</file>
         <name>tasks.obj</name>
      </input_file>
      <input_file id="fl-1a">
         <path>./driverslib/freertos/src/</path>
         <kind>object</kind>
         <file>timers.obj</file>
         <name>timers.obj</name>
      </input_file>
      <input_file id="fl-1b">
         <path>./driverslib/msp432/</path>
         <kind>object</kind>
         <file>adc14.obj</file>
         <name>adc14.obj</name>
      </input_file>
      <input_file id="fl-1c">
         <path>./driverslib/msp432/</path>
         <kind>object</kind>
         <file>aes256.obj</file>
         <name>aes256.obj</name>
      </input_file>
      <input_file id="fl-1d">
         <path>./driverslib/msp432/</path>
         <kind>object</kind>
         <file>comp_e.obj</file>
         <name>comp_e.obj</name>
      </input_file>
      <input_file id="fl-1e">
         <path>./driverslib/msp432/</path>
         <kind>object</kind>
         <file>cpu.obj</file>
         <name>cpu.obj</name>
      </input_file>
      <input_file id="fl-1f">
         <path>./driverslib/msp432/</path>
         <kind>object</kind>
         <file>crc32.obj</file>
         <name>crc32.obj</name>
      </input_file>
      <input_file id="fl-20">
         <path>./driverslib/msp432/</path>
         <kind>object</kind>
         <file>cs.obj</file>
         <name>cs.obj</name>
      </input_file>
      <input_file id="fl-21">
         <path>./driverslib/msp432/</path>
         <kind>object</kind>
         <file>dma.obj</file>
         <name>dma.obj</name>
      </input_file>
      <input_file id="fl-22">
         <path>./driverslib/msp432/</path>
         <kind>object</kind>
         <file>flash.obj</file>
         <name>flash.obj</name>
      </input_file>
      <input_file id="fl-23">
         <path>./driverslib/msp432/</path>
         <kind>object</kind>
         <file>fpu.obj</file>
         <name>fpu.obj</name>
      </input_file>
      <input_file id="fl-24">
         <path>./driverslib/msp432/</path>
         <kind>object</kind>
         <file>gpio.obj</file>
         <name>gpio.obj</name>
      </input_file>
      <input_file id="fl-25">
         <path>./driverslib/msp432/</path>
         <kind>object</kind>
         <file>i2c.obj</file>
         <name>i2c.obj</name>
      </input_file>
      <input_file id="fl-26">
         <path>./driverslib/msp432/</path>
         <kind>object</kind>
         <file>interrupt.obj</file>
         <name>interrupt.obj</name>
      </input_file>
      <input_file id="fl-27">
         <path>./driverslib/msp432/</path>
         <kind>object</kind>
         <file>mpu.obj</file>
         <name>mpu.obj</name>
      </input_file>
      <input_file id="fl-28">
         <path>./driverslib/msp432/</path>
         <kind>object</kind>
         <file>pcm.obj</file>
         <name>pcm.obj</name>
      </input_file>
      <input_file id="fl-29">
         <path>./driverslib/msp432/</path>
         <kind>object</kind>
         <file>pmap.obj</file>
         <name>pmap.obj</name>
      </input_file>
      <input_file id="fl-2a">
         <path>./driverslib/msp432/</path>
         <kind>object</kind>
         <file>pss.obj</file>
         <name>pss.obj</name>
      </input_file>
      <input_file id="fl-2b">
         <path>./driverslib/msp432/</path>
         <kind>object</kind>
         <file>ref_a.obj</file>
         <name>ref_a.obj</name>
      </input_file>
      <input_file id="fl-2c">
         <path>./driverslib/msp432/</path>
         <kind>object</kind>
         <file>reset.obj</file>
         <name>reset.obj</name>
      </input_file>
      <input_file id="fl-2d">
         <path>./driverslib/msp432/</path>
         <kind>object</kind>
         <file>rtc_c.obj</file>
         <name>rtc_c.obj</name>
      </input_file>
      <input_file id="fl-2e">
         <path>./driverslib/msp432/</path>
         <kind>object</kind>
         <file>spi.obj</file>
         <name>spi.obj</name>
      </input_file>
      <input_file id="fl-2f">
         <path>./driverslib/msp432/</path>
         <kind>object</kind>
         <file>sysctl.obj</file>
         <name>sysctl.obj</name>
      </input_file>
      <input_file id="fl-30">
         <path>./driverslib/msp432/</path>
         <kind>object</kind>
         <file>systick.obj</file>
         <name>systick.obj</name>
      </input_file>
      <input_file id="fl-31">
         <path>./driverslib/msp432/</path>
         <kind>object</kind>
         <file>timer32.obj</file>
         <name>timer32.obj</name>
      </input_file>
      <input_file id="fl-32">
         <path>./driverslib/msp432/</path>
         <kind>object</kind>
         <file>timer_a.obj</file>
         <name>timer_a.obj</name>
      </input_file>
      <input_file id="fl-33">
         <path>./driverslib/msp432/</path>
         <kind>object</kind>
         <file>uart.obj</file>
         <name>uart.obj</name>
      </input_file>
      <input_file id="fl-34">
         <path>./driverslib/msp432/</path>
         <kind>object</kind>
         <file>wdt_a.obj</file>
         <name>wdt_a.obj</name>
      </input_file>
      <input_file id="fl-35">
         <path>./driverslib/ti_cc3100_boosterpack/</path>
         <kind>object</kind>
         <file>cc3100_boosterpack.obj</file>
         <name>cc3100_boosterpack.obj</name>
      </input_file>
      <input_file id="fl-36">
         <path>./driverslib/ti_msp432_launchpad/</path>
         <kind>object</kind>
         <file>msp432_launchpad_board.obj</file>
         <name>msp432_launchpad_board.obj</name>
      </input_file>
      <input_file id="fl-37">
         <path>./driverslib/ti_msp432_launchpad/</path>
         <kind>object</kind>
         <file>msp432_launchpad_temperature.obj</file>
         <name>msp432_launchpad_temperature.obj</name>
      </input_file>
      <input_file id="fl-3b">
         <kind>object</kind>
         <file>&lt;internal&gt;</file>
         <name>&lt;internal&gt;</name>
      </input_file>
      <input_file id="fl-f1">
         <path>/Applications/ti/ccsv8/tools/compiler/ti-cgt-arm_18.1.3.LTS/lib/</path>
         <kind>archive</kind>
         <file>rtsv7M4_T_le_v4SPD16_eabi.lib</file>
         <name>memset_t2.asm.obj</name>
      </input_file>
      <input_file id="fl-f2">
         <path>/Applications/ti/ccsv8/tools/compiler/ti-cgt-arm_18.1.3.LTS/lib/</path>
         <kind>archive</kind>
         <file>rtsv7M4_T_le_v4SPD16_eabi.lib</file>
         <name>memcpy_t2.asm.obj</name>
      </input_file>
      <input_file id="fl-f3">
         <path>/Applications/ti/ccsv8/tools/compiler/ti-cgt-arm_18.1.3.LTS/lib/</path>
         <kind>archive</kind>
         <file>rtsv7M4_T_le_v4SPD16_eabi.lib</file>
         <name>copy_zero_init.c.obj</name>
      </input_file>
      <input_file id="fl-f4">
         <path>/Applications/ti/ccsv8/tools/compiler/ti-cgt-arm_18.1.3.LTS/lib/</path>
         <kind>archive</kind>
         <file>rtsv7M4_T_le_v4SPD16_eabi.lib</file>
         <name>copy_decompress_none.c.obj</name>
      </input_file>
      <input_file id="fl-f5">
         <path>/Applications/ti/ccsv8/tools/compiler/ti-cgt-arm_18.1.3.LTS/lib/</path>
         <kind>archive</kind>
         <file>rtsv7M4_T_le_v4SPD16_eabi.lib</file>
         <name>copy_decompress_lzss.c.obj</name>
      </input_file>
      <input_file id="fl-f6">
         <path>/Applications/ti/ccsv8/tools/compiler/ti-cgt-arm_18.1.3.LTS/lib/</path>
         <kind>archive</kind>
         <file>rtsv7M4_T_le_v4SPD16_eabi.lib</file>
         <name>sprintf.c.obj</name>
      </input_file>
      <input_file id="fl-f7">
         <path>/Applications/ti/ccsv8/tools/compiler/ti-cgt-arm_18.1.3.LTS/lib/</path>
         <kind>archive</kind>
         <file>rtsv7M4_T_le_v4SPD16_eabi.lib</file>
         <name>strcpy.c.obj</name>
      </input_file>
      <input_file id="fl-f8">
         <path>/Applications/ti/ccsv8/tools/compiler/ti-cgt-arm_18.1.3.LTS/lib/</path>
         <kind>archive</kind>
         <file>rtsv7M4_T_le_v4SPD16_eabi.lib</file>
         <name>strlen.c.obj</name>
      </input_file>
      <input_file id="fl-f9">
         <path>/Applications/ti/ccsv8/tools/compiler/ti-cgt-arm_18.1.3.LTS/lib/</path>
         <kind>archive</kind>
         <file>rtsv7M4_T_le_v4SPD16_eabi.lib</file>
         <name>strtok.c.obj</name>
      </input_file>
      <input_file id="fl-fa">
         <path>/Applications/ti/ccsv8/tools/compiler/ti-cgt-arm_18.1.3.LTS/lib/</path>
         <kind>archive</kind>
         <file>rtsv7M4_T_le_v4SPD16_eabi.lib</file>
         <name>strtol.c.obj</name>
      </input_file>
      <input_file id="fl-fb">
         <path>/Applications/ti/ccsv8/tools/compiler/ti-cgt-arm_18.1.3.LTS/lib/</path>
         <kind>archive</kind>
         <file>rtsv7M4_T_le_v4SPD16_eabi.lib</file>
         <name>errno.c.obj</name>
      </input_file>
      <input_file id="fl-fc">
         <path>/Applications/ti/ccsv8/tools/compiler/ti-cgt-arm_18.1.3.LTS/lib/</path>
         <kind>archive</kind>
         <file>rtsv7M4_T_le_v4SPD16_eabi.lib</file>
         <name>boot_cortex_m.c.obj</name>
      </input_file>
      <input_file id="fl-fd">
         <path>/Applications/ti/ccsv8/tools/compiler/ti-cgt-arm_18.1.3.LTS/lib/</path>
         <kind>archive</kind>
         <file>rtsv7M4_T_le_v4SPD16_eabi.lib</file>
         <name>autoinit.c.obj</name>
      </input_file>
      <input_file id="fl-fe">
         <path>/Applications/ti/ccsv8/tools/compiler/ti-cgt-arm_18.1.3.LTS/lib/</path>
         <kind>archive</kind>
         <file>rtsv7M4_T_le_v4SPD16_eabi.lib</file>
         <name>pre_init.c.obj</name>
      </input_file>
      <input_file id="fl-ff">
         <path>/Applications/ti/ccsv8/tools/compiler/ti-cgt-arm_18.1.3.LTS/lib/</path>
         <kind>archive</kind>
         <file>rtsv7M4_T_le_v4SPD16_eabi.lib</file>
         <name>cpy_tbl.c.obj</name>
      </input_file>
      <input_file id="fl-100">
         <path>/Applications/ti/ccsv8/tools/compiler/ti-cgt-arm_18.1.3.LTS/lib/</path>
         <kind>archive</kind>
         <file>rtsv7M4_T_le_v4SPD16_eabi.lib</file>
         <name>exit.c.obj</name>
      </input_file>
      <input_file id="fl-101">
         <path>/Applications/ti/ccsv8/tools/compiler/ti-cgt-arm_18.1.3.LTS/lib/</path>
         <kind>archive</kind>
         <file>rtsv7M4_T_le_v4SPD16_eabi.lib</file>
         <name>_lock.c.obj</name>
      </input_file>
      <input_file id="fl-102">
         <path>/Applications/ti/ccsv8/tools/compiler/ti-cgt-arm_18.1.3.LTS/lib/</path>
         <kind>archive</kind>
         <file>rtsv7M4_T_le_v4SPD16_eabi.lib</file>
         <name>_printfi.c.obj</name>
      </input_file>
      <input_file id="fl-103">
         <path>/Applications/ti/ccsv8/tools/compiler/ti-cgt-arm_18.1.3.LTS/lib/</path>
         <kind>archive</kind>
         <file>rtsv7M4_T_le_v4SPD16_eabi.lib</file>
         <name>args_main.c.obj</name>
      </input_file>
      <input_file id="fl-104">
         <path>/Applications/ti/ccsv8/tools/compiler/ti-cgt-arm_18.1.3.LTS/lib/</path>
         <kind>archive</kind>
         <file>rtsv7M4_T_le_v4SPD16_eabi.lib</file>
         <name>atoi.c.obj</name>
      </input_file>
      <input_file id="fl-105">
         <path>/Applications/ti/ccsv8/tools/compiler/ti-cgt-arm_18.1.3.LTS/lib/</path>
         <kind>archive</kind>
         <file>rtsv7M4_T_le_v4SPD16_eabi.lib</file>
         <name>ctype.c.obj</name>
      </input_file>
      <input_file id="fl-106">
         <path>/Applications/ti/ccsv8/tools/compiler/ti-cgt-arm_18.1.3.LTS/lib/</path>
         <kind>archive</kind>
         <file>rtsv7M4_T_le_v4SPD16_eabi.lib</file>
         <name>ltoa.c.obj</name>
      </input_file>
      <input_file id="fl-107">
         <path>/Applications/ti/ccsv8/tools/compiler/ti-cgt-arm_18.1.3.LTS/lib/</path>
         <kind>archive</kind>
         <file>rtsv7M4_T_le_v4SPD16_eabi.lib</file>
         <name>memccpy.c.obj</name>
      </input_file>
      <input_file id="fl-108">
         <path>/Applications/ti/ccsv8/tools/compiler/ti-cgt-arm_18.1.3.LTS/lib/</path>
         <kind>archive</kind>
         <file>rtsv7M4_T_le_v4SPD16_eabi.lib</file>
         <name>strchr.c.obj</name>
      </input_file>
      <input_file id="fl-109">
         <path>/Applications/ti/ccsv8/tools/compiler/ti-cgt-arm_18.1.3.LTS/lib/</path>
         <kind>archive</kind>
         <file>rtsv7M4_T_le_v4SPD16_eabi.lib</file>
         <name>strcspn.c.obj</name>
      </input_file>
      <input_file id="fl-10a">
         <path>/Applications/ti/ccsv8/tools/compiler/ti-cgt-arm_18.1.3.LTS/lib/</path>
         <kind>archive</kind>
         <file>rtsv7M4_T_le_v4SPD16_eabi.lib</file>
         <name>strspn.c.obj</name>
      </input_file>
      <input_file id="fl-10b">
         <path>/Applications/ti/ccsv8/tools/compiler/ti-cgt-arm_18.1.3.LTS/lib/</path>
         <kind>archive</kind>
         <file>rtsv7M4_T_le_v4SPD16_eabi.lib</file>
         <name>s_frexp.c.obj</name>
      </input_file>
      <input_file id="fl-10c">
         <path>/Applications/ti/ccsv8/tools/compiler/ti-cgt-arm_18.1.3.LTS/lib/</path>
         <kind>archive</kind>
         <file>rtsv7M4_T_le_v4SPD16_eabi.lib</file>
         <name>s_scalbn.c.obj</name>
      </input_file>
      <input_file id="fl-10d">
         <path>/Applications/ti/ccsv8/tools/compiler/ti-cgt-arm_18.1.3.LTS/lib/</path>
         <kind>archive</kind>
         <file>rtsv7M4_T_le_v4SPD16_eabi.lib</file>
         <name>wcslen.c.obj</name>
      </input_file>
      <input_file id="fl-10e">
         <path>/Applications/ti/ccsv8/tools/compiler/ti-cgt-arm_18.1.3.LTS/lib/</path>
         <kind>archive</kind>
         <file>rtsv7M4_T_le_v4SPD16_eabi.lib</file>
         <name>s_copysign.c.obj</name>
      </input_file>
      <input_file id="fl-10f">
         <path>/Applications/ti/ccsv8/tools/compiler/ti-cgt-arm_18.1.3.LTS/lib/</path>
         <kind>archive</kind>
         <file>rtsv7M4_T_le_v4SPD16_eabi.lib</file>
         <name>ull_div_t2.asm.obj</name>
      </input_file>
      <input_file id="fl-110">
         <path>/Applications/ti/ccsv8/tools/compiler/ti-cgt-arm_18.1.3.LTS/lib/</path>
         <kind>archive</kind>
         <file>rtsv7M4_T_le_v4SPD16_eabi.lib</file>
         <name>fd_add_t2.asm.obj</name>
      </input_file>
      <input_file id="fl-111">
         <path>/Applications/ti/ccsv8/tools/compiler/ti-cgt-arm_18.1.3.LTS/lib/</path>
         <kind>archive</kind>
         <file>rtsv7M4_T_le_v4SPD16_eabi.lib</file>
         <name>fd_cmp_t2.asm.obj</name>
      </input_file>
      <input_file id="fl-112">
         <path>/Applications/ti/ccsv8/tools/compiler/ti-cgt-arm_18.1.3.LTS/lib/</path>
         <kind>archive</kind>
         <file>rtsv7M4_T_le_v4SPD16_eabi.lib</file>
         <name>fd_div_t2.asm.obj</name>
      </input_file>
      <input_file id="fl-113">
         <path>/Applications/ti/ccsv8/tools/compiler/ti-cgt-arm_18.1.3.LTS/lib/</path>
         <kind>archive</kind>
         <file>rtsv7M4_T_le_v4SPD16_eabi.lib</file>
         <name>fd_mul_t2.asm.obj</name>
      </input_file>
      <input_file id="fl-114">
         <path>/Applications/ti/ccsv8/tools/compiler/ti-cgt-arm_18.1.3.LTS/lib/</path>
         <kind>archive</kind>
         <file>rtsv7M4_T_le_v4SPD16_eabi.lib</file>
         <name>fd_toi_t2.asm.obj</name>
      </input_file>
      <input_file id="fl-115">
         <path>/Applications/ti/ccsv8/tools/compiler/ti-cgt-arm_18.1.3.LTS/lib/</path>
         <kind>archive</kind>
         <file>rtsv7M4_T_le_v4SPD16_eabi.lib</file>
         <name>i_tofd_t2.asm.obj</name>
      </input_file>
      <input_file id="fl-116">
         <path>/Applications/ti/ccsv8/tools/compiler/ti-cgt-arm_18.1.3.LTS/lib/</path>
         <kind>archive</kind>
         <file>rtsv7M4_T_le_v4SPD16_eabi.lib</file>
         <name>div0.asm.obj</name>
      </input_file>
   </input_file_list>
   <object_component_list>
      <object_component id="oc-10">
         <name>.intvecs:retain</name>
         <load_address>0x0</load_address>
         <run_address>0x0</run_address>
         <size>0x144</size>
         <input_file_ref idref="fl-3"/>
      </object_component>
      <object_component id="oc-2db">
         <name>.text</name>
         <load_address>0x144</load_address>
         <run_address>0x144</run_address>
         <size>0x1c2c</size>
         <input_file_ref idref="fl-a"/>
      </object_component>
      <object_component id="oc-8f">
         <name>.text</name>
         <load_address>0x1d70</load_address>
         <run_address>0x1d70</run_address>
         <size>0x1a0c</size>
         <input_file_ref idref="fl-19"/>
      </object_component>
      <object_component id="oc-1d4">
         <name>.text</name>
         <load_address>0x377c</load_address>
         <run_address>0x377c</run_address>
         <size>0xe08</size>
         <input_file_ref idref="fl-f"/>
      </object_component>
      <object_component id="oc-96">
         <name>.text</name>
         <load_address>0x4584</load_address>
         <run_address>0x4584</run_address>
         <size>0xd7c</size>
         <input_file_ref idref="fl-20"/>
      </object_component>
      <object_component id="oc-1c2">
         <name>.text</name>
         <load_address>0x5300</load_address>
         <run_address>0x5300</run_address>
         <size>0xca4</size>
         <input_file_ref idref="fl-18"/>
      </object_component>
      <object_component id="oc-2bf">
         <name>.text</name>
         <load_address>0x5fa4</load_address>
         <run_address>0x5fa4</run_address>
         <size>0xc14</size>
         <input_file_ref idref="fl-11"/>
      </object_component>
      <object_component id="oc-2b6">
         <name>.text</name>
         <load_address>0x6bb8</load_address>
         <run_address>0x6bb8</run_address>
         <size>0xb04</size>
         <input_file_ref idref="fl-d"/>
      </object_component>
      <object_component id="oc-327">
         <name>.text:__TI_printfi</name>
         <load_address>0x76bc</load_address>
         <run_address>0x76bc</run_address>
         <size>0xa5e</size>
         <input_file_ref idref="fl-102"/>
      </object_component>
      <object_component id="oc-60e">
         <name>.text</name>
         <load_address>0x811a</load_address>
         <run_address>0x811a</run_address>
         <size>0x2</size>
         <input_file_ref idref="fl-116"/>
      </object_component>
      <object_component id="oc-1c8">
         <name>.text</name>
         <load_address>0x811c</load_address>
         <run_address>0x811c</run_address>
         <size>0xa30</size>
         <input_file_ref idref="fl-35"/>
      </object_component>
      <object_component id="oc-b6">
         <name>.text</name>
         <load_address>0x8b4c</load_address>
         <run_address>0x8b4c</run_address>
         <size>0x838</size>
         <input_file_ref idref="fl-28"/>
      </object_component>
      <object_component id="oc-4f3">
         <name>.text</name>
         <load_address>0x9384</load_address>
         <run_address>0x9384</run_address>
         <size>0x780</size>
         <input_file_ref idref="fl-21"/>
      </object_component>
      <object_component id="oc-196">
         <name>.text</name>
         <load_address>0x9b04</load_address>
         <run_address>0x9b04</run_address>
         <size>0x508</size>
         <input_file_ref idref="fl-2d"/>
      </object_component>
      <object_component id="oc-29b">
         <name>.text</name>
         <load_address>0xa00c</load_address>
         <run_address>0xa00c</run_address>
         <size>0x4f0</size>
         <input_file_ref idref="fl-9"/>
      </object_component>
      <object_component id="oc-10c">
         <name>.text</name>
         <load_address>0xa4fc</load_address>
         <run_address>0xa4fc</run_address>
         <size>0x4a4</size>
         <input_file_ref idref="fl-2"/>
      </object_component>
      <object_component id="oc-1ea">
         <name>.text</name>
         <load_address>0xa9a0</load_address>
         <run_address>0xa9a0</run_address>
         <size>0x448</size>
         <input_file_ref idref="fl-8"/>
      </object_component>
      <object_component id="oc-b0">
         <name>.text</name>
         <load_address>0xade8</load_address>
         <run_address>0xade8</run_address>
         <size>0x3f0</size>
         <input_file_ref idref="fl-26"/>
      </object_component>
      <object_component id="oc-1ce">
         <name>.text</name>
         <load_address>0xb1d8</load_address>
         <run_address>0xb1d8</run_address>
         <size>0x3ec</size>
         <input_file_ref idref="fl-36"/>
      </object_component>
      <object_component id="oc-384">
         <name>.text</name>
         <load_address>0xb5c4</load_address>
         <run_address>0xb5c4</run_address>
         <size>0x3e0</size>
         <input_file_ref idref="fl-7"/>
      </object_component>
      <object_component id="oc-82">
         <name>.text</name>
         <load_address>0xb9a4</load_address>
         <run_address>0xb9a4</run_address>
         <size>0x328</size>
         <input_file_ref idref="fl-4"/>
      </object_component>
      <object_component id="oc-30">
         <name>.text</name>
         <load_address>0xbccc</load_address>
         <run_address>0xbccc</run_address>
         <size>0x288</size>
         <input_file_ref idref="fl-12"/>
      </object_component>
      <object_component id="oc-49e">
         <name>.text:_pconv_a</name>
         <load_address>0xbf54</load_address>
         <run_address>0xbf54</run_address>
         <size>0x270</size>
         <input_file_ref idref="fl-102"/>
      </object_component>
      <object_component id="oc-151">
         <name>.text</name>
         <load_address>0xc1c4</load_address>
         <run_address>0xc1c4</run_address>
         <size>0x244</size>
         <input_file_ref idref="fl-2f"/>
      </object_component>
      <object_component id="oc-48c">
         <name>.text:_pconv_g</name>
         <load_address>0xc408</load_address>
         <run_address>0xc408</run_address>
         <size>0x1d0</size>
         <input_file_ref idref="fl-102"/>
      </object_component>
      <object_component id="oc-3c">
         <name>.text</name>
         <load_address>0xc5d8</load_address>
         <run_address>0xc5d8</run_address>
         <size>0x1cc</size>
         <input_file_ref idref="fl-5"/>
      </object_component>
      <object_component id="oc-595">
         <name>.text</name>
         <load_address>0xc7a4</load_address>
         <run_address>0xc7a4</run_address>
         <size>0x1b6</size>
         <input_file_ref idref="fl-110"/>
      </object_component>
      <object_component id="oc-36">
         <name>.text</name>
         <load_address>0xc95c</load_address>
         <run_address>0xc95c</run_address>
         <size>0x16c</size>
         <input_file_ref idref="fl-6"/>
      </object_component>
      <object_component id="oc-498">
         <name>.text:_pconv_e</name>
         <load_address>0xcac8</load_address>
         <run_address>0xcac8</run_address>
         <size>0x13c</size>
         <input_file_ref idref="fl-102"/>
      </object_component>
      <object_component id="oc-2a1">
         <name>.text</name>
         <load_address>0xcc04</load_address>
         <run_address>0xcc04</run_address>
         <size>0x138</size>
         <input_file_ref idref="fl-e"/>
      </object_component>
      <object_component id="oc-57b">
         <name>.text</name>
         <load_address>0xcd3c</load_address>
         <run_address>0xcd3c</run_address>
         <size>0x136</size>
         <input_file_ref idref="fl-112"/>
      </object_component>
      <object_component id="oc-2ad">
         <name>.text:strtol</name>
         <load_address>0xce74</load_address>
         <run_address>0xce74</run_address>
         <size>0x130</size>
         <input_file_ref idref="fl-fa"/>
      </object_component>
      <object_component id="oc-132">
         <name>.text</name>
         <load_address>0xcfa4</load_address>
         <run_address>0xcfa4</run_address>
         <size>0x12a</size>
         <input_file_ref idref="fl-17"/>
      </object_component>
      <object_component id="oc-5a7">
         <name>.text:fcvt</name>
         <load_address>0xd0d0</load_address>
         <run_address>0xd0d0</run_address>
         <size>0x120</size>
         <input_file_ref idref="fl-102"/>
      </object_component>
      <object_component id="oc-5bb">
         <name>.text:scalbn</name>
         <load_address>0xd1f0</load_address>
         <run_address>0xd1f0</run_address>
         <size>0x110</size>
         <input_file_ref idref="fl-10c"/>
      </object_component>
      <object_component id="oc-576">
         <name>.text</name>
         <load_address>0xd300</load_address>
         <run_address>0xd300</run_address>
         <size>0xfc</size>
         <input_file_ref idref="fl-113"/>
      </object_component>
      <object_component id="oc-190">
         <name>.text</name>
         <load_address>0xd3fc</load_address>
         <run_address>0xd3fc</run_address>
         <size>0xd8</size>
         <input_file_ref idref="fl-34"/>
      </object_component>
      <object_component id="oc-2b">
         <name>.text</name>
         <load_address>0xd4d4</load_address>
         <run_address>0xd4d4</run_address>
         <size>0xd2</size>
         <input_file_ref idref="fl-13"/>
      </object_component>
      <object_component id="oc-12c">
         <name>.text</name>
         <load_address>0xd5a8</load_address>
         <run_address>0xd5a8</run_address>
         <size>0xb4</size>
         <input_file_ref idref="fl-16"/>
      </object_component>
      <object_component id="oc-481">
         <name>.text:_ltostr</name>
         <load_address>0xd65c</load_address>
         <run_address>0xd65c</run_address>
         <size>0xb1</size>
         <input_file_ref idref="fl-102"/>
      </object_component>
      <object_component id="oc-50">
         <name>.text</name>
         <load_address>0xd70e</load_address>
         <run_address>0xd70e</run_address>
         <size>0x9c</size>
         <input_file_ref idref="fl-f2"/>
      </object_component>
      <object_component id="oc-56f">
         <name>.text</name>
         <load_address>0xd7aa</load_address>
         <run_address>0xd7aa</run_address>
         <size>0x96</size>
         <input_file_ref idref="fl-10f"/>
      </object_component>
      <object_component id="oc-487">
         <name>.text:__aeabi_cdcmple</name>
         <load_address>0xd840</load_address>
         <run_address>0xd840</run_address>
         <size>0x86</size>
         <input_file_ref idref="fl-111"/>
      </object_component>
      <object_component id="oc-580">
         <name>.text:__aeabi_cdrcmple</name>
         <load_address>0xd8c6</load_address>
         <run_address>0xd8c6</run_address>
         <size>0x86</size>
         <input_file_ref idref="fl-111"/>
      </object_component>
      <object_component id="oc-100">
         <name>.text</name>
         <load_address>0xd94c</load_address>
         <run_address>0xd94c</run_address>
         <size>0x7a</size>
         <input_file_ref idref="fl-f1"/>
      </object_component>
      <object_component id="oc-5a0">
         <name>.text:_mcpy</name>
         <load_address>0xd9c6</load_address>
         <run_address>0xd9c6</run_address>
         <size>0x6e</size>
         <input_file_ref idref="fl-102"/>
      </object_component>
      <object_component id="oc-13">
         <name>.text:decompress:lzss:__TI_decompress_lzss</name>
         <load_address>0xda34</load_address>
         <run_address>0xda34</run_address>
         <size>0x68</size>
         <input_file_ref idref="fl-f5"/>
      </object_component>
      <object_component id="oc-5b5">
         <name>.text:frexp</name>
         <load_address>0xda9c</load_address>
         <run_address>0xda9c</run_address>
         <size>0x64</size>
         <input_file_ref idref="fl-10b"/>
      </object_component>
      <object_component id="oc-492">
         <name>.text:_pconv_f</name>
         <load_address>0xdb00</load_address>
         <run_address>0xdb00</run_address>
         <size>0x56</size>
         <input_file_ref idref="fl-102"/>
      </object_component>
      <object_component id="oc-58a">
         <name>.text:ltoa</name>
         <load_address>0xdb56</load_address>
         <run_address>0xdb56</run_address>
         <size>0x54</size>
         <input_file_ref idref="fl-106"/>
      </object_component>
      <object_component id="oc-59a">
         <name>.text:_ecpy</name>
         <load_address>0xdbaa</load_address>
         <run_address>0xdbaa</run_address>
         <size>0x52</size>
         <input_file_ref idref="fl-102"/>
      </object_component>
      <object_component id="oc-47b">
         <name>.text:atoi</name>
         <load_address>0xdbfc</load_address>
         <run_address>0xdbfc</run_address>
         <size>0x4c</size>
         <input_file_ref idref="fl-104"/>
      </object_component>
      <object_component id="oc-585">
         <name>.text</name>
         <load_address>0xdc48</load_address>
         <run_address>0xdc48</run_address>
         <size>0x48</size>
         <input_file_ref idref="fl-114"/>
      </object_component>
      <object_component id="oc-202">
         <name>.text:__TI_auto_init_nobinit_nopinit:__TI_auto_init_nobinit_nopinit</name>
         <load_address>0xdc90</load_address>
         <run_address>0xdc90</run_address>
         <size>0x44</size>
         <input_file_ref idref="fl-fd"/>
      </object_component>
      <object_component id="oc-1da">
         <name>.text:sprintf</name>
         <load_address>0xdcd4</load_address>
         <run_address>0xdcd4</run_address>
         <size>0x40</size>
         <input_file_ref idref="fl-f6"/>
      </object_component>
      <object_component id="oc-2a7">
         <name>.text:strtok</name>
         <load_address>0xdd14</load_address>
         <run_address>0xdd14</run_address>
         <size>0x40</size>
         <input_file_ref idref="fl-f9"/>
      </object_component>
      <object_component id="oc-5ad">
         <name>.text:_fcpy</name>
         <load_address>0xdd54</load_address>
         <run_address>0xdd54</run_address>
         <size>0x3e</size>
         <input_file_ref idref="fl-102"/>
      </object_component>
      <object_component id="oc-173">
         <name>.text</name>
         <load_address>0xdd92</load_address>
         <run_address>0xdd92</run_address>
         <size>0x3e</size>
         <input_file_ref idref="fl-1e"/>
      </object_component>
      <object_component id="oc-6e">
         <name>.text:_c_int00_noargs:_c_int00_noargs</name>
         <load_address>0xddd0</load_address>
         <run_address>0xddd0</run_address>
         <size>0x38</size>
         <input_file_ref idref="fl-fc"/>
      </object_component>
      <object_component id="oc-590">
         <name>.text</name>
         <load_address>0xde08</load_address>
         <run_address>0xde08</run_address>
         <size>0x2e</size>
         <input_file_ref idref="fl-115"/>
      </object_component>
      <object_component id="oc-3b0">
         <name>.text:strspn</name>
         <load_address>0xde36</load_address>
         <run_address>0xde36</run_address>
         <size>0x2a</size>
         <input_file_ref idref="fl-10a"/>
      </object_component>
      <object_component id="oc-3b6">
         <name>.text:strcspn</name>
         <load_address>0xde60</load_address>
         <run_address>0xde60</run_address>
         <size>0x24</size>
         <input_file_ref idref="fl-109"/>
      </object_component>
      <object_component id="oc-25">
         <name>.text</name>
         <load_address>0xde84</load_address>
         <run_address>0xde84</run_address>
         <size>0x20</size>
         <input_file_ref idref="fl-3"/>
      </object_component>
      <object_component id="oc-4a4">
         <name>.text:memccpy</name>
         <load_address>0xdea4</load_address>
         <run_address>0xdea4</run_address>
         <size>0x1c</size>
         <input_file_ref idref="fl-107"/>
      </object_component>
      <object_component id="oc-32d">
         <name>.text:_outs</name>
         <load_address>0xdec0</load_address>
         <run_address>0xdec0</run_address>
         <size>0x18</size>
         <input_file_ref idref="fl-f6"/>
      </object_component>
      <object_component id="oc-5c1">
         <name>.text:strchr</name>
         <load_address>0xded8</load_address>
         <run_address>0xded8</run_address>
         <size>0x16</size>
         <input_file_ref idref="fl-108"/>
      </object_component>
      <object_component id="oc-627">
         <name>.text:copysign</name>
         <load_address>0xdeee</load_address>
         <run_address>0xdeee</run_address>
         <size>0x14</size>
         <input_file_ref idref="fl-10e"/>
      </object_component>
      <object_component id="oc-1e0">
         <name>.text:strcpy</name>
         <load_address>0xdf02</load_address>
         <run_address>0xdf02</run_address>
         <size>0x14</size>
         <input_file_ref idref="fl-f7"/>
      </object_component>
      <object_component id="oc-bc">
         <name>.text:strlen</name>
         <load_address>0xdf16</load_address>
         <run_address>0xdf16</run_address>
         <size>0x14</size>
         <input_file_ref idref="fl-f8"/>
      </object_component>
      <object_component id="oc-4aa">
         <name>.text:wcslen</name>
         <load_address>0xdf2a</load_address>
         <run_address>0xdf2a</run_address>
         <size>0x12</size>
         <input_file_ref idref="fl-10d"/>
      </object_component>
      <object_component id="oc-19">
         <name>.text:decompress:none:__TI_decompress_none</name>
         <load_address>0xdf3c</load_address>
         <run_address>0xdf3c</run_address>
         <size>0xe</size>
         <input_file_ref idref="fl-f4"/>
      </object_component>
      <object_component id="oc-62">
         <name>.text:decompress:ZI:__TI_zero_init</name>
         <load_address>0xdf4a</load_address>
         <run_address>0xdf4a</run_address>
         <size>0xc</size>
         <input_file_ref idref="fl-f3"/>
      </object_component>
      <object_component id="oc-333">
         <name>.text:_outc</name>
         <load_address>0xdf56</load_address>
         <run_address>0xdf56</run_address>
         <size>0xa</size>
         <input_file_ref idref="fl-f6"/>
      </object_component>
      <object_component id="oc-3c1">
         <name>.text:__aeabi_errno_addr</name>
         <load_address>0xdf60</load_address>
         <run_address>0xdf60</run_address>
         <size>0x8</size>
         <input_file_ref idref="fl-fb"/>
      </object_component>
      <object_component id="oc-106">
         <name>.text:_system_pre_init</name>
         <load_address>0xdf68</load_address>
         <run_address>0xdf68</run_address>
         <size>0x4</size>
         <input_file_ref idref="fl-fe"/>
      </object_component>
      <object_component id="oc-1f6">
         <name>.text:abort:abort</name>
         <load_address>0xdf6c</load_address>
         <run_address>0xdf6c</run_address>
         <size>0x4</size>
         <input_file_ref idref="fl-100"/>
      </object_component>
      <object_component id="oc-3c7">
         <name>.const:.string:_ctypes_</name>
         <load_address>0xdf70</load_address>
         <run_address>0xdf70</run_address>
         <size>0x101</size>
         <input_file_ref idref="fl-105"/>
      </object_component>
      <object_component id="oc-17f">
         <name>.const:g_pulRegs</name>
         <load_address>0xe074</load_address>
         <run_address>0xe074</run_address>
         <size>0x50</size>
         <input_file_ref idref="fl-26"/>
      </object_component>
      <object_component id="oc-43d">
         <name>.const:OpcodeTranslateTable</name>
         <load_address>0xe0c4</load_address>
         <run_address>0xe0c4</run_address>
         <size>0x3c</size>
         <input_file_ref idref="fl-a"/>
      </object_component>
      <object_component id="oc-446">
         <name>.const:_SlActionLookupTable</name>
         <load_address>0xe100</load_address>
         <run_address>0xe100</run_address>
         <size>0x38</size>
         <input_file_ref idref="fl-a"/>
      </object_component>
      <object_component id="oc-2c5">
         <name>.const:$P$T1$2</name>
         <load_address>0xe138</load_address>
         <run_address>0xe138</run_address>
         <size>0x2c</size>
         <input_file_ref idref="fl-35"/>
      </object_component>
      <object_component id="oc-440">
         <name>.const:RxMsgClassLUT</name>
         <load_address>0xe164</load_address>
         <run_address>0xe164</run_address>
         <size>0x20</size>
         <input_file_ref idref="fl-a"/>
      </object_component>
      <object_component id="oc-17c">
         <name>.const:g_pulPriority</name>
         <load_address>0xe184</load_address>
         <run_address>0xe184</run_address>
         <size>0x20</size>
         <input_file_ref idref="fl-26"/>
      </object_component>
      <object_component id="oc-4f9">
         <name>.const:spiMasterConfig</name>
         <load_address>0xe1a4</load_address>
         <run_address>0xe1a4</run_address>
         <size>0x1c</size>
         <input_file_ref idref="fl-7"/>
      </object_component>
      <object_component id="oc-2c8">
         <name>.const:$P$T2$3</name>
         <load_address>0xe1c0</load_address>
         <run_address>0xe1c0</run_address>
         <size>0x14</size>
         <input_file_ref idref="fl-35"/>
      </object_component>
      <object_component id="oc-2e1">
         <name>.const:.string:_SlPayloadByProtocolLUT</name>
         <load_address>0xe1d4</load_address>
         <run_address>0xe1d4</run_address>
         <size>0x10</size>
         <input_file_ref idref="fl-f"/>
      </object_component>
      <object_component id="oc-2cb">
         <name>.const:$P$T3$4</name>
         <load_address>0xe1e4</load_address>
         <run_address>0xe1e4</run_address>
         <size>0xc</size>
         <input_file_ref idref="fl-35"/>
      </object_component>
      <object_component id="oc-38a">
         <name>.const:StartResponseLUT</name>
         <load_address>0xe1f0</load_address>
         <run_address>0xe1f0</run_address>
         <size>0x8</size>
         <input_file_ref idref="fl-9"/>
      </object_component>
      <object_component id="oc-443">
         <name>.const:g_H2NCnysPattern</name>
         <load_address>0xe1f8</load_address>
         <run_address>0xe1f8</run_address>
         <size>0x8</size>
         <input_file_ref idref="fl-a"/>
      </object_component>
      <object_component id="oc-43a">
         <name>.const:g_H2NSyncPattern</name>
         <load_address>0xe200</load_address>
         <run_address>0xe200</run_address>
         <size>0x8</size>
         <input_file_ref idref="fl-a"/>
      </object_component>
      <object_component id="oc-185">
         <name>.const:g_pulDisRegs</name>
         <load_address>0xe208</load_address>
         <run_address>0xe208</run_address>
         <size>0x8</size>
         <input_file_ref idref="fl-26"/>
      </object_component>
      <object_component id="oc-182">
         <name>.const:g_pulEnRegs</name>
         <load_address>0xe210</load_address>
         <run_address>0xe210</run_address>
         <size>0x8</size>
         <input_file_ref idref="fl-26"/>
      </object_component>
      <object_component id="oc-188">
         <name>.const:g_pulPendRegs</name>
         <load_address>0xe218</load_address>
         <run_address>0xe218</run_address>
         <size>0x8</size>
         <input_file_ref idref="fl-26"/>
      </object_component>
      <object_component id="oc-18b">
         <name>.const:g_pulUnpendRegs</name>
         <load_address>0xe220</load_address>
         <run_address>0xe220</run_address>
         <size>0x8</size>
         <input_file_ref idref="fl-26"/>
      </object_component>
      <object_component id="oc-8c">
         <name>.const</name>
         <load_address>0xe228</load_address>
         <run_address>0xe228</run_address>
         <size>0x8</size>
         <input_file_ref idref="fl-12"/>
      </object_component>
      <object_component id="oc-2bc">
         <name>.const:$P$T0$1</name>
         <load_address>0xe230</load_address>
         <run_address>0xe230</run_address>
         <size>0x4</size>
         <input_file_ref idref="fl-35"/>
      </object_component>
      <object_component id="oc-3e0">
         <name>.const:$P$T0$1</name>
         <load_address>0xe234</load_address>
         <run_address>0xe234</run_address>
         <size>0x4</size>
         <input_file_ref idref="fl-d"/>
      </object_component>
      <object_component id="oc-2ed">
         <name>.const:$P$T0$1</name>
         <load_address>0xe238</load_address>
         <run_address>0xe238</run_address>
         <size>0x4</size>
         <input_file_ref idref="fl-f"/>
      </object_component>
      <object_component id="oc-3f5">
         <name>.const:$P$T0$1</name>
         <load_address>0xe23c</load_address>
         <run_address>0xe23c</run_address>
         <size>0x4</size>
         <input_file_ref idref="fl-11"/>
      </object_component>
      <object_component id="oc-2f0">
         <name>.const:$P$T1$2</name>
         <load_address>0xe240</load_address>
         <run_address>0xe240</run_address>
         <size>0x4</size>
         <input_file_ref idref="fl-f"/>
      </object_component>
      <object_component id="oc-3fe">
         <name>.const:$P$T1$2</name>
         <load_address>0xe244</load_address>
         <run_address>0xe244</run_address>
         <size>0x4</size>
         <input_file_ref idref="fl-11"/>
      </object_component>
      <object_component id="oc-2f6">
         <name>.const:$P$T2$3</name>
         <load_address>0xe248</load_address>
         <run_address>0xe248</run_address>
         <size>0x4</size>
         <input_file_ref idref="fl-f"/>
      </object_component>
      <object_component id="oc-413">
         <name>.const:$P$T2$3</name>
         <load_address>0xe24c</load_address>
         <run_address>0xe24c</run_address>
         <size>0x4</size>
         <input_file_ref idref="fl-11"/>
      </object_component>
      <object_component id="oc-302">
         <name>.const:_SlAcceptCmdCtrl</name>
         <load_address>0xe250</load_address>
         <run_address>0xe250</run_address>
         <size>0x4</size>
         <input_file_ref idref="fl-f"/>
      </object_component>
      <object_component id="oc-396">
         <name>.const:_SlDeviceGetCmdCtrl</name>
         <load_address>0xe254</load_address>
         <run_address>0xe254</run_address>
         <size>0x4</size>
         <input_file_ref idref="fl-9"/>
      </object_component>
      <object_component id="oc-399">
         <name>.const:_SlDeviceSetCmdCtrl</name>
         <load_address>0xe258</load_address>
         <run_address>0xe258</run_address>
         <size>0x4</size>
         <input_file_ref idref="fl-9"/>
      </object_component>
      <object_component id="oc-393">
         <name>.const:_SlEventMaskGetCmdCtrl</name>
         <load_address>0xe25c</load_address>
         <run_address>0xe25c</run_address>
         <size>0x4</size>
         <input_file_ref idref="fl-9"/>
      </object_component>
      <object_component id="oc-390">
         <name>.const:_SlEventMaskSetCmdCtrl</name>
         <load_address>0xe260</load_address>
         <run_address>0xe260</run_address>
         <size>0x4</size>
         <input_file_ref idref="fl-9"/>
      </object_component>
      <object_component id="oc-3dd">
         <name>.const:_SlGetHostByNameCtrl</name>
         <load_address>0xe264</load_address>
         <run_address>0xe264</run_address>
         <size>0x4</size>
         <input_file_ref idref="fl-d"/>
      </object_component>
      <object_component id="oc-3da">
         <name>.const:_SlGetHostByServiceCtrl</name>
         <load_address>0xe268</load_address>
         <run_address>0xe268</run_address>
         <size>0x4</size>
         <input_file_ref idref="fl-d"/>
      </object_component>
      <object_component id="oc-3d4">
         <name>.const:_SlGetServiceListeCtrl</name>
         <load_address>0xe26c</load_address>
         <run_address>0xe26c</run_address>
         <size>0x4</size>
         <input_file_ref idref="fl-d"/>
      </object_component>
      <object_component id="oc-30b">
         <name>.const:_SlGetSockOptCmdCtrl</name>
         <load_address>0xe270</load_address>
         <run_address>0xe270</run_address>
         <size>0x4</size>
         <input_file_ref idref="fl-f"/>
      </object_component>
      <object_component id="oc-2ff">
         <name>.const:_SlListenCmdCtrl</name>
         <load_address>0xe274</load_address>
         <run_address>0xe274</run_address>
         <size>0x4</size>
         <input_file_ref idref="fl-f"/>
      </object_component>
      <object_component id="oc-3e9">
         <name>.const:_SlNetAppGetCmdCtrl</name>
         <load_address>0xe278</load_address>
         <run_address>0xe278</run_address>
         <size>0x4</size>
         <input_file_ref idref="fl-d"/>
      </object_component>
      <object_component id="oc-3e6">
         <name>.const:_SlNetAppSendTokenValueCmdCtrl</name>
         <load_address>0xe27c</load_address>
         <run_address>0xe27c</run_address>
         <size>0x4</size>
         <input_file_ref idref="fl-d"/>
      </object_component>
      <object_component id="oc-3e3">
         <name>.const:_SlNetAppSetCmdCtrl</name>
         <load_address>0xe280</load_address>
         <run_address>0xe280</run_address>
         <size>0x4</size>
         <input_file_ref idref="fl-d"/>
      </object_component>
      <object_component id="oc-3ce">
         <name>.const:_SlNetAppStartCtrl</name>
         <load_address>0xe284</load_address>
         <run_address>0xe284</run_address>
         <size>0x4</size>
         <input_file_ref idref="fl-d"/>
      </object_component>
      <object_component id="oc-3d1">
         <name>.const:_SlNetAppStopCtrl</name>
         <load_address>0xe288</load_address>
         <run_address>0xe288</run_address>
         <size>0x4</size>
         <input_file_ref idref="fl-d"/>
      </object_component>
      <object_component id="oc-3a6">
         <name>.const:_SlNetCfgGetCmdCtrl</name>
         <load_address>0xe28c</load_address>
         <run_address>0xe28c</run_address>
         <size>0x4</size>
         <input_file_ref idref="fl-e"/>
      </object_component>
      <object_component id="oc-3a3">
         <name>.const:_SlNetCfgSetCmdCtrl</name>
         <load_address>0xe290</load_address>
         <run_address>0xe290</run_address>
         <size>0x4</size>
         <input_file_ref idref="fl-e"/>
      </object_component>
      <object_component id="oc-3fb">
         <name>.const:_SlPolicyGetCmdCtrl</name>
         <load_address>0xe294</load_address>
         <run_address>0xe294</run_address>
         <size>0x4</size>
         <input_file_ref idref="fl-11"/>
      </object_component>
      <object_component id="oc-3f8">
         <name>.const:_SlPolicySetCmdCtrl</name>
         <load_address>0xe298</load_address>
         <run_address>0xe298</run_address>
         <size>0x4</size>
         <input_file_ref idref="fl-11"/>
      </object_component>
      <object_component id="oc-404">
         <name>.const:_SlProfileDelCmdCtrl</name>
         <load_address>0xe29c</load_address>
         <run_address>0xe29c</run_address>
         <size>0x4</size>
         <input_file_ref idref="fl-11"/>
      </object_component>
      <object_component id="oc-401">
         <name>.const:_SlProfileGetCmdCtrl</name>
         <load_address>0xe2a0</load_address>
         <run_address>0xe2a0</run_address>
         <size>0x4</size>
         <input_file_ref idref="fl-11"/>
      </object_component>
      <object_component id="oc-305">
         <name>.const:_SlRecvCmdCtrl</name>
         <load_address>0xe2a4</load_address>
         <run_address>0xe2a4</run_address>
         <size>0x4</size>
         <input_file_ref idref="fl-f"/>
      </object_component>
      <object_component id="oc-2f3">
         <name>.const:_SlRecvfomCmdCtrl</name>
         <load_address>0xe2a8</load_address>
         <run_address>0xe2a8</run_address>
         <size>0x4</size>
         <input_file_ref idref="fl-f"/>
      </object_component>
      <object_component id="oc-3d7">
         <name>.const:_SlRegisterServiceCtrl</name>
         <load_address>0xe2ac</load_address>
         <run_address>0xe2ac</run_address>
         <size>0x4</size>
         <input_file_ref idref="fl-d"/>
      </object_component>
      <object_component id="oc-40a">
         <name>.const:_SlRxFilterAddtCmdCtrl</name>
         <load_address>0xe2b0</load_address>
         <run_address>0xe2b0</run_address>
         <size>0x4</size>
         <input_file_ref idref="fl-11"/>
      </object_component>
      <object_component id="oc-410">
         <name>.const:_SlRxFilterGetCmdCtrl</name>
         <load_address>0xe2b4</load_address>
         <run_address>0xe2b4</run_address>
         <size>0x4</size>
         <input_file_ref idref="fl-11"/>
      </object_component>
      <object_component id="oc-40d">
         <name>.const:_SlRxFilterSetCmdCtrl</name>
         <load_address>0xe2b8</load_address>
         <run_address>0xe2b8</run_address>
         <size>0x4</size>
         <input_file_ref idref="fl-11"/>
      </object_component>
      <object_component id="oc-30e">
         <name>.const:_SlSelectCmdCtrl</name>
         <load_address>0xe2bc</load_address>
         <run_address>0xe2bc</run_address>
         <size>0x4</size>
         <input_file_ref idref="fl-f"/>
      </object_component>
      <object_component id="oc-2fc">
         <name>.const:_SlSendCmdCtrl</name>
         <load_address>0xe2c0</load_address>
         <run_address>0xe2c0</run_address>
         <size>0x4</size>
         <input_file_ref idref="fl-f"/>
      </object_component>
      <object_component id="oc-308">
         <name>.const:_SlSetSockOptCmdCtrl</name>
         <load_address>0xe2c4</load_address>
         <run_address>0xe2c4</run_address>
         <size>0x4</size>
         <input_file_ref idref="fl-f"/>
      </object_component>
      <object_component id="oc-416">
         <name>.const:_SlSmartConfigStartCmdCtrl</name>
         <load_address>0xe2c8</load_address>
         <run_address>0xe2c8</run_address>
         <size>0x4</size>
         <input_file_ref idref="fl-11"/>
      </object_component>
      <object_component id="oc-2ea">
         <name>.const:_SlSockCloseCmdCtrl</name>
         <load_address>0xe2cc</load_address>
         <run_address>0xe2cc</run_address>
         <size>0x4</size>
         <input_file_ref idref="fl-f"/>
      </object_component>
      <object_component id="oc-2e4">
         <name>.const:_SlSockSocketCmdCtrl</name>
         <load_address>0xe2d0</load_address>
         <run_address>0xe2d0</run_address>
         <size>0x4</size>
         <input_file_ref idref="fl-f"/>
      </object_component>
      <object_component id="oc-38d">
         <name>.const:_SlStopCmdCtrl</name>
         <load_address>0xe2d4</load_address>
         <run_address>0xe2d4</run_address>
         <size>0x4</size>
         <input_file_ref idref="fl-9"/>
      </object_component>
      <object_component id="oc-41f">
         <name>.const:_SlWlanCfgGetCmdCtrl</name>
         <load_address>0xe2d8</load_address>
         <run_address>0xe2d8</run_address>
         <size>0x4</size>
         <input_file_ref idref="fl-11"/>
      </object_component>
      <object_component id="oc-41c">
         <name>.const:_SlWlanCfgSetCmdCtrl</name>
         <load_address>0xe2dc</load_address>
         <run_address>0xe2dc</run_address>
         <size>0x4</size>
         <input_file_ref idref="fl-11"/>
      </object_component>
      <object_component id="oc-407">
         <name>.const:_SlWlanGetNetworkListCtrl</name>
         <load_address>0xe2e0</load_address>
         <run_address>0xe2e0</run_address>
         <size>0x4</size>
         <input_file_ref idref="fl-11"/>
      </object_component>
      <object_component id="oc-419">
         <name>.const:_SlWlanSetModeCmdCtrl</name>
         <load_address>0xe2e4</load_address>
         <run_address>0xe2e4</run_address>
         <size>0x4</size>
         <input_file_ref idref="fl-11"/>
      </object_component>
      <object_component id="oc-681">
         <name>.cinit..data.load</name>
         <load_address>0xe2e8</load_address>
         <run_address>0xe2e8</run_address>
         <size>0x1c</size>
      </object_component>
      <object_component id="oc-67e">
         <name>__TI_handler_table</name>
         <load_address>0xe304</load_address>
         <run_address>0xe304</run_address>
         <size>0xc</size>
      </object_component>
      <object_component id="oc-682">
         <name>.cinit..bss.load</name>
         <load_address>0xe310</load_address>
         <run_address>0xe310</run_address>
         <size>0x8</size>
      </object_component>
      <object_component id="oc-680">
         <name>.cinit..vtable.load</name>
         <load_address>0xe318</load_address>
         <run_address>0xe318</run_address>
         <size>0x8</size>
      </object_component>
      <object_component id="oc-67f">
         <name>__TI_cinit_table</name>
         <load_address>0xe320</load_address>
         <run_address>0xe320</run_address>
         <size>0x18</size>
      </object_component>
      <object_component id="oc-179">
         <name>.vtable</name>
         <uninitialized>true</uninitialized>
         <run_address>0x20000000</run_address>
         <size>0xe4</size>
         <input_file_ref idref="fl-26"/>
      </object_component>
      <object_component id="oc-1e7">
         <name>.data</name>
         <load_address>0x2000013a</load_address>
         <run_address>0x2000013a</run_address>
         <size>0x2</size>
         <input_file_ref idref="fl-2"/>
      </object_component>
      <object_component id="oc-11e">
         <name>.data</name>
         <load_address>0x20000154</load_address>
         <run_address>0x20000154</run_address>
         <size>0x4</size>
         <input_file_ref idref="fl-4"/>
      </object_component>
      <object_component id="oc-ce">
         <name>.data</name>
         <load_address>0x20000144</load_address>
         <run_address>0x20000144</run_address>
         <size>0x4</size>
         <input_file_ref idref="fl-5"/>
      </object_component>
      <object_component id="oc-c2">
         <name>.data</name>
         <load_address>0x20000148</load_address>
         <run_address>0x20000148</run_address>
         <size>0x4</size>
         <input_file_ref idref="fl-6"/>
      </object_component>
      <object_component id="oc-344">
         <name>.data</name>
         <load_address>0x20000118</load_address>
         <run_address>0x20000118</run_address>
         <size>0xc</size>
         <input_file_ref idref="fl-8"/>
      </object_component>
      <object_component id="oc-2f9">
         <name>.data</name>
         <load_address>0x20000130</load_address>
         <run_address>0x20000130</run_address>
         <size>0x9</size>
         <input_file_ref idref="fl-a"/>
      </object_component>
      <object_component id="oc-9c">
         <name>.data</name>
         <load_address>0x20000124</load_address>
         <run_address>0x20000124</run_address>
         <size>0xc</size>
         <input_file_ref idref="fl-12"/>
      </object_component>
      <object_component id="oc-247">
         <name>.data</name>
         <load_address>0x2000013c</load_address>
         <run_address>0x2000013c</run_address>
         <size>0x8</size>
         <input_file_ref idref="fl-16"/>
      </object_component>
      <object_component id="oc-89">
         <name>.data</name>
         <load_address>0x200000e4</load_address>
         <run_address>0x200000e4</run_address>
         <size>0x34</size>
         <input_file_ref idref="fl-19"/>
      </object_component>
      <object_component id="oc-3bc">
         <name>.data</name>
         <load_address>0x20000150</load_address>
         <run_address>0x20000150</run_address>
         <size>0x4</size>
         <input_file_ref idref="fl-f9"/>
      </object_component>
      <object_component id="oc-51c">
         <name>.data</name>
         <load_address>0x2000014c</load_address>
         <run_address>0x2000014c</run_address>
         <size>0x4</size>
         <input_file_ref idref="fl-fb"/>
      </object_component>
      <object_component id="oc-436">
         <name>.bss:g_StatMem</name>
         <uninitialized>true</uninitialized>
         <run_address>0x2000c600</run_address>
         <size>0x178</size>
         <input_file_ref idref="fl-a"/>
      </object_component>
      <object_component id="oc-24a">
         <name>.bss:ucHeap</name>
         <uninitialized>true</uninitialized>
         <run_address>0x20000400</run_address>
         <size>0xc000</size>
         <input_file_ref idref="fl-16"/>
      </object_component>
      <object_component id="oc-138">
         <name>.bss:pxReadyTasksLists</name>
         <uninitialized>true</uninitialized>
         <run_address>0x2000c778</run_address>
         <size>0x8c</size>
         <input_file_ref idref="fl-19"/>
      </object_component>
      <object_component id="oc-147">
         <name>.bss:xDelayedTaskList1</name>
         <uninitialized>true</uninitialized>
         <run_address>0x2000c804</run_address>
         <size>0x14</size>
         <input_file_ref idref="fl-19"/>
      </object_component>
      <object_component id="oc-14a">
         <name>.bss:xDelayedTaskList2</name>
         <uninitialized>true</uninitialized>
         <run_address>0x2000c818</run_address>
         <size>0x14</size>
         <input_file_ref idref="fl-19"/>
      </object_component>
      <object_component id="oc-13e">
         <name>.bss</name>
         <uninitialized>true</uninitialized>
         <run_address>0x2000c870</run_address>
         <size>0x8</size>
         <input_file_ref idref="fl-19"/>
      </object_component>
      <object_component id="oc-144">
         <name>.bss:xPendingReadyList</name>
         <uninitialized>true</uninitialized>
         <run_address>0x2000c82c</run_address>
         <size>0x14</size>
         <input_file_ref idref="fl-19"/>
      </object_component>
      <object_component id="oc-13b">
         <name>.bss:xTasksWaitingTermination</name>
         <uninitialized>true</uninitialized>
         <run_address>0x2000c854</run_address>
         <size>0x14</size>
         <input_file_ref idref="fl-19"/>
      </object_component>
      <object_component id="oc-141">
         <name>.bss:xSuspendedTaskList</name>
         <uninitialized>true</uninitialized>
         <run_address>0x2000c840</run_address>
         <size>0x14</size>
         <input_file_ref idref="fl-19"/>
      </object_component>
      <object_component id="oc-14e">
         <name>.bss</name>
         <uninitialized>true</uninitialized>
         <run_address>0x2000c868</run_address>
         <size>0x8</size>
         <input_file_ref idref="fl-20"/>
      </object_component>
      <object_component id="oc-2b3">
         <name>.bss</name>
         <uninitialized>true</uninitialized>
         <run_address>0x2000c878</run_address>
         <size>0x4</size>
         <input_file_ref idref="fl-35"/>
      </object_component>
      <object_component id="oc-1e6">
         <name>.common:mutSOCKET</name>
         <uninitialized>true</uninitialized>
         <run_address>0x2000c880</run_address>
         <size>0x4</size>
      </object_component>
      <object_component id="oc-d1">
         <name>.common:IntIsMasked</name>
         <uninitialized>true</uninitialized>
         <run_address>0x2000c884</run_address>
         <size>0x1</size>
      </object_component>
      <object_component id="oc-c5">
         <name>.common:g_ucUARTBuffer</name>
         <uninitialized>true</uninitialized>
         <run_address>0x2000c87c</run_address>
         <size>0x4</size>
      </object_component>
      <object_component id="oc-4fc">
         <name>.common:MSP_EXP432P401RLP_DMAControlTable1</name>
         <uninitialized>true</uninitialized>
         <run_address>0x2000c400</run_address>
         <size>0x200</size>
      </object_component>
      <object_component id="oc-439">
         <name>.common:RxIrqCnt</name>
         <uninitialized>true</uninitialized>
         <run_address>0x2000c885</run_address>
         <size>0x1</size>
      </object_component>
      <object_component id="oc-2e7">
         <name>.common:g_bDeviceRestartIsRequired</name>
         <uninitialized>true</uninitialized>
         <run_address>0x2000c886</run_address>
         <size>0x1</size>
      </object_component>
      <object_component id="oc-22">
         <name>.stack</name>
         <uninitialized>true</uninitialized>
         <run_address>0x2000fe00</run_address>
         <size>0x4</size>
         <input_file_ref idref="fl-fc"/>
      </object_component>
      <object_component id="oc-683">
         <name>.stack</name>
         <uninitialized>true</uninitialized>
         <run_address>0x2000fe00</run_address>
         <size>0x0</size>
      </object_component>
      <object_component id="oc-16c">
         <name>.debug_info</name>
         <load_address>0x0</load_address>
         <run_address>0x0</run_address>
         <size>0xd9e</size>
         <input_file_ref idref="fl-2"/>
      </object_component>
      <object_component id="oc-1e8">
         <name>.debug_info</name>
         <load_address>0xd9e</load_address>
         <run_address>0xd9e</run_address>
         <size>0xed</size>
         <input_file_ref idref="fl-2"/>
      </object_component>
      <object_component id="oc-10d">
         <name>.debug_info</name>
         <load_address>0xe8b</load_address>
         <run_address>0xe8b</run_address>
         <size>0x746</size>
         <input_file_ref idref="fl-2"/>
      </object_component>
      <object_component id="oc-2d0">
         <name>.debug_info</name>
         <load_address>0x15d1</load_address>
         <run_address>0x15d1</run_address>
         <size>0x46a</size>
         <input_file_ref idref="fl-2"/>
      </object_component>
      <object_component id="oc-125">
         <name>.debug_info</name>
         <load_address>0x1a3b</load_address>
         <run_address>0x1a3b</run_address>
         <size>0x30c</size>
         <input_file_ref idref="fl-2"/>
      </object_component>
      <object_component id="oc-d5">
         <name>.debug_info</name>
         <load_address>0x1d47</load_address>
         <run_address>0x1d47</run_address>
         <size>0x13e</size>
         <input_file_ref idref="fl-2"/>
      </object_component>
      <object_component id="oc-318">
         <name>.debug_info</name>
         <load_address>0x1e85</load_address>
         <run_address>0x1e85</run_address>
         <size>0x92</size>
         <input_file_ref idref="fl-2"/>
      </object_component>
      <object_component id="oc-643">
         <name>.debug_info</name>
         <load_address>0x1f17</load_address>
         <run_address>0x1f17</run_address>
         <size>0x164</size>
         <input_file_ref idref="fl-2"/>
      </object_component>
      <object_component id="oc-1f1">
         <name>.debug_info</name>
         <load_address>0x207b</load_address>
         <run_address>0x207b</run_address>
         <size>0x87f</size>
         <input_file_ref idref="fl-2"/>
      </object_component>
      <object_component id="oc-1ad">
         <name>.debug_info</name>
         <load_address>0x28fa</load_address>
         <run_address>0x28fa</run_address>
         <size>0x611</size>
         <input_file_ref idref="fl-2"/>
      </object_component>
      <object_component id="oc-2d5">
         <name>.debug_info</name>
         <load_address>0x2f0b</load_address>
         <run_address>0x2f0b</run_address>
         <size>0x93f</size>
         <input_file_ref idref="fl-2"/>
      </object_component>
      <object_component id="oc-238">
         <name>.debug_info</name>
         <load_address>0x384a</load_address>
         <run_address>0x384a</run_address>
         <size>0x110</size>
         <input_file_ref idref="fl-2"/>
      </object_component>
      <object_component id="oc-e6">
         <name>.debug_info</name>
         <load_address>0x395a</load_address>
         <run_address>0x395a</run_address>
         <size>0x26b</size>
         <input_file_ref idref="fl-2"/>
      </object_component>
      <object_component id="oc-e1">
         <name>.debug_info</name>
         <load_address>0x3bc5</load_address>
         <run_address>0x3bc5</run_address>
         <size>0x103e</size>
         <input_file_ref idref="fl-2"/>
      </object_component>
      <object_component id="oc-dc">
         <name>.debug_info</name>
         <load_address>0x4c03</load_address>
         <run_address>0x4c03</run_address>
         <size>0x37e2</size>
         <input_file_ref idref="fl-2"/>
      </object_component>
      <object_component id="oc-265">
         <name>.debug_info</name>
         <load_address>0x83e5</load_address>
         <run_address>0x83e5</run_address>
         <size>0x1b5</size>
         <input_file_ref idref="fl-2"/>
      </object_component>
      <object_component id="oc-271">
         <name>.debug_info</name>
         <load_address>0x859a</load_address>
         <run_address>0x859a</run_address>
         <size>0xe4</size>
         <input_file_ref idref="fl-2"/>
      </object_component>
      <object_component id="oc-167">
         <name>.debug_info</name>
         <load_address>0x867e</load_address>
         <run_address>0x867e</run_address>
         <size>0x3cd</size>
         <input_file_ref idref="fl-2"/>
      </object_component>
      <object_component id="oc-1b2">
         <name>.debug_info</name>
         <load_address>0x8a4b</load_address>
         <run_address>0x8a4b</run_address>
         <size>0x6c8</size>
         <input_file_ref idref="fl-2"/>
      </object_component>
      <object_component id="oc-5f7">
         <name>.debug_info</name>
         <load_address>0x9113</load_address>
         <run_address>0x9113</run_address>
         <size>0x8a</size>
         <input_file_ref idref="fl-2"/>
      </object_component>
      <object_component id="oc-290">
         <name>.debug_info</name>
         <load_address>0x919d</load_address>
         <run_address>0x919d</run_address>
         <size>0xc6</size>
         <input_file_ref idref="fl-2"/>
      </object_component>
      <object_component id="oc-c9">
         <name>.debug_info</name>
         <load_address>0x9263</load_address>
         <run_address>0x9263</run_address>
         <size>0x8b</size>
         <input_file_ref idref="fl-2"/>
      </object_component>
      <object_component id="oc-276">
         <name>.debug_info</name>
         <load_address>0x92ee</load_address>
         <run_address>0x92ee</run_address>
         <size>0x46</size>
         <input_file_ref idref="fl-2"/>
      </object_component>
      <object_component id="oc-26c">
         <name>.debug_info</name>
         <load_address>0x9334</load_address>
         <run_address>0x9334</run_address>
         <size>0x2c</size>
         <input_file_ref idref="fl-2"/>
      </object_component>
      <object_component id="oc-a1">
         <name>.debug_info</name>
         <load_address>0x9360</load_address>
         <run_address>0x9360</run_address>
         <size>0x2c</size>
         <input_file_ref idref="fl-2"/>
      </object_component>
      <object_component id="oc-16e">
         <name>.debug_info</name>
         <load_address>0x938c</load_address>
         <run_address>0x938c</run_address>
         <size>0x297</size>
         <input_file_ref idref="fl-2"/>
      </object_component>
      <object_component id="oc-158">
         <name>.debug_info</name>
         <load_address>0x9623</load_address>
         <run_address>0x9623</run_address>
         <size>0xef</size>
         <input_file_ref idref="fl-2"/>
      </object_component>
      <object_component id="oc-ab">
         <name>.debug_info</name>
         <load_address>0x9712</load_address>
         <run_address>0x9712</run_address>
         <size>0xbb</size>
         <input_file_ref idref="fl-2"/>
      </object_component>
      <object_component id="oc-455">
         <name>.debug_info</name>
         <load_address>0x97cd</load_address>
         <run_address>0x97cd</run_address>
         <size>0x2c</size>
         <input_file_ref idref="fl-2"/>
      </object_component>
      <object_component id="oc-a6">
         <name>.debug_info</name>
         <load_address>0x97f9</load_address>
         <run_address>0x97f9</run_address>
         <size>0x53</size>
         <input_file_ref idref="fl-2"/>
      </object_component>
      <object_component id="oc-33b">
         <name>.debug_info</name>
         <load_address>0x984c</load_address>
         <run_address>0x984c</run_address>
         <size>0x2c</size>
         <input_file_ref idref="fl-2"/>
      </object_component>
      <object_component id="oc-5fc">
         <name>.debug_info</name>
         <load_address>0x9878</load_address>
         <run_address>0x9878</run_address>
         <size>0x131</size>
         <input_file_ref idref="fl-2"/>
      </object_component>
      <object_component id="oc-162">
         <name>.debug_info</name>
         <load_address>0x99a9</load_address>
         <run_address>0x99a9</run_address>
         <size>0x14c</size>
         <input_file_ref idref="fl-2"/>
      </object_component>
      <object_component id="oc-44">
         <name>.debug_info</name>
         <load_address>0x9af5</load_address>
         <run_address>0x9af5</run_address>
         <size>0x689</size>
         <input_file_ref idref="fl-3"/>
      </object_component>
      <object_component id="oc-11">
         <name>.debug_info</name>
         <load_address>0xa17e</load_address>
         <run_address>0xa17e</run_address>
         <size>0x109</size>
         <input_file_ref idref="fl-3"/>
      </object_component>
      <object_component id="oc-26">
         <name>.debug_info</name>
         <load_address>0xa287</load_address>
         <run_address>0xa287</run_address>
         <size>0x249</size>
         <input_file_ref idref="fl-3"/>
      </object_component>
      <object_component id="oc-4b">
         <name>.debug_info</name>
         <load_address>0xa4d0</load_address>
         <run_address>0xa4d0</run_address>
         <size>0x84</size>
         <input_file_ref idref="fl-3"/>
      </object_component>
      <object_component id="oc-11f">
         <name>.debug_info</name>
         <load_address>0xa554</load_address>
         <run_address>0xa554</run_address>
         <size>0x107</size>
         <input_file_ref idref="fl-4"/>
      </object_component>
      <object_component id="oc-83">
         <name>.debug_info</name>
         <load_address>0xa65b</load_address>
         <run_address>0xa65b</run_address>
         <size>0x279</size>
         <input_file_ref idref="fl-4"/>
      </object_component>
      <object_component id="oc-d2">
         <name>.debug_info</name>
         <load_address>0xa8d4</load_address>
         <run_address>0xa8d4</run_address>
         <size>0x8ea</size>
         <input_file_ref idref="fl-5"/>
      </object_component>
      <object_component id="oc-cf">
         <name>.debug_info</name>
         <load_address>0xb1be</load_address>
         <run_address>0xb1be</run_address>
         <size>0x14a</size>
         <input_file_ref idref="fl-5"/>
      </object_component>
      <object_component id="oc-3d">
         <name>.debug_info</name>
         <load_address>0xb308</load_address>
         <run_address>0xb308</run_address>
         <size>0xea2</size>
         <input_file_ref idref="fl-5"/>
      </object_component>
      <object_component id="oc-19f">
         <name>.debug_info</name>
         <load_address>0xc1aa</load_address>
         <run_address>0xc1aa</run_address>
         <size>0x2c</size>
         <input_file_ref idref="fl-5"/>
      </object_component>
      <object_component id="oc-c6">
         <name>.debug_info</name>
         <load_address>0xc1d6</load_address>
         <run_address>0xc1d6</run_address>
         <size>0x6e8</size>
         <input_file_ref idref="fl-6"/>
      </object_component>
      <object_component id="oc-c3">
         <name>.debug_info</name>
         <load_address>0xc8be</load_address>
         <run_address>0xc8be</run_address>
         <size>0x145</size>
         <input_file_ref idref="fl-6"/>
      </object_component>
      <object_component id="oc-37">
         <name>.debug_info</name>
         <load_address>0xca03</load_address>
         <run_address>0xca03</run_address>
         <size>0x5f4</size>
         <input_file_ref idref="fl-6"/>
      </object_component>
      <object_component id="oc-4fd">
         <name>.debug_info</name>
         <load_address>0xcff7</load_address>
         <run_address>0xcff7</run_address>
         <size>0x9fc</size>
         <input_file_ref idref="fl-7"/>
      </object_component>
      <object_component id="oc-4fa">
         <name>.debug_info</name>
         <load_address>0xd9f3</load_address>
         <run_address>0xd9f3</run_address>
         <size>0x14c</size>
         <input_file_ref idref="fl-7"/>
      </object_component>
      <object_component id="oc-385">
         <name>.debug_info</name>
         <load_address>0xdb3f</load_address>
         <run_address>0xdb3f</run_address>
         <size>0xd04</size>
         <input_file_ref idref="fl-7"/>
      </object_component>
      <object_component id="oc-348">
         <name>.debug_info</name>
         <load_address>0xe843</load_address>
         <run_address>0xe843</run_address>
         <size>0xab4</size>
         <input_file_ref idref="fl-8"/>
      </object_component>
      <object_component id="oc-345">
         <name>.debug_info</name>
         <load_address>0xf2f7</load_address>
         <run_address>0xf2f7</run_address>
         <size>0x1dd</size>
         <input_file_ref idref="fl-8"/>
      </object_component>
      <object_component id="oc-1eb">
         <name>.debug_info</name>
         <load_address>0xf4d4</load_address>
         <run_address>0xf4d4</run_address>
         <size>0x2cbb</size>
         <input_file_ref idref="fl-8"/>
      </object_component>
      <object_component id="oc-349">
         <name>.debug_info</name>
         <load_address>0x1218f</load_address>
         <run_address>0x1218f</run_address>
         <size>0xcc</size>
         <input_file_ref idref="fl-8"/>
      </object_component>
      <object_component id="oc-39d">
         <name>.debug_info</name>
         <load_address>0x1225b</load_address>
         <run_address>0x1225b</run_address>
         <size>0xe60</size>
         <input_file_ref idref="fl-9"/>
      </object_component>
      <object_component id="oc-38b">
         <name>.debug_info</name>
         <load_address>0x130bb</load_address>
         <run_address>0x130bb</run_address>
         <size>0x156</size>
[...]
      </symbol>
      <symbol id="sm-10c5">
         <name>SysCtl_getNMISourceStatus</name>
         <value>0xc26f</value>
         <object_component_ref idref="oc-151"/>
      </symbol>
      <symbol id="sm-10c6">
         <name>SysCtl_enableNMISource</name>
         <value>0xc25b</value>
         <object_component_ref idref="oc-151"/>
      </symbol>
      <symbol id="sm-10c7">
         <name>SysCtl_disableSRAMBank</name>
         <value>0xc291</value>
         <object_component_ref idref="oc-151"/>
      </symbol>
      <symbol id="sm-10c8">
         <name>SysCtl_disableGlitchFilter</name>
         <value>0xc3b7</value>
         <object_component_ref idref="oc-151"/>
      </symbol>
      <symbol id="sm-10c9">
         <name>SysCtl_disableNMISource</name>
         <value>0xc247</value>
         <object_component_ref idref="oc-151"/>
      </symbol>
      <symbol id="sm-10ca">
         <name>SysCtl_setWDTPasswordViolationResetType</name>
         <value>0xc387</value>
         <object_component_ref idref="oc-151"/>
      </symbol>
      <symbol id="sm-10cb">
         <name>SysCtl_rebootDevice</name>
         <value>0xc331</value>
         <object_component_ref idref="oc-151"/>
      </symbol>
      <symbol id="sm-10cc">
         <name>SysCtl_getFlashSize</name>
         <value>0xc241</value>
         <object_component_ref idref="oc-151"/>
      </symbol>
      <symbol id="sm-10cd">
         <name>SysCtl_getTLVInfo</name>
         <value>0xc1c5</value>
         <object_component_ref idref="oc-151"/>
      </symbol>
      <symbol id="sm-10ce">
         <name>SysCtl_enableGlitchFilter</name>
         <value>0xc3ab</value>
         <object_component_ref idref="oc-151"/>
      </symbol>
      <symbol id="sm-10cf">
         <name>SysCtl_enableSRAMBankRetention</name>
         <value>0xc2f9</value>
         <object_component_ref idref="oc-151"/>
      </symbol>
      <symbol id="sm-10ea">
         <name>WDT_A_setTimeoutReset</name>
         <value>0xd4a1</value>
         <object_component_ref idref="oc-190"/>
      </symbol>
      <symbol id="sm-10eb">
         <name>WDT_A_registerInterrupt</name>
         <value>0xd4ad</value>
         <object_component_ref idref="oc-190"/>
      </symbol>
      <symbol id="sm-10ec">
         <name>WDT_A_setPasswordViolationReset</name>
         <value>0xd495</value>
         <object_component_ref idref="oc-190"/>
      </symbol>
      <symbol id="sm-10ed">
         <name>WDT_A_initIntervalTimer</name>
         <value>0xd479</value>
         <object_component_ref idref="oc-190"/>
      </symbol>
      <symbol id="sm-10ee">
         <name>WDT_A_clearTimer</name>
         <value>0xd43d</value>
         <object_component_ref idref="oc-190"/>
      </symbol>
      <symbol id="sm-10ef">
         <name>WDT_A_holdTimer</name>
         <value>0xd3fd</value>
         <object_component_ref idref="oc-190"/>
      </symbol>
      <symbol id="sm-10f0">
         <name>WDT_A_initWatchdogTimer</name>
         <value>0xd45d</value>
         <object_component_ref idref="oc-190"/>
      </symbol>
      <symbol id="sm-10f1">
         <name>WDT_A_startTimer</name>
         <value>0xd41d</value>
         <object_component_ref idref="oc-190"/>
      </symbol>
      <symbol id="sm-10f2">
         <name>WDT_A_unregisterInterrupt</name>
         <value>0xd4c1</value>
         <object_component_ref idref="oc-190"/>
      </symbol>
      <symbol id="sm-11aa">
         <name>wifi_wakeup</name>
         <value>0x81bf</value>
         <object_component_ref idref="oc-1c8"/>
      </symbol>
      <symbol id="sm-11ab">
         <name>wifi_client_close</name>
         <value>0x8537</value>
         <object_component_ref idref="oc-1c8"/>
      </symbol>
      <symbol id="sm-11ac">
         <name>wifi_get_host_by_name</name>
         <value>0x8553</value>
         <object_component_ref idref="oc-1c8"/>
      </symbol>
      <symbol id="sm-11ad">
         <name>wifi_tcp_client_open</name>
         <value>0x8285</value>
         <object_component_ref idref="oc-1c8"/>
      </symbol>
      <symbol id="sm-11ae">
         <name>wifi_udp_client_open</name>
         <value>0x8377</value>
         <object_component_ref idref="oc-1c8"/>
      </symbol>
      <symbol id="sm-11af">
         <name>wifi_init</name>
         <value>0x811d</value>
         <object_component_ref idref="oc-1c8"/>
      </symbol>
      <symbol id="sm-11b0">
         <name>wifi_restore</name>
         <value>0x8179</value>
         <object_component_ref idref="oc-1c8"/>
      </symbol>
      <symbol id="sm-11b1">
         <name>stringToAddress</name>
         <value>0x8209</value>
         <object_component_ref idref="oc-1c8"/>
      </symbol>
      <symbol id="sm-11b2">
         <name>SimpleLinkNetAppEventHandler</name>
         <value>0x88c1</value>
         <object_component_ref idref="oc-1c8"/>
      </symbol>
      <symbol id="sm-11b3">
         <name>wifi_tcp_client_send</name>
         <value>0x82f7</value>
         <object_component_ref idref="oc-1c8"/>
      </symbol>
      <symbol id="sm-11b4">
         <name>SimpleLinkSockEventHandler</name>
         <value>0x8911</value>
         <object_component_ref idref="oc-1c8"/>
      </symbol>
      <symbol id="sm-11b5">
         <name>SimpleLinkHttpServerCallback</name>
         <value>0x88f1</value>
         <object_component_ref idref="oc-1c8"/>
      </symbol>
      <symbol id="sm-11b6">
         <name>wifi_get_mac_address</name>
         <value>0x85af</value>
         <object_component_ref idref="oc-1c8"/>
      </symbol>
      <symbol id="sm-11b7">
         <name>wifi_tcp_client_receive</name>
         <value>0x8337</value>
         <object_component_ref idref="oc-1c8"/>
      </symbol>
      <symbol id="sm-11b8">
         <name>wifi_sleep</name>
         <value>0x81a7</value>
         <object_component_ref idref="oc-1c8"/>
      </symbol>
      <symbol id="sm-11b9">
         <name>wifi_udp_client_receive</name>
         <value>0x8501</value>
         <object_component_ref idref="oc-1c8"/>
      </symbol>
      <symbol id="sm-11ba">
         <name>wifi_udp_server_open</name>
         <value>0x8399</value>
         <object_component_ref idref="oc-1c8"/>
      </symbol>
      <symbol id="sm-11bb">
         <name>wifi_udp_client_send</name>
         <value>0x83c1</value>
         <object_component_ref idref="oc-1c8"/>
      </symbol>
      <symbol id="sm-11bc">
         <name>wifi_set_socket_address</name>
         <value>0x8575</value>
         <object_component_ref idref="oc-1c8"/>
      </symbol>
      <symbol id="sm-11bd">
         <name>SimpleLinkGeneralEventHandler</name>
         <value>0x88ff</value>
         <object_component_ref idref="oc-1c8"/>
      </symbol>
      <symbol id="sm-11be">
         <name>SimpleLinkWlanEventHandler</name>
         <value>0x884d</value>
         <object_component_ref idref="oc-1c8"/>
      </symbol>
      <symbol id="sm-11f8">
         <name>debug1_off</name>
         <value>0xb289</value>
         <object_component_ref idref="oc-1ce"/>
      </symbol>
      <symbol id="sm-11f9">
         <name>debug1_toggle</name>
         <value>0xb295</value>
         <object_component_ref idref="oc-1ce"/>
      </symbol>
      <symbol id="sm-11fa">
         <name>debug4_on</name>
         <value>0xb2e9</value>
         <object_component_ref idref="oc-1ce"/>
      </symbol>
      <symbol id="sm-11fb">
         <name>led_red_toggle</name>
         <value>0xb205</value>
         <object_component_ref idref="oc-1ce"/>
      </symbol>
      <symbol id="sm-11fc">
         <name>led_green_toggle</name>
         <value>0xb24d</value>
         <object_component_ref idref="oc-1ce"/>
      </symbol>
      <symbol id="sm-11fd">
         <name>led_red1_off</name>
         <value>0xb265</value>
         <object_component_ref idref="oc-1ce"/>
      </symbol>
      <symbol id="sm-11fe">
         <name>debug1_on</name>
         <value>0xb27d</value>
         <object_component_ref idref="oc-1ce"/>
      </symbol>
      <symbol id="sm-11ff">
         <name>board_init</name>
         <value>0xb1d9</value>
         <object_component_ref idref="oc-1ce"/>
      </symbol>
      <symbol id="sm-1200">
         <name>led_red_off</name>
         <value>0xb1f9</value>
         <object_component_ref idref="oc-1ce"/>
      </symbol>
      <symbol id="sm-1201">
         <name>led_red1_toggle</name>
         <value>0xb271</value>
         <object_component_ref idref="oc-1ce"/>
      </symbol>
      <symbol id="sm-1202">
         <name>led_blue_off</name>
         <value>0xb21d</value>
         <object_component_ref idref="oc-1ce"/>
      </symbol>
      <symbol id="sm-1203">
         <name>debug3_toggle</name>
         <value>0xb2dd</value>
         <object_component_ref idref="oc-1ce"/>
      </symbol>
      <symbol id="sm-1204">
         <name>debug4_toggle</name>
         <value>0xb301</value>
         <object_component_ref idref="oc-1ce"/>
      </symbol>
      <symbol id="sm-1205">
         <name>led_red_on</name>
         <value>0xb1ed</value>
         <object_component_ref idref="oc-1ce"/>
      </symbol>
      <symbol id="sm-1206">
         <name>debug4_off</name>
         <value>0xb2f5</value>
         <object_component_ref idref="oc-1ce"/>
      </symbol>
      <symbol id="sm-1207">
         <name>debug3_on</name>
         <value>0xb2c5</value>
         <object_component_ref idref="oc-1ce"/>
      </symbol>
      <symbol id="sm-1208">
         <name>led_blue_toggle</name>
         <value>0xb229</value>
         <object_component_ref idref="oc-1ce"/>
      </symbol>
      <symbol id="sm-1209">
         <name>debug2_toggle</name>
         <value>0xb2b9</value>
         <object_component_ref idref="oc-1ce"/>
      </symbol>
      <symbol id="sm-120a">
         <name>debug2_off</name>
         <value>0xb2ad</value>
         <object_component_ref idref="oc-1ce"/>
      </symbol>
      <symbol id="sm-120b">
         <name>debug2_on</name>
         <value>0xb2a1</value>
         <object_component_ref idref="oc-1ce"/>
      </symbol>
      <symbol id="sm-120c">
         <name>debug3_off</name>
         <value>0xb2d1</value>
         <object_component_ref idref="oc-1ce"/>
      </symbol>
      <symbol id="sm-120d">
         <name>led_green_off</name>
         <value>0xb241</value>
         <object_component_ref idref="oc-1ce"/>
      </symbol>
      <symbol id="sm-120e">
         <name>led_blue_on</name>
         <value>0xb211</value>
         <object_component_ref idref="oc-1ce"/>
      </symbol>
      <symbol id="sm-120f">
         <name>led_green_on</name>
         <value>0xb235</value>
         <object_component_ref idref="oc-1ce"/>
      </symbol>
      <symbol id="sm-1210">
         <name>led_red1_on</name>
         <value>0xb259</value>
         <object_component_ref idref="oc-1ce"/>
      </symbol>
      <symbol id="sm-1220">
         <name>__aeabi_memset</name>
         <value>0xd94f</value>
         <object_component_ref idref="oc-100"/>
      </symbol>
      <symbol id="sm-1221">
         <name>memset</name>
         <value>0xd955</value>
         <object_component_ref idref="oc-100"/>
      </symbol>
      <symbol id="sm-1222">
         <name>__aeabi_memset8</name>
         <value>0xd94f</value>
         <object_component_ref idref="oc-100"/>
      </symbol>
      <symbol id="sm-1223">
         <name>__aeabi_memset4</name>
         <value>0xd94f</value>
         <object_component_ref idref="oc-100"/>
      </symbol>
      <symbol id="sm-1224">
         <name>__aeabi_memclr8</name>
         <value>0xd94d</value>
         <object_component_ref idref="oc-100"/>
      </symbol>
      <symbol id="sm-1225">
         <name>__aeabi_memclr4</name>
         <value>0xd94d</value>
         <object_component_ref idref="oc-100"/>
      </symbol>
      <symbol id="sm-1226">
         <name>__aeabi_memclr</name>
         <value>0xd94d</value>
         <object_component_ref idref="oc-100"/>
      </symbol>
      <symbol id="sm-1241">
         <name>memcpy</name>
         <value>0xd70f</value>
         <object_component_ref idref="oc-50"/>
      </symbol>
      <symbol id="sm-1242">
         <name>__aeabi_memcpy</name>
         <value>0xd70f</value>
         <object_component_ref idref="oc-50"/>
      </symbol>
      <symbol id="sm-1243">
         <name>__aeabi_memcpy8</name>
         <value>0xd70f</value>
         <object_component_ref idref="oc-50"/>
      </symbol>
      <symbol id="sm-1244">
         <name>__aeabi_memcpy4</name>
         <value>0xd70f</value>
         <object_component_ref idref="oc-50"/>
      </symbol>
      <symbol id="sm-1256">
         <name>__TI_zero_init</name>
         <value>0xdf4b</value>
         <object_component_ref idref="oc-62"/>
      </symbol>
      <symbol id="sm-126d">
         <name>__TI_decompress_none</name>
         <value>0xdf3d</value>
         <object_component_ref idref="oc-19"/>
      </symbol>
      <symbol id="sm-1290">
         <name>__TI_decompress_lzss</name>
         <value>0xda35</value>
         <object_component_ref idref="oc-13"/>
      </symbol>
      <symbol id="sm-12b7">
         <name>sprintf</name>
         <value>0xdcd5</value>
         <object_component_ref idref="oc-1da"/>
      </symbol>
      <symbol id="sm-12c5">
         <name>strcpy</name>
         <value>0xdf03</value>
         <object_component_ref idref="oc-1e0"/>
      </symbol>
      <symbol id="sm-12d3">
         <name>strlen</name>
         <value>0xdf17</value>
         <object_component_ref idref="oc-bc"/>
      </symbol>
      <symbol id="sm-12eb">
         <name>strtok</name>
         <value>0xdd15</value>
         <object_component_ref idref="oc-2a7"/>
      </symbol>
      <symbol id="sm-130f">
         <name>strtol</name>
         <value>0xce75</value>
         <object_component_ref idref="oc-2ad"/>
      </symbol>
      <symbol id="sm-1325">
         <name>__aeabi_errno_addr</name>
         <value>0xdf61</value>
         <object_component_ref idref="oc-3c1"/>
      </symbol>
      <symbol id="sm-1326">
         <name>errno</name>
         <value>0x2000014c</value>
         <object_component_ref idref="oc-51c"/>
      </symbol>
      <symbol id="sm-1339">
         <name>__stack</name>
         <value>0x2000fe00</value>
         <object_component_ref idref="oc-22"/>
      </symbol>
      <symbol id="sm-133a">
         <name>_c_int00_noargs</name>
         <value>0xddd1</value>
         <object_component_ref idref="oc-6e"/>
      </symbol>
      <symbol id="sm-1362">
         <name>__TI_auto_init_nobinit_nopinit</name>
         <value>0xdc91</value>
         <object_component_ref idref="oc-202"/>
      </symbol>
      <symbol id="sm-136c">
         <name>_system_pre_init</name>
         <value>0xdf69</value>
         <object_component_ref idref="oc-106"/>
      </symbol>
      <symbol id="sm-1378">
         <name>C$$EXIT</name>
         <value>0xdf6d</value>
         <object_component_ref idref="oc-1f6"/>
      </symbol>
      <symbol id="sm-1379">
         <name>abort</name>
         <value>0xdf6d</value>
         <object_component_ref idref="oc-1f6"/>
      </symbol>
      <symbol id="sm-14df">
         <name>__TI_printfi</name>
         <value>0x76bd</value>
         <object_component_ref idref="oc-327"/>
      </symbol>
      <symbol id="sm-14f6">
         <name>atoi</name>
         <value>0xdbfd</value>
         <object_component_ref idref="oc-47b"/>
      </symbol>
      <symbol id="sm-1501">
         <name>_ctypes_</name>
         <value>0xdf70</value>
         <object_component_ref idref="oc-3c7"/>
      </symbol>
      <symbol id="sm-1510">
         <name>ltoa</name>
         <value>0xdb57</value>
         <object_component_ref idref="oc-58a"/>
      </symbol>
      <symbol id="sm-1520">
         <name>memccpy</name>
         <value>0xdea5</value>
         <object_component_ref idref="oc-4a4"/>
      </symbol>
      <symbol id="sm-1530">
         <name>strchr</name>
         <value>0xded9</value>
         <object_component_ref idref="oc-5c1"/>
      </symbol>
      <symbol id="sm-1541">
         <name>strcspn</name>
         <value>0xde61</value>
         <object_component_ref idref="oc-3b6"/>
      </symbol>
      <symbol id="sm-1553">
         <name>strspn</name>
         <value>0xde37</value>
         <object_component_ref idref="oc-3b0"/>
      </symbol>
      <symbol id="sm-1573">
         <name>frexpl</name>
         <value>0xda9d</value>
         <object_component_ref idref="oc-5b5"/>
      </symbol>
      <symbol id="sm-1574">
         <name>frexp</name>
         <value>0xda9d</value>
         <object_component_ref idref="oc-5b5"/>
      </symbol>
      <symbol id="sm-1591">
         <name>scalbn</name>
         <value>0xd1f1</value>
         <object_component_ref idref="oc-5bb"/>
      </symbol>
      <symbol id="sm-1592">
         <name>scalbnl</name>
         <value>0xd1f1</value>
         <object_component_ref idref="oc-5bb"/>
      </symbol>
      <symbol id="sm-1593">
         <name>ldexpl</name>
         <value>0xd1f1</value>
         <object_component_ref idref="oc-5bb"/>
      </symbol>
      <symbol id="sm-1594">
         <name>ldexp</name>
         <value>0xd1f1</value>
         <object_component_ref idref="oc-5bb"/>
      </symbol>
      <symbol id="sm-15ad">
         <name>wcslen</name>
         <value>0xdf2b</value>
         <object_component_ref idref="oc-4aa"/>
      </symbol>
      <symbol id="sm-15b7">
         <name>copysign</name>
         <value>0xdeef</value>
         <object_component_ref idref="oc-627"/>
      </symbol>
      <symbol id="sm-15b8">
         <name>copysignl</name>
         <value>0xdeef</value>
         <object_component_ref idref="oc-627"/>
      </symbol>
      <symbol id="sm-15c5">
         <name>__aeabi_uldivmod</name>
         <value>0xd7ab</value>
         <object_component_ref idref="oc-56f"/>
      </symbol>
      <symbol id="sm-15dc">
         <name>__aeabi_dsub</name>
         <value>0xc7a5</value>
         <object_component_ref idref="oc-595"/>
      </symbol>
      <symbol id="sm-15dd">
         <name>__aeabi_dadd</name>
         <value>0xc7af</value>
         <object_component_ref idref="oc-595"/>
      </symbol>
      <symbol id="sm-15ff">
         <name>__aeabi_cdcmpeq</name>
         <value>0xd841</value>
         <object_component_ref idref="oc-487"/>
      </symbol>
      <symbol id="sm-1600">
         <name>__aeabi_cdcmple</name>
         <value>0xd841</value>
         <object_component_ref idref="oc-487"/>
      </symbol>
      <symbol id="sm-1601">
         <name>__aeabi_cdrcmple</name>
         <value>0xd8c7</value>
         <object_component_ref idref="oc-580"/>
      </symbol>
      <symbol id="sm-1615">
         <name>__aeabi_ddiv</name>
         <value>0xcd3d</value>
         <object_component_ref idref="oc-57b"/>
      </symbol>
      <symbol id="sm-1620">
         <name>__aeabi_dmul</name>
         <value>0xd301</value>
         <object_component_ref idref="oc-576"/>
      </symbol>
      <symbol id="sm-162a">
         <name>__aeabi_d2iz</name>
         <value>0xdc49</value>
         <object_component_ref idref="oc-585"/>
      </symbol>
      <symbol id="sm-1634">
         <name>__aeabi_i2d</name>
         <value>0xde09</value>
         <object_component_ref idref="oc-590"/>
      </symbol>
      <symbol id="sm-163e">
         <name>__aeabi_idiv0</name>
         <value>0x811b</value>
         <object_component_ref idref="oc-60e"/>
      </symbol>
      <symbol id="sm-163f">
         <name>__aeabi_ldiv0</name>
         <value>0x811b</value>
         <object_component_ref idref="oc-60e"/>
      </symbol>
      <symbol id="sm-1640">
         <name>__TI_static_base__</name>
         <value>0x0</value>
      </symbol>
      <symbol id="sm-1643">
         <name>__mpu_init</name>
         <value>0x0</value>
      </symbol>
      <symbol id="sm-1644">
         <name>_system_post_cinit</name>
         <value>0x0</value>
      </symbol>
   </symbol_table>
   <title>Link successful</title>
</link_info>
