******************************************************************************
                  TI ARM Linker PC v18.1.2                     
******************************************************************************
>> Linked Wed Oct 17 22:05:20 2018

OUTPUT FILE NAME:   <05-mutex.out>
ENTRY POINT SYMBOL: "_c_int00_noargs"  address: 00004861


MEMORY CONFIGURATION

         name            origin    length      used     unused   attr    fill
----------------------  --------  ---------  --------  --------  ----  --------
  MAIN                  00000000   00040000  000049c2  0003b63e  R  X
  INFO                  00200000   00004000  00000000  00004000  R  X
  SRAM_CODE             01000000   00010000  00000000  00010000  RW X
  SRAM_DATA             20000000   00010000  0000cc08  000033f8  RW  


SEGMENT ALLOCATION MAP

run origin  load origin   length   init length attrs members
----------  ----------- ---------- ----------- ----- -------
00000000    00000000    000049c8   000049c8    r-x
  00000000    00000000    00000144   00000144    r-- .intvecs
  00000144    00000144    00004796   00004796    r-x .text
  000048dc    000048dc    00000098   00000098    r-- .const
  00004978    00004978    00000050   00000050    r-- .cinit
20000000    20000000    0000ca08   00000000    rw-
  20000000    20000000    000000e4   00000000    rw- .vtable
  200000e4    200000e4    0000c8dc   00000000    rw- .bss
  2000c9c0    2000c9c0    00000048   00000000    rw- .data
2000fe00    2000fe00    00000200   00000000    rw-
  2000fe00    2000fe00    00000200   00000000    rw- .stack


SECTION ALLOCATION MAP

 output                                  attributes/
section   page    origin      length       input sections
--------  ----  ----------  ----------   ----------------
.intvecs   0    00000000    00000144     
                  00000000    00000144     msp432_startup_ccs.obj (.intvecs:retain)

.text      0    00000144    00004796     
                  00000144    0000187c     tasks.obj (.text)
                  000019c0    00000d7c     cs.obj (.text)
                  0000273c    00000ca4     queue.obj (.text)
                  000033e0    000003f0     interrupt.obj (.text)
                  000037d0    000003e4     main.obj (.text)
                  00003bb4    00000328     system_msp432p401r.obj (.text)
                  00003edc    00000288     port.obj (.text)
                  00004164    00000244     sysctl.obj (.text)
                  000043a8    0000012a     list.obj (.text)
                  000044d2    00000002     --HOLE-- [fill = 0]
                  000044d4    000000d2     portasm.obj (.text)
                  000045a6    00000002     --HOLE-- [fill = 0]
                  000045a8    000000b4     heap_1.obj (.text)
                  0000465c    0000009c     rtsv7M4_T_le_v4SPD16_eabi.lib : memcpy_t2.asm.obj (.text)
                  000046f8    0000007a                                   : memset_t2.asm.obj (.text)
                  00004772    00000068                                   : copy_decompress_lzss.c.obj (.text:decompress:lzss:__TI_decompress_lzss)
                  000047da    00000002     --HOLE-- [fill = 0]
                  000047dc    00000044                                   : autoinit.c.obj (.text:__TI_auto_init_nobinit_nopinit:__TI_auto_init_nobinit_nopinit)
                  00004820    0000003e     cpu.obj (.text)
                  0000485e    00000002     --HOLE-- [fill = 0]
                  00004860    00000038     rtsv7M4_T_le_v4SPD16_eabi.lib : boot_cortex_m.c.obj (.text:_c_int00_noargs:_c_int00_noargs)
                  00004898    00000020     msp432_startup_ccs.obj (.text)
                  000048b8    0000000e     rtsv7M4_T_le_v4SPD16_eabi.lib : copy_decompress_none.c.obj (.text:decompress:none:__TI_decompress_none)
                  000048c6    0000000c                                   : copy_zero_init.c.obj (.text:decompress:ZI:__TI_zero_init)
                  000048d2    00000004                                   : pre_init.c.obj (.text:_system_pre_init)
                  000048d6    00000004                                   : exit.c.obj (.text:abort:abort)

.const     0    000048dc    00000098     
                  000048dc    00000050     interrupt.obj (.const:g_pulRegs)
                  0000492c    00000020     interrupt.obj (.const:g_pulPriority)
                  0000494c    00000008     interrupt.obj (.const:g_pulDisRegs)
                  00004954    00000008     interrupt.obj (.const:g_pulEnRegs)
                  0000495c    00000008     interrupt.obj (.const:g_pulPendRegs)
                  00004964    00000008     interrupt.obj (.const:g_pulUnpendRegs)
                  0000496c    00000008     port.obj (.const)

.cinit     0    00004978    00000050     
                  00004978    00000016     (.cinit..data.load) [load image, compression = lzss]
                  0000498e    00000002     --HOLE-- [fill = 0]
                  00004990    0000000c     (__TI_handler_table)
                  0000499c    00000004     --HOLE-- [fill = 0]
                  000049a0    00000008     (.cinit..bss.load) [load image, compression = zero_init]
                  000049a8    00000008     (.cinit..vtable.load) [load image, compression = zero_init]
                  000049b0    00000018     (__TI_cinit_table)

.vtable    0    20000000    000000e4     UNINITIALIZED
                  20000000    000000e4     interrupt.obj (.vtable)

.bss       0    200000e4    0000c8dc     UNINITIALIZED
                  200000e4    0000c800     heap_1.obj (.bss:ucHeap)
                  2000c8e4    00000064     tasks.obj (.bss:pxReadyTasksLists)
                  2000c948    00000014     tasks.obj (.bss:xDelayedTaskList1)
                  2000c95c    00000014     tasks.obj (.bss:xDelayedTaskList2)
                  2000c970    00000014     tasks.obj (.bss:xPendingReadyList)
                  2000c984    00000014     tasks.obj (.bss:xSuspendedTaskList)
                  2000c998    00000008     cs.obj (.bss)
                  2000c9a0    00000008     main.obj (.bss)
                  2000c9a8    00000008     tasks.obj (.bss)
                  2000c9b0    00000006     (.common:commandVar)
                  2000c9b6    00000002     --HOLE--
                  2000c9b8    00000004     (.common:xBinarySemaphore)
                  2000c9bc    00000004     (.common:xMutex)

.data      0    2000c9c0    00000048     UNINITIALIZED
                  2000c9c0    00000030     tasks.obj (.data)
                  2000c9f0    0000000c     port.obj (.data)
                  2000c9fc    00000008     heap_1.obj (.data)
                  2000ca04    00000004     system_msp432p401r.obj (.data)

.stack     0    2000fe00    00000200     UNINITIALIZED
                  2000fe00    00000004     rtsv7M4_T_le_v4SPD16_eabi.lib : boot_cortex_m.c.obj (.stack)
                  2000fe04    000001fc     --HOLE--

MODULE SUMMARY

       Module                       code    ro data   rw data
       ------                       ----    -------   -------
    .\
       main.obj                     996     0         22     
       system_msp432p401r.obj       808     0         4      
       msp432_startup_ccs.obj       32      324       0      
    +--+----------------------------+-------+---------+---------+
       Total:                       1836    324       26     
                                                             
    .\driverslib\freertos\cortex-m4\
       port.obj                     648     8         12     
       portasm.obj                  210     0         0      
    +--+----------------------------+-------+---------+---------+
       Total:                       858     8         12     
                                                             
    .\driverslib\freertos\src\
       heap_1.obj                   180     0         51208  
       tasks.obj                    6268    0         236    
       queue.obj                    3236    0         0      
       list.obj                     298     0         0      
    +--+----------------------------+-------+---------+---------+
       Total:                       9982    0         51444  
                                                             
    .\driverslib\msp432\
       cs.obj                       3452    0         8      
       interrupt.obj                1008    144       228    
       sysctl.obj                   580     0         0      
       cpu.obj                      62      0         0      
    +--+----------------------------+-------+---------+---------+
       Total:                       5102    144       236    
                                                             
    C:\ti\ccsv8\tools\compiler\ti-cgt-arm_18.1.2.LTS\lib\rtsv7M4_T_le_v4SPD16_eabi.lib
       memcpy_t2.asm.obj            156     0         0      
       memset_t2.asm.obj            122     0         0      
       copy_decompress_lzss.c.obj   104     0         0      
       autoinit.c.obj               68      0         0      
       boot_cortex_m.c.obj          56      0         0      
       copy_decompress_none.c.obj   14      0         0      
       copy_zero_init.c.obj         12      0         0      
       exit.c.obj                   4       0         0      
       pre_init.c.obj               4       0         0      
    +--+----------------------------+-------+---------+---------+
       Total:                       540     0         0      
                                                             
       Stack:                       0       0         512    
       Linker Generated:            0       74        0      
    +--+----------------------------+-------+---------+---------+
       Grand Total:                 18318   550       52230  


LINKER GENERATED COPY TABLES

__TI_cinit_table @ 000049b0 records: 3, size/record: 8, table size: 24
	.data: load addr=00004978, load size=00000016 bytes, run addr=2000c9c0, run size=00000048 bytes, compression=lzss
	.bss: load addr=000049a0, load size=00000008 bytes, run addr=200000e4, run size=0000c8dc bytes, compression=zero_init
	.vtable: load addr=000049a8, load size=00000008 bytes, run addr=20000000, run size=000000e4 bytes, compression=zero_init


LINKER GENERATED HANDLER TABLE

__TI_handler_table @ 00004990 records: 3, size/record: 4, table size: 12
	index: 0, handler: __TI_zero_init
	index: 1, handler: __TI_decompress_lzss
	index: 2, handler: __TI_decompress_none


GLOBAL SYMBOLS: SORTED ALPHABETICALLY BY Name 

address   name                                   
-------   ----                                   
000048d7  C$$EXIT                                
00004855  CPU_basepriGet                         
00004847  CPU_basepriSet                         
00004821  CPU_cpsid                              
00004837  CPU_cpsie                              
0000482d  CPU_primask                            
00004843  CPU_wfi                                
000026c1  CS_clearInterruptFlag                  
00001f69  CS_disableClockRequest                 
0000204f  CS_disableDCOExternalResistor          
00002595  CS_disableFaultCounter                 
0000267f  CS_disableInterrupt                    
00001f41  CS_enableClockRequest                  
00001fb1  CS_enableDCOExternalResistor           
00002569  CS_enableFaultCounter                  
0000265d  CS_enableInterrupt                     
00002501  CS_getACLK                             
000024c1  CS_getBCLK                             
00002149  CS_getDCOFrequency                     
000026a7  CS_getEnabledInterruptStatus           
000024dd  CS_getHSMCLK                           
000026a1  CS_getInterruptStatus                  
00002547  CS_getMCLK                             
00002525  CS_getSMCLK                            
00001c61  CS_initClockSignal                     
000026e3  CS_registerInterrupt                   
000025c1  CS_resetFaultCounter                   
0000206d  CS_setDCOCenteredFrequency             
00001fd9  CS_setDCOExternalResistorCalibration   
000022e9  CS_setDCOFrequency                     
00001c25  CS_setExternalClockSourceFrequency     
00001f8b  CS_setReferenceOscillatorFrequency     
0000260d  CS_startFaultCounter                   
00001d65  CS_startHFXT                           
00001d89  CS_startHFXTWithTimeout                
00001e4d  CS_startLFXT                           
00001e71  CS_startLFXTWithTimeout                
000020a5  CS_tuneDCOFrequency                    
000026f7  CS_unregisterInterrupt                 
000035a3  Interrupt_disableInterrupt             
000033f3  Interrupt_disableMaster                
000037a1  Interrupt_disableSleepOnIsrExit        
00003531  Interrupt_enableInterrupt              
000033e3  Interrupt_enableMaster                 
0000378f  Interrupt_enableSleepOnIsrExit         
0000350b  Interrupt_getPriority                  
00003483  Interrupt_getPriorityGrouping          
0000376f  Interrupt_getPriorityMask              
00003789  Interrupt_getVectorTableAddress        
00003615  Interrupt_isEnabled                    
000036a1  Interrupt_pendInterrupt                
00003403  Interrupt_registerInterrupt            
000034bb  Interrupt_setPriority                  
00003469  Interrupt_setPriorityGrouping          
0000375f  Interrupt_setPriorityMask              
00003779  Interrupt_setVectorTableAddress        
00003711  Interrupt_unpendInterrupt              
00003455  Interrupt_unregisterInterrupt          
00003b19  PORT1_IRQHandler                       
00004357  SysCtl_disableGlitchFilter             
000041e7  SysCtl_disableNMISource                
000042ef  SysCtl_disablePeripheralAtCPUHalt      
00004231  SysCtl_disableSRAMBank                 
000042b5  SysCtl_disableSRAMBankRetention        
0000434b  SysCtl_enableGlitchFilter              
000041fb  SysCtl_enableNMISource                 
000042db  SysCtl_enablePeripheralAtCPUHalt       
00004215  SysCtl_enableSRAMBank                  
00004299  SysCtl_enableSRAMBankRetention         
000041e1  SysCtl_getFlashSize                    
0000420f  SysCtl_getNMISourceStatus              
000041db  SysCtl_getSRAMSize                     
00004165  SysCtl_getTLVInfo                      
00004363  SysCtl_getTempCalibrationConstant      
000042d1  SysCtl_rebootDevice                    
00004327  SysCtl_setWDTPasswordViolationResetType
00004303  SysCtl_setWDTTimeoutResetType          
2000ca04  SystemCoreClock                        
00003bb5  SystemCoreClockUpdate                  
00003e29  SystemInit                             
4000480c  WDTCTL_SYM                             
20010000  __STACK_END                            
00000200  __STACK_SIZE                           
000049b0  __TI_CINIT_Base                        
000049c8  __TI_CINIT_Limit                       
00004990  __TI_Handler_Table_Base                
0000499c  __TI_Handler_Table_Limit               
000047dd  __TI_auto_init_nobinit_nopinit         
00004773  __TI_decompress_lzss                   
000048b9  __TI_decompress_none                   
ffffffff  __TI_pprof_out_hndl                    
ffffffff  __TI_prof_data_size                    
ffffffff  __TI_prof_data_start                   
00000000  __TI_static_base__                     
000048c7  __TI_zero_init                         
000046f9  __aeabi_memclr                         
000046f9  __aeabi_memclr4                        
000046f9  __aeabi_memclr8                        
0000465d  __aeabi_memcpy                         
0000465d  __aeabi_memcpy4                        
0000465d  __aeabi_memcpy8                        
000046fb  __aeabi_memset                         
000046fb  __aeabi_memset4                        
000046fb  __aeabi_memset8                        
ffffffff  __binit__                              
ffffffff  __c_args__                             
UNDEFED   __mpu_init                             
2000fe00  __stack                                
00004861  _c_int00_noargs                        
UNDEFED   _system_post_cinit                     
000048d3  _system_pre_init                       
000048d7  abort                                  
ffffffff  binit                                  
2000c9b0  commandVar                             
00000489  eTaskGetState                          
20000000  g_pfnRAMVectors                        
00000000  interruptVectors                       
000037d1  main                                   
0000465d  memcpy                                 
00004701  memset                                 
00000a55  pcTaskGetName                          
000045a9  pvPortMalloc                           
0000143d  pvTaskIncrementMutexHeldCount          
2000c9c0  pxCurrentTCB                           
00003edd  pxPortInitialiseStack                  
00003181  ucQueueGetQueueType                    
0000496c  ulMaxSyscallInterruptPriority          
000044e5  ulPortGetIPSR                          
00001455  ulTaskNotifyTake                       
0000448b  uxListRemove                           
00003161  uxQueueGetQueueNumber                  
000030b9  uxQueueMessagesWaiting                 
00003117  uxQueueMessagesWaitingFromISR          
000030e3  uxQueueSpacesAvailable                 
00000a49  uxTaskGetNumberOfTasks                 
00000a91  uxTaskGetSystemState                   
00000ff1  uxTaskGetTaskNumber                    
00000511  uxTaskPriorityGet                      
00000541  uxTaskPriorityGetFromISR               
0000141b  uxTaskResetEventItemValue              
000043a9  vListInitialise                        
000043d9  vListInitialiseItem                    
00004425  vListInsert                            
000043e9  vListInsertEnd                         
00004599  vPortEnableVFP                         
00003ffd  vPortEndScheduler                      
00004021  vPortEnterCritical                     
00004063  vPortExitCritical                      
00004619  vPortFree                              
0000463d  vPortInitialiseBlocks                  
0000455d  vPortSVCHandler                        
000040b5  vPortSetupTimerInterrupt               
0000457d  vPortStartFirstTask                    
000040cf  vPortValidateInterruptPriority         
0000313d  vQueueDelete                           
0000316f  vQueueSetQueueNumber                   
00000437  vTaskDelay                             
0000035d  vTaskDelayUntil                        
000008f5  vTaskEndScheduler                      
000010a5  vTaskGetInfo                           
00000fe9  vTaskMissedYield                       
000017db  vTaskNotifyGiveFromISR                 
00000d27  vTaskPlaceOnEventList                  
00000d61  vTaskPlaceOnUnorderedEventList         
00001279  vTaskPriorityInherit                   
00000599  vTaskPrioritySet                       
000007f7  vTaskResume                            
00001011  vTaskSetTaskNumber                     
00000f19  vTaskSetTimeOutState                   
00000889  vTaskStartScheduler                    
000006cd  vTaskSuspend                           
00000911  vTaskSuspendAll                        
00000ca1  vTaskSwitchContext                     
2000c9b8  xBinarySemaphore                       
2000c9bc  xMutex                                 
00004645  xPortGetFreeHeapSize                   
000044fd  xPortPendSVHandler                     
00003f69  xPortStartScheduler                    
0000408f  xPortSysTickHandler                    
0000299b  xQueueCreateCountingSemaphore          
000028c3  xQueueCreateMutex                      
000027ef  xQueueGenericCreate                    
00002d7b  xQueueGenericReceive                   
0000273d  xQueueGenericReset                     
000029f9  xQueueGenericSend                      
00002b85  xQueueGenericSendFromISR               
00002c8d  xQueueGiveFromISR                      
000028ef  xQueueGiveMutexRecursive               
00003355  xQueueIsQueueEmptyFromISR              
000033ab  xQueueIsQueueFullFromISR               
0000300d  xQueuePeekFromISR                      
00002f31  xQueueReceiveFromISR                   
0000293f  xQueueTakeMutexRecursive               
00000f47  xTaskCheckForTimeOut                   
00000145  xTaskCreate                            
00001581  xTaskGenericNotify                     
0000169d  xTaskGenericNotifyFromISR              
00001253  xTaskGetCurrentTaskHandle              
00000a25  xTaskGetTickCount                      
00000a35  xTaskGetTickCountFromISR               
00000b61  xTaskIncrementTick                     
000018c5  xTaskNotifyStateClear                  
000014d1  xTaskNotifyWait                        
00001341  xTaskPriorityDisinherit                
00000dc5  xTaskRemoveFromEventList               
00000e61  xTaskRemoveFromUnorderedEventList      
00000929  xTaskResumeAll                         


GLOBAL SYMBOLS: SORTED BY Symbol Address 

address   name                                   
-------   ----                                   
00000000  __TI_static_base__                     
00000000  interruptVectors                       
00000145  xTaskCreate                            
00000200  __STACK_SIZE                           
0000035d  vTaskDelayUntil                        
00000437  vTaskDelay                             
00000489  eTaskGetState                          
00000511  uxTaskPriorityGet                      
00000541  uxTaskPriorityGetFromISR               
00000599  vTaskPrioritySet                       
000006cd  vTaskSuspend                           
000007f7  vTaskResume                            
00000889  vTaskStartScheduler                    
000008f5  vTaskEndScheduler                      
00000911  vTaskSuspendAll                        
00000929  xTaskResumeAll                         
00000a25  xTaskGetTickCount                      
00000a35  xTaskGetTickCountFromISR               
00000a49  uxTaskGetNumberOfTasks                 
00000a55  pcTaskGetName                          
00000a91  uxTaskGetSystemState                   
00000b61  xTaskIncrementTick                     
00000ca1  vTaskSwitchContext                     
00000d27  vTaskPlaceOnEventList                  
00000d61  vTaskPlaceOnUnorderedEventList         
00000dc5  xTaskRemoveFromEventList               
00000e61  xTaskRemoveFromUnorderedEventList      
00000f19  vTaskSetTimeOutState                   
00000f47  xTaskCheckForTimeOut                   
00000fe9  vTaskMissedYield                       
00000ff1  uxTaskGetTaskNumber                    
00001011  vTaskSetTaskNumber                     
000010a5  vTaskGetInfo                           
00001253  xTaskGetCurrentTaskHandle              
00001279  vTaskPriorityInherit                   
00001341  xTaskPriorityDisinherit                
0000141b  uxTaskResetEventItemValue              
0000143d  pvTaskIncrementMutexHeldCount          
00001455  ulTaskNotifyTake                       
000014d1  xTaskNotifyWait                        
00001581  xTaskGenericNotify                     
0000169d  xTaskGenericNotifyFromISR              
000017db  vTaskNotifyGiveFromISR                 
000018c5  xTaskNotifyStateClear                  
00001c25  CS_setExternalClockSourceFrequency     
00001c61  CS_initClockSignal                     
00001d65  CS_startHFXT                           
00001d89  CS_startHFXTWithTimeout                
00001e4d  CS_startLFXT                           
00001e71  CS_startLFXTWithTimeout                
00001f41  CS_enableClockRequest                  
00001f69  CS_disableClockRequest                 
00001f8b  CS_setReferenceOscillatorFrequency     
00001fb1  CS_enableDCOExternalResistor           
00001fd9  CS_setDCOExternalResistorCalibration   
0000204f  CS_disableDCOExternalResistor          
0000206d  CS_setDCOCenteredFrequency             
000020a5  CS_tuneDCOFrequency                    
00002149  CS_getDCOFrequency                     
000022e9  CS_setDCOFrequency                     
000024c1  CS_getBCLK                             
000024dd  CS_getHSMCLK                           
00002501  CS_getACLK                             
00002525  CS_getSMCLK                            
00002547  CS_getMCLK                             
00002569  CS_enableFaultCounter                  
00002595  CS_disableFaultCounter                 
000025c1  CS_resetFaultCounter                   
0000260d  CS_startFaultCounter                   
0000265d  CS_enableInterrupt                     
0000267f  CS_disableInterrupt                    
000026a1  CS_getInterruptStatus                  
000026a7  CS_getEnabledInterruptStatus           
000026c1  CS_clearInterruptFlag                  
000026e3  CS_registerInterrupt                   
000026f7  CS_unregisterInterrupt                 
0000273d  xQueueGenericReset                     
000027ef  xQueueGenericCreate                    
000028c3  xQueueCreateMutex                      
000028ef  xQueueGiveMutexRecursive               
0000293f  xQueueTakeMutexRecursive               
0000299b  xQueueCreateCountingSemaphore          
000029f9  xQueueGenericSend                      
00002b85  xQueueGenericSendFromISR               
00002c8d  xQueueGiveFromISR                      
00002d7b  xQueueGenericReceive                   
00002f31  xQueueReceiveFromISR                   
0000300d  xQueuePeekFromISR                      
000030b9  uxQueueMessagesWaiting                 
000030e3  uxQueueSpacesAvailable                 
00003117  uxQueueMessagesWaitingFromISR          
0000313d  vQueueDelete                           
00003161  uxQueueGetQueueNumber                  
0000316f  vQueueSetQueueNumber                   
00003181  ucQueueGetQueueType                    
00003355  xQueueIsQueueEmptyFromISR              
000033ab  xQueueIsQueueFullFromISR               
000033e3  Interrupt_enableMaster                 
000033f3  Interrupt_disableMaster                
00003403  Interrupt_registerInterrupt            
00003455  Interrupt_unregisterInterrupt          
00003469  Interrupt_setPriorityGrouping          
00003483  Interrupt_getPriorityGrouping          
000034bb  Interrupt_setPriority                  
0000350b  Interrupt_getPriority                  
00003531  Interrupt_enableInterrupt              
000035a3  Interrupt_disableInterrupt             
00003615  Interrupt_isEnabled                    
000036a1  Interrupt_pendInterrupt                
00003711  Interrupt_unpendInterrupt              
0000375f  Interrupt_setPriorityMask              
0000376f  Interrupt_getPriorityMask              
00003779  Interrupt_setVectorTableAddress        
00003789  Interrupt_getVectorTableAddress        
0000378f  Interrupt_enableSleepOnIsrExit         
000037a1  Interrupt_disableSleepOnIsrExit        
000037d1  main                                   
00003b19  PORT1_IRQHandler                       
00003bb5  SystemCoreClockUpdate                  
00003e29  SystemInit                             
00003edd  pxPortInitialiseStack                  
00003f69  xPortStartScheduler                    
00003ffd  vPortEndScheduler                      
00004021  vPortEnterCritical                     
00004063  vPortExitCritical                      
0000408f  xPortSysTickHandler                    
000040b5  vPortSetupTimerInterrupt               
000040cf  vPortValidateInterruptPriority         
00004165  SysCtl_getTLVInfo                      
000041db  SysCtl_getSRAMSize                     
000041e1  SysCtl_getFlashSize                    
000041e7  SysCtl_disableNMISource                
000041fb  SysCtl_enableNMISource                 
0000420f  SysCtl_getNMISourceStatus              
00004215  SysCtl_enableSRAMBank                  
00004231  SysCtl_disableSRAMBank                 
00004299  SysCtl_enableSRAMBankRetention         
000042b5  SysCtl_disableSRAMBankRetention        
000042d1  SysCtl_rebootDevice                    
000042db  SysCtl_enablePeripheralAtCPUHalt       
000042ef  SysCtl_disablePeripheralAtCPUHalt      
00004303  SysCtl_setWDTTimeoutResetType          
00004327  SysCtl_setWDTPasswordViolationResetType
0000434b  SysCtl_enableGlitchFilter              
00004357  SysCtl_disableGlitchFilter             
00004363  SysCtl_getTempCalibrationConstant      
000043a9  vListInitialise                        
000043d9  vListInitialiseItem                    
000043e9  vListInsertEnd                         
00004425  vListInsert                            
0000448b  uxListRemove                           
000044e5  ulPortGetIPSR                          
000044fd  xPortPendSVHandler                     
0000455d  vPortSVCHandler                        
0000457d  vPortStartFirstTask                    
00004599  vPortEnableVFP                         
000045a9  pvPortMalloc                           
00004619  vPortFree                              
0000463d  vPortInitialiseBlocks                  
00004645  xPortGetFreeHeapSize                   
0000465d  __aeabi_memcpy                         
0000465d  __aeabi_memcpy4                        
0000465d  __aeabi_memcpy8                        
0000465d  memcpy                                 
000046f9  __aeabi_memclr                         
000046f9  __aeabi_memclr4                        
000046f9  __aeabi_memclr8                        
000046fb  __aeabi_memset                         
000046fb  __aeabi_memset4                        
000046fb  __aeabi_memset8                        
00004701  memset                                 
00004773  __TI_decompress_lzss                   
000047dd  __TI_auto_init_nobinit_nopinit         
00004821  CPU_cpsid                              
0000482d  CPU_primask                            
00004837  CPU_cpsie                              
00004843  CPU_wfi                                
00004847  CPU_basepriSet                         
00004855  CPU_basepriGet                         
00004861  _c_int00_noargs                        
000048b9  __TI_decompress_none                   
000048c7  __TI_zero_init                         
000048d3  _system_pre_init                       
000048d7  C$$EXIT                                
000048d7  abort                                  
0000496c  ulMaxSyscallInterruptPriority          
00004990  __TI_Handler_Table_Base                
0000499c  __TI_Handler_Table_Limit               
000049b0  __TI_CINIT_Base                        
000049c8  __TI_CINIT_Limit                       
20000000  g_pfnRAMVectors                        
2000c9b0  commandVar                             
2000c9b8  xBinarySemaphore                       
2000c9bc  xMutex                                 
2000c9c0  pxCurrentTCB                           
2000ca04  SystemCoreClock                        
2000fe00  __stack                                
20010000  __STACK_END                            
4000480c  WDTCTL_SYM                             
ffffffff  __TI_pprof_out_hndl                    
ffffffff  __TI_prof_data_size                    
ffffffff  __TI_prof_data_start                   
ffffffff  __binit__                              
ffffffff  __c_args__                             
ffffffff  binit                                  
UNDEFED   __mpu_init                             
UNDEFED   _system_post_cinit                     

[207 symbols]
