<?xml version="1.0" encoding="ISO-8859-1" ?>
<link_info>
   <banner>TI ARM Linker Unix v18.1.3.LTS</banner>
   <copyright>Copyright (c) 1996-2017 Texas Instruments Incorporated</copyright>
   <link_time>0x5bdc31ff</link_time>
   <link_errors>0x0</link_errors>
   <output_file>05-mutex.out</output_file>
   <entry_point>
      <name>_c_int00_noargs</name>
      <address>0x4861</address>
   </entry_point>
   <input_file_list>
      <input_file id="fl-2">
         <path>./</path>
         <kind>object</kind>
         <file>main.obj</file>
         <name>main.obj</name>
      </input_file>
      <input_file id="fl-3">
         <path>./</path>
         <kind>object</kind>
         <file>msp432_startup_ccs.obj</file>
         <name>msp432_startup_ccs.obj</name>
      </input_file>
      <input_file id="fl-4">
         <path>./</path>
         <kind>object</kind>
         <file>system_msp432p401r.obj</file>
         <name>system_msp432p401r.obj</name>
      </input_file>
      <input_file id="fl-5">
         <path>./driverslib/cc3100/board/</path>
         <kind>object</kind>
         <file>board.obj</file>
         <name>board.obj</name>
      </input_file>
      <input_file id="fl-6">
         <path>./driverslib/cc3100/board/</path>
         <kind>object</kind>
         <file>cli_uart.obj</file>
         <name>cli_uart.obj</name>
      </input_file>
      <input_file id="fl-7">
         <path>./driverslib/cc3100/board/</path>
         <kind>object</kind>
         <file>spi_cc3100.obj</file>
         <name>spi_cc3100.obj</name>
      </input_file>
      <input_file id="fl-8">
         <path>./driverslib/cc3100/oslib/</path>
         <kind>object</kind>
         <file>osi_freertos.obj</file>
         <name>osi_freertos.obj</name>
      </input_file>
      <input_file id="fl-9">
         <path>./driverslib/cc3100/simplelink/source/</path>
         <kind>object</kind>
         <file>device.obj</file>
         <name>device.obj</name>
      </input_file>
      <input_file id="fl-a">
         <path>./driverslib/cc3100/simplelink/source/</path>
         <kind>object</kind>
         <file>driver.obj</file>
         <name>driver.obj</name>
      </input_file>
      <input_file id="fl-b">
         <path>./driverslib/cc3100/simplelink/source/</path>
         <kind>object</kind>
         <file>flowcont.obj</file>
         <name>flowcont.obj</name>
      </input_file>
      <input_file id="fl-c">
         <path>./driverslib/cc3100/simplelink/source/</path>
         <kind>object</kind>
         <file>fs.obj</file>
         <name>fs.obj</name>
      </input_file>
      <input_file id="fl-d">
         <path>./driverslib/cc3100/simplelink/source/</path>
         <kind>object</kind>
         <file>netapp.obj</file>
         <name>netapp.obj</name>
      </input_file>
      <input_file id="fl-e">
         <path>./driverslib/cc3100/simplelink/source/</path>
         <kind>object</kind>
         <file>netcfg.obj</file>
         <name>netcfg.obj</name>
      </input_file>
      <input_file id="fl-f">
         <path>./driverslib/cc3100/simplelink/source/</path>
         <kind>object</kind>
         <file>socket.obj</file>
         <name>socket.obj</name>
      </input_file>
      <input_file id="fl-10">
         <path>./driverslib/cc3100/simplelink/source/</path>
         <kind>object</kind>
         <file>spawn.obj</file>
         <name>spawn.obj</name>
      </input_file>
      <input_file id="fl-11">
         <path>./driverslib/cc3100/simplelink/source/</path>
         <kind>object</kind>
         <file>wlan.obj</file>
         <name>wlan.obj</name>
      </input_file>
      <input_file id="fl-12">
         <path>./driverslib/freertos/cortex-m4/</path>
         <kind>object</kind>
         <file>port.obj</file>
         <name>port.obj</name>
      </input_file>
      <input_file id="fl-13">
         <path>./driverslib/freertos/cortex-m4/</path>
         <kind>object</kind>
         <file>portasm.obj</file>
         <name>portasm.obj</name>
      </input_file>
      <input_file id="fl-14">
         <path>./driverslib/freertos/src/</path>
         <kind>object</kind>
         <file>croutine.obj</file>
         <name>croutine.obj</name>
      </input_file>
      <input_file id="fl-15">
         <path>./driverslib/freertos/src/</path>
         <kind>object</kind>
         <file>event_groups.obj</file>
         <name>event_groups.obj</name>
      </input_file>
      <input_file id="fl-16">
         <path>./driverslib/freertos/src/</path>
         <kind>object</kind>
         <file>heap_1.obj</file>
         <name>heap_1.obj</name>
      </input_file>
      <input_file id="fl-17">
         <path>./driverslib/freertos/src/</path>
         <kind>object</kind>
         <file>list.obj</file>
         <name>list.obj</name>
      </input_file>
      <input_file id="fl-18">
         <path>./driverslib/freertos/src/</path>
         <kind>object</kind>
         <file>queue.obj</file>
         <name>queue.obj</name>
      </input_file>
      <input_file id="fl-19">
         <path>./driverslib/freertos/src/</path>
         <kind>object</kind>
         <file>tasks.obj</file>
         <name>tasks.obj</name>
      </input_file>
      <input_file id="fl-1a">
         <path>./driverslib/freertos/src/</path>
         <kind>object</kind>
         <file>timers.obj</file>
         <name>timers.obj</name>
      </input_file>
      <input_file id="fl-1b">
         <path>./driverslib/msp432/</path>
         <kind>object</kind>
         <file>adc14.obj</file>
         <name>adc14.obj</name>
      </input_file>
      <input_file id="fl-1c">
         <path>./driverslib/msp432/</path>
         <kind>object</kind>
         <file>aes256.obj</file>
         <name>aes256.obj</name>
      </input_file>
      <input_file id="fl-1d">
         <path>./driverslib/msp432/</path>
         <kind>object</kind>
         <file>comp_e.obj</file>
         <name>comp_e.obj</name>
      </input_file>
      <input_file id="fl-1e">
         <path>./driverslib/msp432/</path>
         <kind>object</kind>
         <file>cpu.obj</file>
         <name>cpu.obj</name>
      </input_file>
      <input_file id="fl-1f">
         <path>./driverslib/msp432/</path>
         <kind>object</kind>
         <file>crc32.obj</file>
         <name>crc32.obj</name>
      </input_file>
      <input_file id="fl-20">
         <path>./driverslib/msp432/</path>
         <kind>object</kind>
         <file>cs.obj</file>
         <name>cs.obj</name>
      </input_file>
      <input_file id="fl-21">
         <path>./driverslib/msp432/</path>
         <kind>object</kind>
         <file>dma.obj</file>
         <name>dma.obj</name>
      </input_file>
      <input_file id="fl-22">
         <path>./driverslib/msp432/</path>
         <kind>object</kind>
         <file>flash.obj</file>
         <name>flash.obj</name>
      </input_file>
      <input_file id="fl-23">
         <path>./driverslib/msp432/</path>
         <kind>object</kind>
         <file>fpu.obj</file>
         <name>fpu.obj</name>
      </input_file>
      <input_file id="fl-24">
         <path>./driverslib/msp432/</path>
         <kind>object</kind>
         <file>gpio.obj</file>
         <name>gpio.obj</name>
      </input_file>
      <input_file id="fl-25">
         <path>./driverslib/msp432/</path>
         <kind>object</kind>
         <file>i2c.obj</file>
         <name>i2c.obj</name>
      </input_file>
      <input_file id="fl-26">
         <path>./driverslib/msp432/</path>
         <kind>object</kind>
         <file>interrupt.obj</file>
         <name>interrupt.obj</name>
      </input_file>
      <input_file id="fl-27">
         <path>./driverslib/msp432/</path>
         <kind>object</kind>
         <file>mpu.obj</file>
         <name>mpu.obj</name>
      </input_file>
      <input_file id="fl-28">
         <path>./driverslib/msp432/</path>
         <kind>object</kind>
         <file>pcm.obj</file>
         <name>pcm.obj</name>
      </input_file>
      <input_file id="fl-29">
         <path>./driverslib/msp432/</path>
         <kind>object</kind>
         <file>pmap.obj</file>
         <name>pmap.obj</name>
      </input_file>
      <input_file id="fl-2a">
         <path>./driverslib/msp432/</path>
         <kind>object</kind>
         <file>pss.obj</file>
         <name>pss.obj</name>
      </input_file>
      <input_file id="fl-2b">
         <path>./driverslib/msp432/</path>
         <kind>object</kind>
         <file>ref_a.obj</file>
         <name>ref_a.obj</name>
      </input_file>
      <input_file id="fl-2c">
         <path>./driverslib/msp432/</path>
         <kind>object</kind>
         <file>reset.obj</file>
         <name>reset.obj</name>
      </input_file>
      <input_file id="fl-2d">
         <path>./driverslib/msp432/</path>
         <kind>object</kind>
         <file>rtc_c.obj</file>
         <name>rtc_c.obj</name>
      </input_file>
      <input_file id="fl-2e">
         <path>./driverslib/msp432/</path>
         <kind>object</kind>
         <file>spi.obj</file>
         <name>spi.obj</name>
      </input_file>
      <input_file id="fl-2f">
         <path>./driverslib/msp432/</path>
         <kind>object</kind>
         <file>sysctl.obj</file>
         <name>sysctl.obj</name>
      </input_file>
      <input_file id="fl-30">
         <path>./driverslib/msp432/</path>
         <kind>object</kind>
         <file>systick.obj</file>
         <name>systick.obj</name>
      </input_file>
      <input_file id="fl-31">
         <path>./driverslib/msp432/</path>
         <kind>object</kind>
         <file>timer32.obj</file>
         <name>timer32.obj</name>
      </input_file>
      <input_file id="fl-32">
         <path>./driverslib/msp432/</path>
         <kind>object</kind>
         <file>timer_a.obj</file>
         <name>timer_a.obj</name>
      </input_file>
      <input_file id="fl-33">
         <path>./driverslib/msp432/</path>
         <kind>object</kind>
         <file>uart.obj</file>
         <name>uart.obj</name>
      </input_file>
      <input_file id="fl-34">
         <path>./driverslib/msp432/</path>
         <kind>object</kind>
         <file>wdt_a.obj</file>
         <name>wdt_a.obj</name>
      </input_file>
      <input_file id="fl-35">
         <path>./driverslib/ti_cc3100_boosterpack/</path>
         <kind>object</kind>
         <file>cc3100_boosterpack.obj</file>
         <name>cc3100_boosterpack.obj</name>
      </input_file>
      <input_file id="fl-36">
         <path>./driverslib/ti_msp432_launchpad/</path>
         <kind>object</kind>
         <file>msp432_launchpad_board.obj</file>
         <name>msp432_launchpad_board.obj</name>
      </input_file>
      <input_file id="fl-37">
         <path>./driverslib/ti_msp432_launchpad/</path>
         <kind>object</kind>
         <file>msp432_launchpad_temperature.obj</file>
         <name>msp432_launchpad_temperature.obj</name>
      </input_file>
      <input_file id="fl-3b">
         <kind>object</kind>
         <file>&lt;internal&gt;</file>
         <name>&lt;internal&gt;</name>
      </input_file>
      <input_file id="fl-f1">
         <path>/Applications/ti/ccsv8/tools/compiler/ti-cgt-arm_18.1.3.LTS/lib/</path>
         <kind>archive</kind>
         <file>rtsv7M4_T_le_v4SPD16_eabi.lib</file>
         <name>memset_t2.asm.obj</name>
      </input_file>
      <input_file id="fl-f2">
         <path>/Applications/ti/ccsv8/tools/compiler/ti-cgt-arm_18.1.3.LTS/lib/</path>
         <kind>archive</kind>
         <file>rtsv7M4_T_le_v4SPD16_eabi.lib</file>
         <name>memcpy_t2.asm.obj</name>
      </input_file>
      <input_file id="fl-f3">
         <path>/Applications/ti/ccsv8/tools/compiler/ti-cgt-arm_18.1.3.LTS/lib/</path>
         <kind>archive</kind>
         <file>rtsv7M4_T_le_v4SPD16_eabi.lib</file>
         <name>copy_zero_init.c.obj</name>
      </input_file>
      <input_file id="fl-f4">
         <path>/Applications/ti/ccsv8/tools/compiler/ti-cgt-arm_18.1.3.LTS/lib/</path>
         <kind>archive</kind>
         <file>rtsv7M4_T_le_v4SPD16_eabi.lib</file>
         <name>copy_decompress_none.c.obj</name>
      </input_file>
      <input_file id="fl-f5">
         <path>/Applications/ti/ccsv8/tools/compiler/ti-cgt-arm_18.1.3.LTS/lib/</path>
         <kind>archive</kind>
         <file>rtsv7M4_T_le_v4SPD16_eabi.lib</file>
         <name>copy_decompress_lzss.c.obj</name>
      </input_file>
      <input_file id="fl-f6">
         <path>/Applications/ti/ccsv8/tools/compiler/ti-cgt-arm_18.1.3.LTS/lib/</path>
         <kind>archive</kind>
         <file>rtsv7M4_T_le_v4SPD16_eabi.lib</file>
         <name>strlen.c.obj</name>
      </input_file>
      <input_file id="fl-f7">
         <path>/Applications/ti/ccsv8/tools/compiler/ti-cgt-arm_18.1.3.LTS/lib/</path>
         <kind>archive</kind>
         <file>rtsv7M4_T_le_v4SPD16_eabi.lib</file>
         <name>strtok.c.obj</name>
      </input_file>
      <input_file id="fl-f8">
         <path>/Applications/ti/ccsv8/tools/compiler/ti-cgt-arm_18.1.3.LTS/lib/</path>
         <kind>archive</kind>
         <file>rtsv7M4_T_le_v4SPD16_eabi.lib</file>
         <name>strtol.c.obj</name>
      </input_file>
      <input_file id="fl-f9">
         <path>/Applications/ti/ccsv8/tools/compiler/ti-cgt-arm_18.1.3.LTS/lib/</path>
         <kind>archive</kind>
         <file>rtsv7M4_T_le_v4SPD16_eabi.lib</file>
         <name>errno.c.obj</name>
      </input_file>
      <input_file id="fl-fa">
         <path>/Applications/ti/ccsv8/tools/compiler/ti-cgt-arm_18.1.3.LTS/lib/</path>
         <kind>archive</kind>
         <file>rtsv7M4_T_le_v4SPD16_eabi.lib</file>
         <name>boot_cortex_m.c.obj</name>
      </input_file>
      <input_file id="fl-fb">
         <path>/Applications/ti/ccsv8/tools/compiler/ti-cgt-arm_18.1.3.LTS/lib/</path>
         <kind>archive</kind>
         <file>rtsv7M4_T_le_v4SPD16_eabi.lib</file>
         <name>autoinit.c.obj</name>
      </input_file>
      <input_file id="fl-fc">
         <path>/Applications/ti/ccsv8/tools/compiler/ti-cgt-arm_18.1.3.LTS/lib/</path>
         <kind>archive</kind>
         <file>rtsv7M4_T_le_v4SPD16_eabi.lib</file>
         <name>pre_init.c.obj</name>
      </input_file>
      <input_file id="fl-fd">
         <path>/Applications/ti/ccsv8/tools/compiler/ti-cgt-arm_18.1.3.LTS/lib/</path>
         <kind>archive</kind>
         <file>rtsv7M4_T_le_v4SPD16_eabi.lib</file>
         <name>cpy_tbl.c.obj</name>
      </input_file>
      <input_file id="fl-fe">
         <path>/Applications/ti/ccsv8/tools/compiler/ti-cgt-arm_18.1.3.LTS/lib/</path>
         <kind>archive</kind>
         <file>rtsv7M4_T_le_v4SPD16_eabi.lib</file>
         <name>exit.c.obj</name>
      </input_file>
      <input_file id="fl-ff">
         <path>/Applications/ti/ccsv8/tools/compiler/ti-cgt-arm_18.1.3.LTS/lib/</path>
         <kind>archive</kind>
         <file>rtsv7M4_T_le_v4SPD16_eabi.lib</file>
         <name>_lock.c.obj</name>
      </input_file>
      <input_file id="fl-100">
         <path>/Applications/ti/ccsv8/tools/compiler/ti-cgt-arm_18.1.3.LTS/lib/</path>
         <kind>archive</kind>
         <file>rtsv7M4_T_le_v4SPD16_eabi.lib</file>
         <name>args_main.c.obj</name>
      </input_file>
      <input_file id="fl-101">
         <path>/Applications/ti/ccsv8/tools/compiler/ti-cgt-arm_18.1.3.LTS/lib/</path>
         <kind>archive</kind>
         <file>rtsv7M4_T_le_v4SPD16_eabi.lib</file>
         <name>ctype.c.obj</name>
      </input_file>
      <input_file id="fl-102">
         <path>/Applications/ti/ccsv8/tools/compiler/ti-cgt-arm_18.1.3.LTS/lib/</path>
         <kind>archive</kind>
         <file>rtsv7M4_T_le_v4SPD16_eabi.lib</file>
         <name>strcspn.c.obj</name>
      </input_file>
      <input_file id="fl-103">
         <path>/Applications/ti/ccsv8/tools/compiler/ti-cgt-arm_18.1.3.LTS/lib/</path>
         <kind>archive</kind>
         <file>rtsv7M4_T_le_v4SPD16_eabi.lib</file>
         <name>strspn.c.obj</name>
      </input_file>
   </input_file_list>
   <object_component_list>
      <object_component id="oc-10">
         <name>.intvecs:retain</name>
         <load_address>0x0</load_address>
         <run_address>0x0</run_address>
         <size>0x144</size>
         <input_file_ref idref="fl-3"/>
      </object_component>
      <object_component id="oc-89">
         <name>.text</name>
         <load_address>0x144</load_address>
         <run_address>0x144</run_address>
         <size>0x187c</size>
         <input_file_ref idref="fl-19"/>
      </object_component>
      <object_component id="oc-90">
         <name>.text</name>
         <load_address>0x19c0</load_address>
         <run_address>0x19c0</run_address>
         <size>0xd7c</size>
         <input_file_ref idref="fl-20"/>
      </object_component>
      <object_component id="oc-aa">
         <name>.text</name>
         <load_address>0x273c</load_address>
         <run_address>0x273c</run_address>
         <size>0xca4</size>
         <input_file_ref idref="fl-18"/>
      </object_component>
      <object_component id="oc-130">
         <name>.text</name>
         <load_address>0x33e0</load_address>
         <run_address>0x33e0</run_address>
         <size>0x3f0</size>
         <input_file_ref idref="fl-26"/>
      </object_component>
      <object_component id="oc-36">
         <name>.text</name>
         <load_address>0x37d0</load_address>
         <run_address>0x37d0</run_address>
         <size>0x3e4</size>
         <input_file_ref idref="fl-2"/>
      </object_component>
      <object_component id="oc-7c">
         <name>.text</name>
         <load_address>0x3bb4</load_address>
         <run_address>0x3bb4</run_address>
         <size>0x328</size>
         <input_file_ref idref="fl-4"/>
      </object_component>
      <object_component id="oc-30">
         <name>.text</name>
         <load_address>0x3edc</load_address>
         <run_address>0x3edc</run_address>
         <size>0x288</size>
         <input_file_ref idref="fl-12"/>
      </object_component>
      <object_component id="oc-12a">
         <name>.text</name>
         <load_address>0x4164</load_address>
         <run_address>0x4164</run_address>
         <size>0x244</size>
         <input_file_ref idref="fl-2f"/>
      </object_component>
      <object_component id="oc-10e">
         <name>.text</name>
         <load_address>0x43a8</load_address>
         <run_address>0x43a8</run_address>
         <size>0x12a</size>
         <input_file_ref idref="fl-17"/>
      </object_component>
      <object_component id="oc-2b">
         <name>.text</name>
         <load_address>0x44d4</load_address>
         <run_address>0x44d4</run_address>
         <size>0xd2</size>
         <input_file_ref idref="fl-13"/>
      </object_component>
      <object_component id="oc-108">
         <name>.text</name>
         <load_address>0x45a8</load_address>
         <run_address>0x45a8</run_address>
         <size>0xb4</size>
         <input_file_ref idref="fl-16"/>
      </object_component>
      <object_component id="oc-4a">
         <name>.text</name>
         <load_address>0x465c</load_address>
         <run_address>0x465c</run_address>
         <size>0x9c</size>
         <input_file_ref idref="fl-f2"/>
      </object_component>
      <object_component id="oc-e2">
         <name>.text</name>
         <load_address>0x46f8</load_address>
         <run_address>0x46f8</run_address>
         <size>0x7a</size>
         <input_file_ref idref="fl-f1"/>
      </object_component>
      <object_component id="oc-13">
         <name>.text:decompress:lzss:__TI_decompress_lzss</name>
         <load_address>0x4772</load_address>
         <run_address>0x4772</run_address>
         <size>0x68</size>
         <input_file_ref idref="fl-f5"/>
      </object_component>
      <object_component id="oc-184">
         <name>.text:__TI_auto_init_nobinit_nopinit:__TI_auto_init_nobinit_nopinit</name>
         <load_address>0x47dc</load_address>
         <run_address>0x47dc</run_address>
         <size>0x44</size>
         <input_file_ref idref="fl-fb"/>
      </object_component>
      <object_component id="oc-1de">
         <name>.text</name>
         <load_address>0x4820</load_address>
         <run_address>0x4820</run_address>
         <size>0x3e</size>
         <input_file_ref idref="fl-1e"/>
      </object_component>
      <object_component id="oc-68">
         <name>.text:_c_int00_noargs:_c_int00_noargs</name>
         <load_address>0x4860</load_address>
         <run_address>0x4860</run_address>
         <size>0x38</size>
         <input_file_ref idref="fl-fa"/>
      </object_component>
      <object_component id="oc-25">
         <name>.text</name>
         <load_address>0x4898</load_address>
         <run_address>0x4898</run_address>
         <size>0x20</size>
         <input_file_ref idref="fl-3"/>
      </object_component>
      <object_component id="oc-19">
         <name>.text:decompress:none:__TI_decompress_none</name>
         <load_address>0x48b8</load_address>
         <run_address>0x48b8</run_address>
         <size>0xe</size>
         <input_file_ref idref="fl-f4"/>
      </object_component>
      <object_component id="oc-5c">
         <name>.text:decompress:ZI:__TI_zero_init</name>
         <load_address>0x48c6</load_address>
         <run_address>0x48c6</run_address>
         <size>0xc</size>
         <input_file_ref idref="fl-f3"/>
      </object_component>
      <object_component id="oc-e8">
         <name>.text:_system_pre_init</name>
         <load_address>0x48d2</load_address>
         <run_address>0x48d2</run_address>
         <size>0x4</size>
         <input_file_ref idref="fl-fc"/>
      </object_component>
      <object_component id="oc-178">
         <name>.text:abort:abort</name>
         <load_address>0x48d6</load_address>
         <run_address>0x48d6</run_address>
         <size>0x4</size>
         <input_file_ref idref="fl-fe"/>
      </object_component>
      <object_component id="oc-1ea">
         <name>.const:g_pulRegs</name>
         <load_address>0x48dc</load_address>
         <run_address>0x48dc</run_address>
         <size>0x50</size>
         <input_file_ref idref="fl-26"/>
      </object_component>
      <object_component id="oc-1e7">
         <name>.const:g_pulPriority</name>
         <load_address>0x492c</load_address>
         <run_address>0x492c</run_address>
         <size>0x20</size>
         <input_file_ref idref="fl-26"/>
      </object_component>
      <object_component id="oc-1f0">
         <name>.const:g_pulDisRegs</name>
         <load_address>0x494c</load_address>
         <run_address>0x494c</run_address>
         <size>0x8</size>
         <input_file_ref idref="fl-26"/>
      </object_component>
      <object_component id="oc-1ed">
         <name>.const:g_pulEnRegs</name>
         <load_address>0x4954</load_address>
         <run_address>0x4954</run_address>
         <size>0x8</size>
         <input_file_ref idref="fl-26"/>
      </object_component>
      <object_component id="oc-1f3">
         <name>.const:g_pulPendRegs</name>
         <load_address>0x495c</load_address>
         <run_address>0x495c</run_address>
         <size>0x8</size>
         <input_file_ref idref="fl-26"/>
      </object_component>
      <object_component id="oc-1f6">
         <name>.const:g_pulUnpendRegs</name>
         <load_address>0x4964</load_address>
         <run_address>0x4964</run_address>
         <size>0x8</size>
         <input_file_ref idref="fl-26"/>
      </object_component>
      <object_component id="oc-86">
         <name>.const</name>
         <load_address>0x496c</load_address>
         <run_address>0x496c</run_address>
         <size>0x8</size>
         <input_file_ref idref="fl-12"/>
      </object_component>
      <object_component id="oc-2ab">
         <name>.cinit..data.load</name>
         <load_address>0x4978</load_address>
         <run_address>0x4978</run_address>
         <size>0x16</size>
      </object_component>
      <object_component id="oc-2a8">
         <name>__TI_handler_table</name>
         <load_address>0x4990</load_address>
         <run_address>0x4990</run_address>
         <size>0xc</size>
      </object_component>
      <object_component id="oc-2ac">
         <name>.cinit..bss.load</name>
         <load_address>0x49a0</load_address>
         <run_address>0x49a0</run_address>
         <size>0x8</size>
      </object_component>
      <object_component id="oc-2aa">
         <name>.cinit..vtable.load</name>
         <load_address>0x49a8</load_address>
         <run_address>0x49a8</run_address>
         <size>0x8</size>
      </object_component>
      <object_component id="oc-2a9">
         <name>__TI_cinit_table</name>
         <load_address>0x49b0</load_address>
         <run_address>0x49b0</run_address>
         <size>0x18</size>
      </object_component>
      <object_component id="oc-1e4">
         <name>.vtable</name>
         <uninitialized>true</uninitialized>
         <run_address>0x20000000</run_address>
         <size>0xe4</size>
         <input_file_ref idref="fl-26"/>
      </object_component>
      <object_component id="oc-fa">
         <name>.data</name>
         <load_address>0x2000ca04</load_address>
         <run_address>0x2000ca04</run_address>
         <size>0x4</size>
         <input_file_ref idref="fl-4"/>
      </object_component>
      <object_component id="oc-96">
         <name>.data</name>
         <load_address>0x2000c9f0</load_address>
         <run_address>0x2000c9f0</run_address>
         <size>0xc</size>
         <input_file_ref idref="fl-12"/>
      </object_component>
      <object_component id="oc-1c4">
         <name>.data</name>
         <load_address>0x2000c9fc</load_address>
         <run_address>0x2000c9fc</run_address>
         <size>0x8</size>
         <input_file_ref idref="fl-16"/>
      </object_component>
      <object_component id="oc-83">
         <name>.data</name>
         <load_address>0x2000c9c0</load_address>
         <run_address>0x2000c9c0</run_address>
         <size>0x30</size>
         <input_file_ref idref="fl-19"/>
      </object_component>
      <object_component id="oc-b5">
         <name>.bss</name>
         <uninitialized>true</uninitialized>
         <run_address>0x2000c9a0</run_address>
         <size>0x8</size>
         <input_file_ref idref="fl-2"/>
      </object_component>
      <object_component id="oc-1c7">
         <name>.bss:ucHeap</name>
         <uninitialized>true</uninitialized>
         <run_address>0x200000e4</run_address>
         <size>0xc800</size>
         <input_file_ref idref="fl-16"/>
      </object_component>
      <object_component id="oc-114">
         <name>.bss:pxReadyTasksLists</name>
         <uninitialized>true</uninitialized>
         <run_address>0x2000c8e4</run_address>
         <size>0x64</size>
         <input_file_ref idref="fl-19"/>
      </object_component>
      <object_component id="oc-120">
         <name>.bss:xDelayedTaskList1</name>
         <uninitialized>true</uninitialized>
         <run_address>0x2000c948</run_address>
         <size>0x14</size>
         <input_file_ref idref="fl-19"/>
      </object_component>
      <object_component id="oc-123">
         <name>.bss:xDelayedTaskList2</name>
         <uninitialized>true</uninitialized>
         <run_address>0x2000c95c</run_address>
         <size>0x14</size>
         <input_file_ref idref="fl-19"/>
      </object_component>
      <object_component id="oc-117">
         <name>.bss</name>
         <uninitialized>true</uninitialized>
         <run_address>0x2000c9a8</run_address>
         <size>0x8</size>
         <input_file_ref idref="fl-19"/>
      </object_component>
      <object_component id="oc-11d">
         <name>.bss:xPendingReadyList</name>
         <uninitialized>true</uninitialized>
         <run_address>0x2000c970</run_address>
         <size>0x14</size>
         <input_file_ref idref="fl-19"/>
      </object_component>
      <object_component id="oc-11a">
         <name>.bss:xSuspendedTaskList</name>
         <uninitialized>true</uninitialized>
         <run_address>0x2000c984</run_address>
         <size>0x14</size>
         <input_file_ref idref="fl-19"/>
      </object_component>
      <object_component id="oc-127">
         <name>.bss</name>
         <uninitialized>true</uninitialized>
         <run_address>0x2000c998</run_address>
         <size>0x8</size>
         <input_file_ref idref="fl-20"/>
      </object_component>
      <object_component id="oc-b0">
         <name>.common:xBinarySemaphore</name>
         <uninitialized>true</uninitialized>
         <run_address>0x2000c9b8</run_address>
         <size>0x4</size>
      </object_component>
      <object_component id="oc-b3">
         <name>.common:xMutex</name>
         <uninitialized>true</uninitialized>
         <run_address>0x2000c9bc</run_address>
         <size>0x4</size>
      </object_component>
      <object_component id="oc-b4">
         <name>.common:commandVar</name>
         <uninitialized>true</uninitialized>
         <run_address>0x2000c9b0</run_address>
         <size>0x6</size>
      </object_component>
      <object_component id="oc-22">
         <name>.stack</name>
         <uninitialized>true</uninitialized>
         <run_address>0x2000fe00</run_address>
         <size>0x4</size>
         <input_file_ref idref="fl-fa"/>
      </object_component>
      <object_component id="oc-2ad">
         <name>.stack</name>
         <uninitialized>true</uninitialized>
         <run_address>0x2000fe00</run_address>
         <size>0x0</size>
      </object_component>
      <object_component id="oc-b1">
         <name>.debug_info</name>
         <load_address>0x0</load_address>
         <run_address>0x0</run_address>
         <size>0x908</size>
         <input_file_ref idref="fl-2"/>
      </object_component>
      <object_component id="oc-37">
         <name>.debug_info</name>
         <load_address>0x908</load_address>
         <run_address>0x908</run_address>
         <size>0x5f3</size>
         <input_file_ref idref="fl-2"/>
      </object_component>
      <object_component id="oc-101">
         <name>.debug_info</name>
         <load_address>0xefb</load_address>
         <run_address>0xefb</run_address>
         <size>0x30c</size>
         <input_file_ref idref="fl-2"/>
      </object_component>
      <object_component id="oc-163">
         <name>.debug_info</name>
         <load_address>0x1207</load_address>
         <run_address>0x1207</run_address>
         <size>0x72</size>
         <input_file_ref idref="fl-2"/>
      </object_component>
      <object_component id="oc-c8">
         <name>.debug_info</name>
         <load_address>0x1279</load_address>
         <run_address>0x1279</run_address>
         <size>0x26b</size>
         <input_file_ref idref="fl-2"/>
      </object_component>
      <object_component id="oc-c3">
         <name>.debug_info</name>
         <load_address>0x14e4</load_address>
         <run_address>0x14e4</run_address>
         <size>0x103e</size>
         <input_file_ref idref="fl-2"/>
      </object_component>
      <object_component id="oc-be">
         <name>.debug_info</name>
         <load_address>0x2522</load_address>
         <run_address>0x2522</run_address>
         <size>0x37e2</size>
         <input_file_ref idref="fl-2"/>
      </object_component>
      <object_component id="oc-1fd">
         <name>.debug_info</name>
         <load_address>0x5d04</load_address>
         <run_address>0x5d04</run_address>
         <size>0x1b5</size>
         <input_file_ref idref="fl-2"/>
      </object_component>
      <object_component id="oc-146">
         <name>.debug_info</name>
         <load_address>0x5eb9</load_address>
         <run_address>0x5eb9</run_address>
         <size>0x3cd</size>
         <input_file_ref idref="fl-2"/>
      </object_component>
      <object_component id="oc-b7">
         <name>.debug_info</name>
         <load_address>0x6286</load_address>
         <run_address>0x6286</run_address>
         <size>0x8b</size>
         <input_file_ref idref="fl-2"/>
      </object_component>
      <object_component id="oc-151">
         <name>.debug_info</name>
         <load_address>0x6311</load_address>
         <run_address>0x6311</run_address>
         <size>0x46</size>
         <input_file_ref idref="fl-2"/>
      </object_component>
      <object_component id="oc-15e">
         <name>.debug_info</name>
         <load_address>0x6357</load_address>
         <run_address>0x6357</run_address>
         <size>0x2c</size>
         <input_file_ref idref="fl-2"/>
      </object_component>
      <object_component id="oc-9b">
         <name>.debug_info</name>
         <load_address>0x6383</load_address>
         <run_address>0x6383</run_address>
         <size>0x2c</size>
         <input_file_ref idref="fl-2"/>
      </object_component>
      <object_component id="oc-14b">
         <name>.debug_info</name>
         <load_address>0x63af</load_address>
         <run_address>0x63af</run_address>
         <size>0x297</size>
         <input_file_ref idref="fl-2"/>
      </object_component>
      <object_component id="oc-137">
         <name>.debug_info</name>
         <load_address>0x6646</load_address>
         <run_address>0x6646</run_address>
         <size>0xef</size>
         <input_file_ref idref="fl-2"/>
      </object_component>
      <object_component id="oc-a5">
         <name>.debug_info</name>
         <load_address>0x6735</load_address>
         <run_address>0x6735</run_address>
         <size>0xbb</size>
         <input_file_ref idref="fl-2"/>
      </object_component>
      <object_component id="oc-a0">
         <name>.debug_info</name>
         <load_address>0x67f0</load_address>
         <run_address>0x67f0</run_address>
         <size>0x53</size>
         <input_file_ref idref="fl-2"/>
      </object_component>
      <object_component id="oc-141">
         <name>.debug_info</name>
         <load_address>0x6843</load_address>
         <run_address>0x6843</run_address>
         <size>0x14c</size>
         <input_file_ref idref="fl-2"/>
      </object_component>
      <object_component id="oc-3e">
         <name>.debug_info</name>
         <load_address>0x698f</load_address>
         <run_address>0x698f</run_address>
         <size>0x658</size>
         <input_file_ref idref="fl-3"/>
      </object_component>
      <object_component id="oc-11">
         <name>.debug_info</name>
         <load_address>0x6fe7</load_address>
         <run_address>0x6fe7</run_address>
         <size>0x104</size>
         <input_file_ref idref="fl-3"/>
      </object_component>
      <object_component id="oc-26">
         <name>.debug_info</name>
         <load_address>0x70eb</load_address>
         <run_address>0x70eb</run_address>
         <size>0x244</size>
         <input_file_ref idref="fl-3"/>
      </object_component>
      <object_component id="oc-45">
         <name>.debug_info</name>
         <load_address>0x732f</load_address>
         <run_address>0x732f</run_address>
         <size>0x84</size>
         <input_file_ref idref="fl-3"/>
      </object_component>
      <object_component id="oc-fb">
         <name>.debug_info</name>
         <load_address>0x73b3</load_address>
         <run_address>0x73b3</run_address>
         <size>0x102</size>
         <input_file_ref idref="fl-4"/>
      </object_component>
      <object_component id="oc-7d">
         <name>.debug_info</name>
         <load_address>0x74b5</load_address>
         <run_address>0x74b5</run_address>
         <size>0x274</size>
         <input_file_ref idref="fl-4"/>
      </object_component>
      <object_component id="oc-16f">
         <name>.debug_info</name>
         <load_address>0x7729</load_address>
         <run_address>0x7729</run_address>
         <size>0x2c</size>
         <input_file_ref idref="fl-5"/>
      </object_component>
      <object_component id="oc-9a">
         <name>.debug_info</name>
         <load_address>0x7755</load_address>
         <run_address>0x7755</run_address>
         <size>0x75e</size>
         <input_file_ref idref="fl-12"/>
      </object_component>
      <object_component id="oc-87">
         <name>.debug_info</name>
         <load_address>0x7eb3</load_address>
         <run_address>0x7eb3</run_address>
         <size>0x1ac</size>
         <input_file_ref idref="fl-12"/>
      </object_component>
      <object_component id="oc-97">
         <name>.debug_info</name>
         <load_address>0x805f</load_address>
         <run_address>0x805f</run_address>
         <size>0x1b7</size>
         <input_file_ref idref="fl-12"/>
      </object_component>
      <object_component id="oc-34">
         <name>.debug_info</name>
         <load_address>0x8216</load_address>
         <run_address>0x8216</run_address>
         <size>0xc93</size>
         <input_file_ref idref="fl-12"/>
      </object_component>
      <object_component id="oc-2e">
         <name>.debug_info</name>
         <load_address>0x8ea9</load_address>
         <run_address>0x8ea9</run_address>
         <size>0x29c</size>
         <input_file_ref idref="fl-13"/>
      </object_component>
      <object_component id="oc-209">
         <name>.debug_info</name>
         <load_address>0x9145</load_address>
         <run_address>0x9145</run_address>
         <size>0x92b</size>
         <input_file_ref idref="fl-15"/>
      </object_component>
      <object_component id="oc-157">
         <name>.debug_info</name>
         <load_address>0x9a70</load_address>
         <run_address>0x9a70</run_address>
         <size>0x110</size>
         <input_file_ref idref="fl-15"/>
      </object_component>
      <object_component id="oc-247">
         <name>.debug_info</name>
         <load_address>0x9b80</load_address>
         <run_address>0x9b80</run_address>
         <size>0x39</size>
         <input_file_ref idref="fl-15"/>
      </object_component>
      <object_component id="oc-1ba">
         <name>.debug_info</name>
         <load_address>0x9bb9</load_address>
         <run_address>0x9bb9</run_address>
         <size>0x46</size>
         <input_file_ref idref="fl-15"/>
      </object_component>
      <object_component id="oc-24c">
         <name>.debug_info</name>
         <load_address>0x9bff</load_address>
         <run_address>0x9bff</run_address>
         <size>0x76</size>
         <input_file_ref idref="fl-15"/>
      </object_component>
      <object_component id="oc-1cb">
         <name>.debug_info</name>
         <load_address>0x9c75</load_address>
         <run_address>0x9c75</run_address>
         <size>0x702</size>
         <input_file_ref idref="fl-16"/>
      </object_component>
      <object_component id="oc-1c8">
         <name>.debug_info</name>
         <load_address>0xa377</load_address>
         <run_address>0xa377</run_address>
         <size>0x131</size>
         <input_file_ref idref="fl-16"/>
      </object_component>
      <object_component id="oc-1c5">
         <name>.debug_info</name>
         <load_address>0xa4a8</load_address>
         <run_address>0xa4a8</run_address>
         <size>0x13f</size>
         <input_file_ref idref="fl-16"/>
      </object_component>
      <object_component id="oc-109">
         <name>.debug_info</name>
         <load_address>0xa5e7</load_address>
         <run_address>0xa5e7</run_address>
         <size>0x5b7</size>
         <input_file_ref idref="fl-16"/>
      </object_component>
      <object_component id="oc-1cd">
         <name>.debug_info</name>
         <load_address>0xab9e</load_address>
         <run_address>0xab9e</run_address>
         <size>0x67b</size>
         <input_file_ref idref="fl-17"/>
      </object_component>
      <object_component id="oc-10f">
         <name>.debug_info</name>
         <load_address>0xb219</load_address>
         <run_address>0xb219</run_address>
         <size>0x7b5</size>
         <input_file_ref idref="fl-17"/>
      </object_component>
      <object_component id="oc-156">
         <name>.debug_info</name>
         <load_address>0xb9ce</load_address>
         <run_address>0xb9ce</run_address>
         <size>0xad4</size>
         <input_file_ref idref="fl-18"/>
      </object_component>
      <object_component id="oc-ab">
         <name>.debug_info</name>
         <load_address>0xc4a2</load_address>
         <run_address>0xc4a2</run_address>
         <size>0x3943</size>
         <input_file_ref idref="fl-18"/>
      </object_component>
      <object_component id="oc-204">
         <name>.debug_info</name>
         <load_address>0xfde5</load_address>
         <run_address>0xfde5</run_address>
         <size>0x17d</size>
         <input_file_ref idref="fl-18"/>
      </object_component>
      <object_component id="oc-100">
         <name>.debug_info</name>
         <load_address>0xff62</load_address>
         <run_address>0xff62</run_address>
         <size>0xa8a</size>
         <input_file_ref idref="fl-19"/>
      </object_component>
      <object_component id="oc-84">
         <name>.debug_info</name>
         <load_address>0x109ec</load_address>
         <run_address>0x109ec</run_address>
         <size>0x357</size>
         <input_file_ref idref="fl-19"/>
      </object_component>
      <object_component id="oc-115">
         <name>.debug_info</name>
         <load_address>0x10d43</load_address>
         <run_address>0x10d43</run_address>
         <size>0x147</size>
         <input_file_ref idref="fl-19"/>
      </object_component>
      <object_component id="oc-121">
         <name>.debug_info</name>
         <load_address>0x10e8a</load_address>
         <run_address>0x10e8a</run_address>
         <size>0x147</size>
         <input_file_ref idref="fl-19"/>
      </object_component>
      <object_component id="oc-124">
         <name>.debug_info</name>
         <load_address>0x10fd1</load_address>
         <run_address>0x10fd1</run_address>
         <size>0x147</size>
         <input_file_ref idref="fl-19"/>
      </object_component>
      <object_component id="oc-118">
         <name>.debug_info</name>
         <load_address>0x11118</load_address>
         <run_address>0x11118</run_address>
         <size>0x18a</size>
         <input_file_ref idref="fl-19"/>
      </object_component>
      <object_component id="oc-11e">
         <name>.debug_info</name>
         <load_address>0x112a2</load_address>
         <run_address>0x112a2</run_address>
         <size>0x147</size>
         <input_file_ref idref="fl-19"/>
      </object_component>
      <object_component id="oc-11b">
         <name>.debug_info</name>
         <load_address>0x113e9</load_address>
         <run_address>0x113e9</run_address>
         <size>0x149</size>
         <input_file_ref idref="fl-19"/>
      </object_component>
      <object_component id="oc-8a">
         <name>.debug_info</name>
         <load_address>0x11532</load_address>
         <run_address>0x11532</run_address>
         <size>0x5c5b</size>
         <input_file_ref idref="fl-19"/>
      </object_component>
      <object_component id="oc-1bf">
         <name>.debug_info</name>
         <load_address>0x1718d</load_address>
         <run_address>0x1718d</run_address>
         <size>0x146</size>
         <input_file_ref idref="fl-19"/>
      </object_component>
      <object_component id="oc-1df">
         <name>.debug_info</name>
         <load_address>0x172d3</load_address>
         <run_address>0x172d3</run_address>
         <size>0x66f</size>
         <input_file_ref idref="fl-1e"/>
      </object_component>
      <object_component id="oc-13c">
         <name>.debug_info</name>
         <load_address>0x17942</load_address>
         <run_address>0x17942</run_address>
         <size>0x7ca</size>
         <input_file_ref idref="fl-20"/>
      </object_component>
      <object_component id="oc-128">
         <name>.debug_info</name>
         <load_address>0x1810c</load_address>
         <run_address>0x1810c</run_address>
         <size>0x14b</size>
         <input_file_ref idref="fl-20"/>
      </object_component>
      <object_component id="oc-91">
         <name>.debug_info</name>
         <load_address>0x18257</load_address>
         <run_address>0x18257</run_address>
         <size>0x317d</size>
         <input_file_ref idref="fl-20"/>
      </object_component>
      <object_component id="oc-1fa">
         <name>.debug_info</name>
         <load_address>0x1b3d4</load_address>
         <run_address>0x1b3d4</run_address>
         <size>0x661</size>
         <input_file_ref idref="fl-26"/>
      </object_component>
      <object_component id="oc-1e8">
         <name>.debug_info</name>
         <load_address>0x1ba35</load_address>
         <run_address>0x1ba35</run_address>
         <size>0x13c</size>
         <input_file_ref idref="fl-26"/>
      </object_component>
      <object_component id="oc-1eb">
         <name>.debug_info</name>
         <load_address>0x1bb71</load_address>
         <run_address>0x1bb71</run_address>
         <size>0x134</size>
         <input_file_ref idref="fl-26"/>
      </object_component>
      <object_component id="oc-1ee">
         <name>.debug_info</name>
         <load_address>0x1bca5</load_address>
         <run_address>0x1bca5</run_address>
         <size>0x138</size>
         <input_file_ref idref="fl-26"/>
      </object_component>
      <object_component id="oc-1f1">
         <name>.debug_info</name>
         <load_address>0x1bddd</load_address>
         <run_address>0x1bddd</run_address>
         <size>0x13a</size>
         <input_file_ref idref="fl-26"/>
      </object_component>
      <object_component id="oc-1f4">
         <name>.debug_info</name>
         <load_address>0x1bf17</load_address>
         <run_address>0x1bf17</run_address>
         <size>0x13c</size>
         <input_file_ref idref="fl-26"/>
      </object_component>
      <object_component id="oc-1f7">
         <name>.debug_info</name>
         <load_address>0x1c053</load_address>
         <run_address>0x1c053</run_address>
         <size>0x140</size>
         <input_file_ref idref="fl-26"/>
      </object_component>
      <object_component id="oc-1e5">
         <name>.debug_info</name>
         <load_address>0x1c193</load_address>
         <run_address>0x1c193</run_address>
         <size>0x141</size>
         <input_file_ref idref="fl-26"/>
      </object_component>
      <object_component id="oc-131">
         <name>.debug_info</name>
         <load_address>0x1c2d4</load_address>
         <run_address>0x1c2d4</run_address>
         <size>0x19dc</size>
         <input_file_ref idref="fl-26"/>
      </object_component>
      <object_component id="oc-1dd">
         <name>.debug_info</name>
         <load_address>0x1dcb0</load_address>
         <run_address>0x1dcb0</run_address>
         <size>0x599</size>
         <input_file_ref idref="fl-2f"/>
      </object_component>
      <object_component id="oc-12b">
         <name>.debug_info</name>
         <load_address>0x1e249</load_address>
         <run_address>0x1e249</run_address>
         <size>0x160f</size>
         <input_file_ref idref="fl-2f"/>
      </object_component>
      <object_component id="oc-e3">
         <name>.debug_info</name>
         <load_address>0x1f858</load_address>
         <run_address>0x1f858</run_address>
         <size>0x13f</size>
         <input_file_ref idref="fl-f1"/>
      </object_component>
      <object_component id="oc-4b">
         <name>.debug_info</name>
         <load_address>0x1f997</load_address>
         <run_address>0x1f997</run_address>
         <size>0x111</size>
         <input_file_ref idref="fl-f2"/>
      </object_component>
      <object_component id="oc-e1">
         <name>.debug_info</name>
         <load_address>0x1faa8</load_address>
         <run_address>0x1faa8</run_address>
         <size>0x313</size>
         <input_file_ref idref="fl-f3"/>
      </object_component>
      <object_component id="oc-5d">
         <name>.debug_info</name>
         <load_address>0x1fdbb</load_address>
         <run_address>0x1fdbb</run_address>
         <size>0x1aa</size>
         <input_file_ref idref="fl-f3"/>
      </object_component>
      <object_component id="oc-dc">
         <name>.debug_info</name>
         <load_address>0x1ff65</load_address>
         <run_address>0x1ff65</run_address>
         <size>0x46</size>
         <input_file_ref idref="fl-f3"/>
      </object_component>
      <object_component id="oc-55">
         <name>.debug_info</name>
         <load_address>0x1ffab</load_address>
         <run_address>0x1ffab</run_address>
         <size>0x29d</size>
         <input_file_ref idref="fl-f4"/>
      </object_component>
      <object_component id="oc-1a">
         <name>.debug_info</name>
         <load_address>0x20248</load_address>
         <run_address>0x20248</run_address>
         <size>0x1df</size>
         <input_file_ref idref="fl-f4"/>
      </object_component>
      <object_component id="oc-50">
         <name>.debug_info</name>
         <load_address>0x20427</load_address>
         <run_address>0x20427</run_address>
         <size>0x46</size>
         <input_file_ref idref="fl-f4"/>
      </object_component>
      <object_component id="oc-d4">
         <name>.debug_info</name>
         <load_address>0x2046d</load_address>
         <run_address>0x2046d</run_address>
         <size>0x2c</size>
         <input_file_ref idref="fl-f4"/>
      </object_component>
      <object_component id="oc-d2">
         <name>.debug_info</name>
         <load_address>0x20499</load_address>
         <run_address>0x20499</run_address>
         <size>0x293</size>
         <input_file_ref idref="fl-f5"/>
      </object_component>
      <object_component id="oc-14">
         <name>.debug_info</name>
         <load_address>0x2072c</load_address>
         <run_address>0x2072c</run_address>
         <size>0x245</size>
         <input_file_ref idref="fl-f5"/>
      </object_component>
      <object_component id="oc-40">
         <name>.debug_info</name>
         <load_address>0x20971</load_address>
         <run_address>0x20971</run_address>
         <size>0x60</size>
         <input_file_ref idref="fl-f5"/>
      </object_component>
      <object_component id="oc-168">
         <name>.debug_info</name>
         <load_address>0x209d1</load_address>
         <run_address>0x209d1</run_address>
         <size>0x46</size>
         <input_file_ref idref="fl-f5"/>
      </object_component>
      <object_component id="oc-cd">
         <name>.debug_info</name>
         <load_address>0x20a17</load_address>
         <run_address>0x20a17</run_address>
         <size>0x39</size>
         <input_file_ref idref="fl-f5"/>
      </object_component>
      <object_component id="oc-23">
         <name>.debug_info</name>
         <load_address>0x20a50</load_address>
         <run_address>0x20a50</run_address>
         <size>0x100</size>
         <input_file_ref idref="fl-fa"/>
      </object_component>
      <object_component id="oc-69">
         <name>.debug_info</name>
         <load_address>0x20b50</load_address>
         <run_address>0x20b50</run_address>
         <size>0x1a4</size>
         <input_file_ref idref="fl-fa"/>
      </object_component>
      <object_component id="oc-215">
         <name>.debug_info</name>
         <load_address>0x20cf4</load_address>
         <run_address>0x20cf4</run_address>
         <size>0x547</size>
         <input_file_ref idref="fl-fb"/>
      </object_component>
      <object_component id="oc-185">
         <name>.debug_info</name>
         <load_address>0x2123b</load_address>
         <run_address>0x2123b</run_address>
         <size>0x19b</size>
         <input_file_ref idref="fl-fb"/>
      </object_component>
      <object_component id="oc-261">
         <name>.debug_info</name>
         <load_address>0x213d6</load_address>
         <run_address>0x213d6</run_address>
         <size>0x39</size>
         <input_file_ref idref="fl-fb"/>
      </object_component>
      <object_component id="oc-275">
         <name>.debug_info</name>
         <load_address>0x2140f</load_address>
         <run_address>0x2140f</run_address>
         <size>0x39</size>
         <input_file_ref idref="fl-fb"/>
      </object_component>
      <object_component id="oc-266">
         <name>.debug_info</name>
         <load_address>0x21448</load_address>
         <run_address>0x21448</run_address>
         <size>0x39</size>
         <input_file_ref idref="fl-fb"/>
      </object_component>
      <object_component id="oc-26b">
         <name>.debug_info</name>
         <load_address>0x21481</load_address>
         <run_address>0x21481</run_address>
         <size>0xcd</size>
         <input_file_ref idref="fl-fb"/>
      </object_component>
      <object_component id="oc-e9">
         <name>.debug_info</name>
         <load_address>0x2154e</load_address>
         <run_address>0x2154e</run_address>
         <size>0x148</size>
         <input_file_ref idref="fl-fc"/>
      </object_component>
      <object_component id="oc-17c">
         <name>.debug_info</name>
         <load_address>0x21696</load_address>
         <run_address>0x21696</run_address>
         <size>0x117</size>
         <input_file_ref idref="fl-fe"/>
      </object_component>
      <object_component id="oc-2ae">
         <name>.debug_info</name>
         <load_address>0x217ad</load_address>
         <run_address>0x217ad</run_address>
         <size>0xb8</size>
      </object_component>
      <object_component id="oc-15d">
         <name>.debug_line</name>
         <load_address>0x0</load_address>
         <run_address>0x0</run_address>
         <size>0x137</size>
         <input_file_ref idref="fl-2"/>
      </object_component>
      <object_component id="oc-3a">
         <name>.debug_line</name>
         <load_address>0x137</load_address>
         <run_address>0x137</run_address>
         <size>0x16f</size>
         <input_file_ref idref="fl-2"/>
      </object_component>
      <object_component id="oc-104">
         <name>.debug_line</name>
         <load_address>0x2a6</load_address>
         <run_address>0x2a6</run_address>
         <size>0x7b</size>
         <input_file_ref idref="fl-2"/>
      </object_component>
      <object_component id="oc-166">
         <name>.debug_line</name>
         <load_address>0x321</load_address>
         <run_address>0x321</run_address>
         <size>0x2d</size>
         <input_file_ref idref="fl-2"/>
      </object_component>
      <object_component id="oc-cb">
         <name>.debug_line</name>
         <load_address>0x34e</load_address>
         <run_address>0x34e</run_address>
         <size>0x74</size>
         <input_file_ref idref="fl-2"/>
      </object_component>
      <object_component id="oc-c6">
         <name>.debug_line</name>
         <load_address>0x3c2</load_address>
         <run_address>0x3c2</run_address>
         <size>0x78</size>
         <input_file_ref idref="fl-2"/>
      </object_component>
      <object_component id="oc-c1">
         <name>.debug_line</name>
         <load_address>0x43a</load_address>
         <run_address>0x43a</run_address>
         <size>0x5d</size>
         <input_file_ref idref="fl-2"/>
      </object_component>
      <object_component id="oc-200">
         <name>.debug_line</name>
         <load_address>0x497</load_address>
         <run_address>0x497</run_address>
         <size>0x77</size>
         <input_file_ref idref="fl-2"/>
      </object_component>
      <object_component id="oc-149">
         <name>.debug_line</name>
         <load_address>0x50e</load_address>
         <run_address>0x50e</run_address>
         <size>0x7f</size>
         <input_file_ref idref="fl-2"/>
      </object_component>
      <object_component id="oc-ba">
         <name>.debug_line</name>
         <load_address>0x58d</load_address>
         <run_address>0x58d</run_address>
         <size>0x20</size>
         <input_file_ref idref="fl-2"/>
      </object_component>
      <object_component id="oc-154">
         <name>.debug_line</name>
         <load_address>0x5ad</load_address>
         <run_address>0x5ad</run_address>
         <size>0x7c</size>
         <input_file_ref idref="fl-2"/>
      </object_component>
      <object_component id="oc-161">
         <name>.debug_line</name>
         <load_address>0x629</load_address>
         <run_address>0x629</run_address>
         <size>0x7d</size>
         <input_file_ref idref="fl-2"/>
      </object_component>
      <object_component id="oc-9e">
         <name>.debug_line</name>
         <load_address>0x6a6</load_address>
         <run_address>0x6a6</run_address>
         <size>0x7f</size>
         <input_file_ref idref="fl-2"/>
      </object_component>
      <object_component id="oc-14e">
         <name>.debug_line</name>
         <load_address>0x725</load_address>
         <run_address>0x725</run_address>
         <size>0x78</size>
         <input_file_ref idref="fl-2"/>
      </object_component>
      <object_component id="oc-13a">
         <name>.debug_line</name>
         <load_address>0x79d</load_address>
         <run_address>0x79d</run_address>
         <size>0x74</size>
         <input_file_ref idref="fl-2"/>
      </object_component>
      <object_component id="oc-a8">
         <name>.debug_line</name>
         <load_address>0x811</load_address>
         <run_address>0x811</run_address>
         <size>0x75</size>
         <input_file_ref idref="fl-2"/>
      </object_component>
      <object_component id="oc-a3">
         <name>.debug_line</name>
         <load_address>0x886</load_address>
         <run_address>0x886</run_address>
         <size>0x86</size>
         <input_file_ref idref="fl-2"/>
      </object_component>
      <object_component id="oc-144">
         <name>.debug_line</name>
         <load_address>0x90c</load_address>
         <run_address>0x90c</run_address>
         <size>0x7b</size>
         <input_file_ref idref="fl-2"/>
      </object_component>
      <object_component id="oc-bd">
         <name>.debug_line</name>
         <load_address>0x987</load_address>
         <run_address>0x987</run_address>
         <size>0x7f</size>
         <input_file_ref idref="fl-3"/>
      </object_component>
      <object_component id="oc-3d">
         <name>.debug_line</name>
         <load_address>0xa06</load_address>
         <run_address>0xa06</run_address>
         <size>0x3b</size>
         <input_file_ref idref="fl-3"/>
      </object_component>
      <object_component id="oc-29">
         <name>.debug_line</name>
         <load_address>0xa41</load_address>
         <run_address>0xa41</run_address>
         <size>0x9d</size>
         <input_file_ref idref="fl-3"/>
      </object_component>
      <object_component id="oc-48">
         <name>.debug_line</name>
         <load_address>0xade</load_address>
         <run_address>0xade</run_address>
         <size>0x20</size>
         <input_file_ref idref="fl-3"/>
      </object_component>
      <object_component id="oc-1b7">
         <name>.debug_line</name>
         <load_address>0xafe</load_address>
         <run_address>0xafe</run_address>
         <size>0x3b</size>
         <input_file_ref idref="fl-4"/>
      </object_component>
      <object_component id="oc-80">
         <name>.debug_line</name>
         <load_address>0xb39</load_address>
         <run_address>0xb39</run_address>
         <size>0x146</size>
         <input_file_ref idref="fl-4"/>
      </object_component>
      <object_component id="oc-172">
         <name>.debug_line</name>
         <load_address>0xc7f</load_address>
         <run_address>0xc7f</run_address>
         <size>0x70</size>
         <input_file_ref idref="fl-5"/>
      </object_component>
      <object_component id="oc-140">
         <name>.debug_line</name>
         <load_address>0xcef</load_address>
         <run_address>0xcef</run_address>
         <size>0x12f</size>
         <input_file_ref idref="fl-12"/>
      </object_component>
      <object_component id="oc-107">
         <name>.debug_line</name>
         <load_address>0xe1e</load_address>
         <run_address>0xe1e</run_address>
         <size>0x81</size>
         <input_file_ref idref="fl-12"/>
      </object_component>
      <object_component id="oc-13e">
         <name>.debug_line</name>
         <load_address>0xe9f</load_address>
         <run_address>0xe9f</run_address>
         <size>0x81</size>
         <input_file_ref idref="fl-12"/>
      </object_component>
      <object_component id="oc-33">
         <name>.debug_line</name>
         <load_address>0xf20</load_address>
         <run_address>0xf20</run_address>
         <size>0x1b7</size>
         <input_file_ref idref="fl-12"/>
      </object_component>
      <object_component id="oc-2d">
         <name>.debug_line</name>
         <load_address>0x10d7</load_address>
         <run_address>0x10d7</run_address>
         <size>0x11d</size>
         <input_file_ref idref="fl-13"/>
      </object_component>
      <object_component id="oc-246">
         <name>.debug_line</name>
         <load_address>0x11f4</load_address>
         <run_address>0x11f4</run_address>
         <size>0x19b</size>
         <input_file_ref idref="fl-15"/>
      </object_component>
      <object_component id="oc-15a">
         <name>.debug_line</name>
         <load_address>0x138f</load_address>
         <run_address>0x138f</run_address>
         <size>0x70</size>
         <input_file_ref idref="fl-15"/>
      </object_component>
      <object_component id="oc-24a">
         <name>.debug_line</name>
         <load_address>0x13ff</load_address>
         <run_address>0x13ff</run_address>
         <size>0x83</size>
         <input_file_ref idref="fl-15"/>
      </object_component>
      <object_component id="oc-1bd">
         <name>.debug_line</name>
         <load_address>0x1482</load_address>
         <run_address>0x1482</run_address>
         <size>0x7d</size>
         <input_file_ref idref="fl-15"/>
      </object_component>
      <object_component id="oc-24f">
         <name>.debug_line</name>
         <load_address>0x14ff</load_address>
         <run_address>0x14ff</run_address>
         <size>0x83</size>
         <input_file_ref idref="fl-15"/>
      </object_component>
      <object_component id="oc-22f">
         <name>.debug_line</name>
         <load_address>0x1582</load_address>
         <run_address>0x1582</run_address>
         <size>0x7b</size>
         <input_file_ref idref="fl-16"/>
      </object_component>
      <object_component id="oc-22d">
         <name>.debug_line</name>
         <load_address>0x15fd</load_address>
         <run_address>0x15fd</run_address>
         <size>0x7d</size>
         <input_file_ref idref="fl-16"/>
      </object_component>
      <object_component id="oc-22b">
         <name>.debug_line</name>
         <load_address>0x167a</load_address>
         <run_address>0x167a</run_address>
         <size>0x7d</size>
         <input_file_ref idref="fl-16"/>
      </object_component>
      <object_component id="oc-10c">
         <name>.debug_line</name>
         <load_address>0x16f7</load_address>
         <run_address>0x16f7</run_address>
         <size>0xfe</size>
         <input_file_ref idref="fl-16"/>
      </object_component>
      <object_component id="oc-231">
         <name>.debug_line</name>
         <load_address>0x17f5</load_address>
         <run_address>0x17f5</run_address>
         <size>0x20</size>
         <input_file_ref idref="fl-17"/>
      </object_component>
      <object_component id="oc-112">
         <name>.debug_line</name>
         <load_address>0x1815</load_address>
         <run_address>0x1815</run_address>
         <size>0x133</size>
         <input_file_ref idref="fl-17"/>
      </object_component>
      <object_component id="oc-203">
         <name>.debug_line</name>
         <load_address>0x1948</load_address>
         <run_address>0x1948</run_address>
         <size>0x19b</size>
         <input_file_ref idref="fl-18"/>
      </object_component>
      <object_component id="oc-ae">
         <name>.debug_line</name>
         <load_address>0x1ae3</load_address>
         <run_address>0x1ae3</run_address>
         <size>0x79d</size>
         <input_file_ref idref="fl-18"/>
      </object_component>
      <object_component id="oc-207">
         <name>.debug_line</name>
         <load_address>0x2280</load_address>
         <run_address>0x2280</run_address>
         <size>0x7c</size>
         <input_file_ref idref="fl-18"/>
      </object_component>
      <object_component id="oc-1b9">
         <name>.debug_line</name>
         <load_address>0x22fc</load_address>
         <run_address>0x22fc</run_address>
         <size>0x190</size>
         <input_file_ref idref="fl-19"/>
      </object_component>
      <object_component id="oc-ff">
         <name>.debug_line</name>
         <load_address>0x248c</load_address>
         <run_address>0x248c</run_address>
         <size>0x7c</size>
         <input_file_ref idref="fl-19"/>
      </object_component>
      <object_component id="oc-1cf">
         <name>.debug_line</name>
         <load_address>0x2508</load_address>
         <run_address>0x2508</run_address>
         <size>0x7c</size>
         <input_file_ref idref="fl-19"/>
      </object_component>
      <object_component id="oc-1d7">
         <name>.debug_line</name>
         <load_address>0x2584</load_address>
         <run_address>0x2584</run_address>
         <size>0x7c</size>
         <input_file_ref idref="fl-19"/>
      </object_component>
      <object_component id="oc-1d9">
         <name>.debug_line</name>
         <load_address>0x2600</load_address>
         <run_address>0x2600</run_address>
         <size>0x7c</size>
         <input_file_ref idref="fl-19"/>
      </object_component>
      <object_component id="oc-1d1">
         <name>.debug_line</name>
         <load_address>0x267c</load_address>
         <run_address>0x267c</run_address>
         <size>0x7c</size>
         <input_file_ref idref="fl-19"/>
      </object_component>
      <object_component id="oc-1d5">
         <name>.debug_line</name>
         <load_address>0x26f8</load_address>
         <run_address>0x26f8</run_address>
         <size>0x7c</size>
         <input_file_ref idref="fl-19"/>
      </object_component>
      <object_component id="oc-1d3">
         <name>.debug_line</name>
         <load_address>0x2774</load_address>
         <run_address>0x2774</run_address>
         <size>0x7c</size>
         <input_file_ref idref="fl-19"/>
      </object_component>
      <object_component id="oc-8d">
         <name>.debug_line</name>
         <load_address>0x27f0</load_address>
         <run_address>0x27f0</run_address>
         <size>0xc17</size>
         <input_file_ref idref="fl-19"/>
      </object_component>
      <object_component id="oc-1c2">
         <name>.debug_line</name>
         <load_address>0x3407</load_address>
         <run_address>0x3407</run_address>
         <size>0x7c</size>
         <input_file_ref idref="fl-19"/>
      </object_component>
      <object_component id="oc-1e2">
         <name>.debug_line</name>
         <load_address>0x3483</load_address>
         <run_address>0x3483</run_address>
         <size>0x117</size>
         <input_file_ref idref="fl-1e"/>
      </object_component>
      <object_component id="oc-1fc">
         <name>.debug_line</name>
         <load_address>0x359a</load_address>
         <run_address>0x359a</run_address>
         <size>0xd1</size>
         <input_file_ref idref="fl-20"/>
      </object_component>
      <object_component id="oc-1db">
         <name>.debug_line</name>
         <load_address>0x366b</load_address>
         <run_address>0x366b</run_address>
         <size>0x73</size>
         <input_file_ref idref="fl-20"/>
      </object_component>
      <object_component id="oc-94">
         <name>.debug_line</name>
         <load_address>0x36de</load_address>
         <run_address>0x36de</run_address>
         <size>0x8c1</size>
         <input_file_ref idref="fl-20"/>
      </object_component>
      <object_component id="oc-244">
         <name>.debug_line</name>
         <load_address>0x3f9f</load_address>
         <run_address>0x3f9f</run_address>
         <size>0x74</size>
         <input_file_ref idref="fl-26"/>
      </object_component>
      <object_component id="oc-238">
         <name>.debug_line</name>
         <load_address>0x4013</load_address>
         <run_address>0x4013</run_address>
         <size>0x7a</size>
         <input_file_ref idref="fl-26"/>
      </object_component>
      <object_component id="oc-23a">
         <name>.debug_line</name>
         <load_address>0x408d</load_address>
         <run_address>0x408d</run_address>
         <size>0x7a</size>
         <input_file_ref idref="fl-26"/>
      </object_component>
      <object_component id="oc-23c">
         <name>.debug_line</name>
         <load_address>0x4107</load_address>
         <run_address>0x4107</run_address>
         <size>0x7a</size>
         <input_file_ref idref="fl-26"/>
      </object_component>
      <object_component id="oc-23e">
         <name>.debug_line</name>
         <load_address>0x4181</load_address>
         <run_address>0x4181</run_address>
         <size>0x7a</size>
         <input_file_ref idref="fl-26"/>
      </object_component>
      <object_component id="oc-240">
         <name>.debug_line</name>
         <load_address>0x41fb</load_address>
         <run_address>0x41fb</run_address>
         <size>0x7a</size>
         <input_file_ref idref="fl-26"/>
      </object_component>
      <object_component id="oc-242">
         <name>.debug_line</name>
         <load_address>0x4275</load_address>
         <run_address>0x4275</run_address>
         <size>0x7a</size>
         <input_file_ref idref="fl-26"/>
      </object_component>
      <object_component id="oc-236">
         <name>.debug_line</name>
         <load_address>0x42ef</load_address>
         <run_address>0x42ef</run_address>
         <size>0x7a</size>
         <input_file_ref idref="fl-26"/>
      </object_component>
      <object_component id="oc-134">
         <name>.debug_line</name>
         <load_address>0x4369</load_address>
         <run_address>0x4369</run_address>
         <size>0x37c</size>
         <input_file_ref idref="fl-26"/>
      </object_component>
      <object_component id="oc-233">
         <name>.debug_line</name>
         <load_address>0x46e5</load_address>
         <run_address>0x46e5</run_address>
         <size>0x20</size>
         <input_file_ref idref="fl-2f"/>
      </object_component>
      <object_component id="oc-12e">
         <name>.debug_line</name>
         <load_address>0x4705</load_address>
         <run_address>0x4705</run_address>
         <size>0x2bb</size>
         <input_file_ref idref="fl-2f"/>
      </object_component>
      <object_component id="oc-e6">
         <name>.debug_line</name>
         <load_address>0x49c0</load_address>
         <run_address>0x49c0</run_address>
         <size>0x79</size>
         <input_file_ref idref="fl-f1"/>
      </object_component>
      <object_component id="oc-4e">
         <name>.debug_line</name>
         <load_address>0x4a39</load_address>
         <run_address>0x4a39</run_address>
         <size>0x88</size>
         <input_file_ref idref="fl-f2"/>
      </object_component>
      <object_component id="oc-175">
         <name>.debug_line</name>
         <load_address>0x4ac1</load_address>
         <run_address>0x4ac1</run_address>
         <size>0x9e</size>
         <input_file_ref idref="fl-f3"/>
      </object_component>
      <object_component id="oc-60">
         <name>.debug_line</name>
         <load_address>0x4b5f</load_address>
         <run_address>0x4b5f</run_address>
         <size>0x4f</size>
         <input_file_ref idref="fl-f3"/>
      </object_component>
      <object_component id="oc-df">
         <name>.debug_line</name>
         <load_address>0x4bae</load_address>
         <run_address>0x4bae</run_address>
         <size>0x34</size>
         <input_file_ref idref="fl-f3"/>
      </object_component>
      <object_component id="oc-da">
         <name>.debug_line</name>
         <load_address>0x4be2</load_address>
         <run_address>0x4be2</run_address>
         <size>0x20</size>
         <input_file_ref idref="fl-f4"/>
      </object_component>
      <object_component id="oc-1d">
         <name>.debug_line</name>
         <load_address>0x4c02</load_address>
         <run_address>0x4c02</run_address>
         <size>0x55</size>
         <input_file_ref idref="fl-f4"/>
      </object_component>
      <object_component id="oc-53">
         <name>.debug_line</name>
         <load_address>0x4c57</load_address>
         <run_address>0x4c57</run_address>
         <size>0x3a</size>
         <input_file_ref idref="fl-f4"/>
      </object_component>
      <object_component id="oc-d7">
         <name>.debug_line</name>
         <load_address>0x4c91</load_address>
         <run_address>0x4c91</run_address>
         <size>0x8a</size>
         <input_file_ref idref="fl-f4"/>
      </object_component>
      <object_component id="oc-16e">
         <name>.debug_line</name>
         <load_address>0x4d1b</load_address>
         <run_address>0x4d1b</run_address>
         <size>0x20</size>
         <input_file_ref idref="fl-f5"/>
      </object_component>
      <object_component id="oc-17">
         <name>.debug_line</name>
         <load_address>0x4d3b</load_address>
         <run_address>0x4d3b</run_address>
         <size>0xa9</size>
         <input_file_ref idref="fl-f5"/>
      </object_component>
      <object_component id="oc-43">
         <name>.debug_line</name>
         <load_address>0x4de4</load_address>
         <run_address>0x4de4</run_address>
         <size>0x3a</size>
         <input_file_ref idref="fl-f5"/>
      </object_component>
      <object_component id="oc-16b">
         <name>.debug_line</name>
         <load_address>0x4e1e</load_address>
         <run_address>0x4e1e</run_address>
         <size>0x92</size>
         <input_file_ref idref="fl-f5"/>
      </object_component>
      <object_component id="oc-d0">
         <name>.debug_line</name>
         <load_address>0x4eb0</load_address>
         <run_address>0x4eb0</run_address>
         <size>0x8e</size>
         <input_file_ref idref="fl-f5"/>
      </object_component>
      <object_component id="oc-7b">
         <name>.debug_line</name>
         <load_address>0x4f3e</load_address>
         <run_address>0x4f3e</run_address>
         <size>0x33</size>
         <input_file_ref idref="fl-fa"/>
      </object_component>
      <object_component id="oc-6c">
         <name>.debug_line</name>
         <load_address>0x4f71</load_address>
         <run_address>0x4f71</run_address>
         <size>0x56</size>
         <input_file_ref idref="fl-fa"/>
      </object_component>
      <object_component id="oc-260">
         <name>.debug_line</name>
         <load_address>0x4fc7</load_address>
         <run_address>0x4fc7</run_address>
         <size>0xb7</size>
         <input_file_ref idref="fl-fb"/>
      </object_component>
      <object_component id="oc-188">
         <name>.debug_line</name>
         <load_address>0x507e</load_address>
         <run_address>0x507e</run_address>
         <size>0x6c</size>
         <input_file_ref idref="fl-fb"/>
      </object_component>
      <object_component id="oc-264">
         <name>.debug_line</name>
         <load_address>0x50ea</load_address>
         <run_address>0x50ea</run_address>
         <size>0x2e</size>
         <input_file_ref idref="fl-fb"/>
      </object_component>
      <object_component id="oc-278">
         <name>.debug_line</name>
         <load_address>0x5118</load_address>
         <run_address>0x5118</run_address>
         <size>0x92</size>
         <input_file_ref idref="fl-fb"/>
      </object_component>
      <object_component id="oc-269">
         <name>.debug_line</name>
         <load_address>0x51aa</load_address>
         <run_address>0x51aa</run_address>
         <size>0x8f</size>
         <input_file_ref idref="fl-fb"/>
      </object_component>
      <object_component id="oc-26e">
         <name>.debug_line</name>
         <load_address>0x5239</load_address>
         <run_address>0x5239</run_address>
         <size>0x8b</size>
         <input_file_ref idref="fl-fb"/>
      </object_component>
      <object_component id="oc-ec">
         <name>.debug_line</name>
         <load_address>0x52c4</load_address>
         <run_address>0x52c4</run_address>
         <size>0x40</size>
         <input_file_ref idref="fl-fc"/>
      </object_component>
      <object_component id="oc-17b">
         <name>.debug_line</name>
         <load_address>0x5304</load_address>
         <run_address>0x5304</run_address>
         <size>0x3c</size>
         <input_file_ref idref="fl-fe"/>
      </object_component>
      <object_component id="oc-3b">
         <name>.debug_frame</name>
         <load_address>0x0</load_address>
         <run_address>0x0</run_address>
         <size>0xc8</size>
         <input_file_ref idref="fl-2"/>
      </object_component>
      <object_component id="oc-2a">
         <name>.debug_frame</name>
         <load_address>0xc8</load_address>
         <run_address>0xc8</run_address>
         <size>0x94</size>
         <input_file_ref idref="fl-3"/>
      </object_component>
      <object_component id="oc-81">
         <name>.debug_frame</name>
         <load_address>0x15c</load_address>
         <run_address>0x15c</run_address>
         <size>0x70</size>
         <input_file_ref idref="fl-4"/>
      </object_component>
      <object_component id="oc-32">
         <name>.debug_frame</name>
         <load_address>0x1cc</load_address>
         <run_address>0x1cc</run_address>
         <size>0x114</size>
         <input_file_ref idref="fl-12"/>
      </object_component>
      <object_component id="oc-10d">
         <name>.debug_frame</name>
         <load_address>0x2e0</load_address>
         <run_address>0x2e0</run_address>
         <size>0x9c</size>
         <input_file_ref idref="fl-16"/>
      </object_component>
      <object_component id="oc-113">
         <name>.debug_frame</name>
         <load_address>0x37c</load_address>
         <run_address>0x37c</run_address>
         <size>0xb8</size>
         <input_file_ref idref="fl-17"/>
      </object_component>
      <object_component id="oc-af">
         <name>.debug_frame</name>
         <load_address>0x434</load_address>
         <run_address>0x434</run_address>
         <size>0x358</size>
         <input_file_ref idref="fl-18"/>
      </object_component>
      <object_component id="oc-8e">
         <name>.debug_frame</name>
         <load_address>0x78c</load_address>
         <run_address>0x78c</run_address>
         <size>0x5e0</size>
         <input_file_ref idref="fl-19"/>
      </object_component>
      <object_component id="oc-1e3">
         <name>.debug_frame</name>
         <load_address>0xd6c</load_address>
         <run_address>0xd6c</run_address>
         <size>0xbc</size>
         <input_file_ref idref="fl-1e"/>
      </object_component>
      <object_component id="oc-95">
         <name>.debug_frame</name>
         <load_address>0xe28</load_address>
         <run_address>0xe28</run_address>
         <size>0x3e0</size>
         <input_file_ref idref="fl-20"/>
      </object_component>
      <object_component id="oc-135">
         <name>.debug_frame</name>
         <load_address>0x1208</load_address>
         <run_address>0x1208</run_address>
         <size>0x210</size>
         <input_file_ref idref="fl-26"/>
      </object_component>
      <object_component id="oc-12f">
         <name>.debug_frame</name>
         <load_address>0x1418</load_address>
         <run_address>0x1418</run_address>
         <size>0x1d8</size>
         <input_file_ref idref="fl-2f"/>
      </object_component>
      <object_component id="oc-61">
         <name>.debug_frame</name>
         <load_address>0x15f0</load_address>
         <run_address>0x15f0</run_address>
         <size>0x54</size>
[...]
      </symbol>
      <symbol id="sm-4f7">
         <name>vTaskEndScheduler</name>
         <value>0x8f5</value>
         <object_component_ref idref="oc-89"/>
      </symbol>
      <symbol id="sm-4f8">
         <name>xTaskNotifyWait</name>
         <value>0x14d1</value>
         <object_component_ref idref="oc-89"/>
      </symbol>
      <symbol id="sm-4f9">
         <name>vTaskMissedYield</name>
         <value>0xfe9</value>
         <object_component_ref idref="oc-89"/>
      </symbol>
      <symbol id="sm-4fa">
         <name>uxTaskGetNumberOfTasks</name>
         <value>0xa49</value>
         <object_component_ref idref="oc-89"/>
      </symbol>
      <symbol id="sm-4fb">
         <name>xTaskGenericNotifyFromISR</name>
         <value>0x169d</value>
         <object_component_ref idref="oc-89"/>
      </symbol>
      <symbol id="sm-4fc">
         <name>vTaskGetInfo</name>
         <value>0x10a5</value>
         <object_component_ref idref="oc-89"/>
      </symbol>
      <symbol id="sm-4fd">
         <name>uxTaskPriorityGet</name>
         <value>0x511</value>
         <object_component_ref idref="oc-89"/>
      </symbol>
      <symbol id="sm-4fe">
         <name>xTaskResumeAll</name>
         <value>0x929</value>
         <object_component_ref idref="oc-89"/>
      </symbol>
      <symbol id="sm-4ff">
         <name>xTaskGetTickCount</name>
         <value>0xa25</value>
         <object_component_ref idref="oc-89"/>
      </symbol>
      <symbol id="sm-500">
         <name>uxTaskGetSystemState</name>
         <value>0xa91</value>
         <object_component_ref idref="oc-89"/>
      </symbol>
      <symbol id="sm-501">
         <name>pxCurrentTCB</name>
         <value>0x2000c9c0</value>
         <object_component_ref idref="oc-83"/>
      </symbol>
      <symbol id="sm-502">
         <name>vTaskNotifyGiveFromISR</name>
         <value>0x17db</value>
         <object_component_ref idref="oc-89"/>
      </symbol>
      <symbol id="sm-503">
         <name>eTaskGetState</name>
         <value>0x489</value>
         <object_component_ref idref="oc-89"/>
      </symbol>
      <symbol id="sm-504">
         <name>vTaskSuspend</name>
         <value>0x6cd</value>
         <object_component_ref idref="oc-89"/>
      </symbol>
      <symbol id="sm-505">
         <name>xTaskGetTickCountFromISR</name>
         <value>0xa35</value>
         <object_component_ref idref="oc-89"/>
      </symbol>
      <symbol id="sm-506">
         <name>vTaskResume</name>
         <value>0x7f7</value>
         <object_component_ref idref="oc-89"/>
      </symbol>
      <symbol id="sm-507">
         <name>vTaskSetTimeOutState</name>
         <value>0xf19</value>
         <object_component_ref idref="oc-89"/>
      </symbol>
      <symbol id="sm-508">
         <name>xTaskIncrementTick</name>
         <value>0xb61</value>
         <object_component_ref idref="oc-89"/>
      </symbol>
      <symbol id="sm-509">
         <name>vTaskSwitchContext</name>
         <value>0xca1</value>
         <object_component_ref idref="oc-89"/>
      </symbol>
      <symbol id="sm-50a">
         <name>uxTaskResetEventItemValue</name>
         <value>0x141b</value>
         <object_component_ref idref="oc-89"/>
      </symbol>
      <symbol id="sm-50b">
         <name>xTaskGetCurrentTaskHandle</name>
         <value>0x1253</value>
         <object_component_ref idref="oc-89"/>
      </symbol>
      <symbol id="sm-50c">
         <name>vTaskPlaceOnUnorderedEventList</name>
         <value>0xd61</value>
         <object_component_ref idref="oc-89"/>
      </symbol>
      <symbol id="sm-50d">
         <name>xTaskRemoveFromEventList</name>
         <value>0xdc5</value>
         <object_component_ref idref="oc-89"/>
      </symbol>
      <symbol id="sm-520">
         <name>CPU_wfi</name>
         <value>0x4843</value>
         <object_component_ref idref="oc-1de"/>
      </symbol>
      <symbol id="sm-521">
         <name>CPU_basepriSet</name>
         <value>0x4847</value>
         <object_component_ref idref="oc-1de"/>
      </symbol>
      <symbol id="sm-522">
         <name>CPU_cpsie</name>
         <value>0x4837</value>
         <object_component_ref idref="oc-1de"/>
      </symbol>
      <symbol id="sm-523">
         <name>CPU_cpsid</name>
         <value>0x4821</value>
         <object_component_ref idref="oc-1de"/>
      </symbol>
      <symbol id="sm-524">
         <name>CPU_primask</name>
         <value>0x482d</value>
         <object_component_ref idref="oc-1de"/>
      </symbol>
      <symbol id="sm-525">
         <name>CPU_basepriGet</name>
         <value>0x4855</value>
         <object_component_ref idref="oc-1de"/>
      </symbol>
      <symbol id="sm-639">
         <name>CS_getEnabledInterruptStatus</name>
         <value>0x26a7</value>
         <object_component_ref idref="oc-90"/>
      </symbol>
      <symbol id="sm-63a">
         <name>CS_getACLK</name>
         <value>0x2501</value>
         <object_component_ref idref="oc-90"/>
      </symbol>
      <symbol id="sm-63b">
         <name>CS_startLFXT</name>
         <value>0x1e4d</value>
         <object_component_ref idref="oc-90"/>
      </symbol>
      <symbol id="sm-63c">
         <name>CS_enableClockRequest</name>
         <value>0x1f41</value>
         <object_component_ref idref="oc-90"/>
      </symbol>
      <symbol id="sm-63d">
         <name>CS_disableClockRequest</name>
         <value>0x1f69</value>
         <object_component_ref idref="oc-90"/>
      </symbol>
      <symbol id="sm-63e">
         <name>CS_getMCLK</name>
         <value>0x2547</value>
         <object_component_ref idref="oc-90"/>
      </symbol>
      <symbol id="sm-63f">
         <name>CS_startFaultCounter</name>
         <value>0x260d</value>
         <object_component_ref idref="oc-90"/>
      </symbol>
      <symbol id="sm-640">
         <name>CS_disableDCOExternalResistor</name>
         <value>0x204f</value>
         <object_component_ref idref="oc-90"/>
      </symbol>
      <symbol id="sm-641">
         <name>CS_clearInterruptFlag</name>
         <value>0x26c1</value>
         <object_component_ref idref="oc-90"/>
      </symbol>
      <symbol id="sm-642">
         <name>CS_startHFXT</name>
         <value>0x1d65</value>
         <object_component_ref idref="oc-90"/>
      </symbol>
      <symbol id="sm-643">
         <name>CS_setDCOFrequency</name>
         <value>0x22e9</value>
         <object_component_ref idref="oc-90"/>
      </symbol>
      <symbol id="sm-644">
         <name>CS_getDCOFrequency</name>
         <value>0x2149</value>
         <object_component_ref idref="oc-90"/>
      </symbol>
      <symbol id="sm-645">
         <name>CS_enableInterrupt</name>
         <value>0x265d</value>
         <object_component_ref idref="oc-90"/>
      </symbol>
      <symbol id="sm-646">
         <name>CS_unregisterInterrupt</name>
         <value>0x26f7</value>
         <object_component_ref idref="oc-90"/>
      </symbol>
      <symbol id="sm-647">
         <name>CS_resetFaultCounter</name>
         <value>0x25c1</value>
         <object_component_ref idref="oc-90"/>
      </symbol>
      <symbol id="sm-648">
         <name>CS_setExternalClockSourceFrequency</name>
         <value>0x1c25</value>
         <object_component_ref idref="oc-90"/>
      </symbol>
      <symbol id="sm-649">
         <name>CS_getBCLK</name>
         <value>0x24c1</value>
         <object_component_ref idref="oc-90"/>
      </symbol>
      <symbol id="sm-64a">
         <name>CS_setDCOExternalResistorCalibration</name>
         <value>0x1fd9</value>
         <object_component_ref idref="oc-90"/>
      </symbol>
      <symbol id="sm-64b">
         <name>CS_getSMCLK</name>
         <value>0x2525</value>
         <object_component_ref idref="oc-90"/>
      </symbol>
      <symbol id="sm-64c">
         <name>CS_registerInterrupt</name>
         <value>0x26e3</value>
         <object_component_ref idref="oc-90"/>
      </symbol>
      <symbol id="sm-64d">
         <name>CS_disableInterrupt</name>
         <value>0x267f</value>
         <object_component_ref idref="oc-90"/>
      </symbol>
      <symbol id="sm-64e">
         <name>CS_enableFaultCounter</name>
         <value>0x2569</value>
         <object_component_ref idref="oc-90"/>
      </symbol>
      <symbol id="sm-64f">
         <name>CS_getInterruptStatus</name>
         <value>0x26a1</value>
         <object_component_ref idref="oc-90"/>
      </symbol>
      <symbol id="sm-650">
         <name>CS_enableDCOExternalResistor</name>
         <value>0x1fb1</value>
         <object_component_ref idref="oc-90"/>
      </symbol>
      <symbol id="sm-651">
         <name>CS_setDCOCenteredFrequency</name>
         <value>0x206d</value>
         <object_component_ref idref="oc-90"/>
      </symbol>
      <symbol id="sm-652">
         <name>CS_setReferenceOscillatorFrequency</name>
         <value>0x1f8b</value>
         <object_component_ref idref="oc-90"/>
      </symbol>
      <symbol id="sm-653">
         <name>CS_tuneDCOFrequency</name>
         <value>0x20a5</value>
         <object_component_ref idref="oc-90"/>
      </symbol>
      <symbol id="sm-654">
         <name>CS_startHFXTWithTimeout</name>
         <value>0x1d89</value>
         <object_component_ref idref="oc-90"/>
      </symbol>
      <symbol id="sm-655">
         <name>CS_startLFXTWithTimeout</name>
         <value>0x1e71</value>
         <object_component_ref idref="oc-90"/>
      </symbol>
      <symbol id="sm-656">
         <name>CS_getHSMCLK</name>
         <value>0x24dd</value>
         <object_component_ref idref="oc-90"/>
      </symbol>
      <symbol id="sm-657">
         <name>CS_initClockSignal</name>
         <value>0x1c61</value>
         <object_component_ref idref="oc-90"/>
      </symbol>
      <symbol id="sm-658">
         <name>CS_disableFaultCounter</name>
         <value>0x2595</value>
         <object_component_ref idref="oc-90"/>
      </symbol>
      <symbol id="sm-6e0">
         <name>Interrupt_disableMaster</name>
         <value>0x33f3</value>
         <object_component_ref idref="oc-130"/>
      </symbol>
      <symbol id="sm-6e1">
         <name>Interrupt_disableInterrupt</name>
         <value>0x35a3</value>
         <object_component_ref idref="oc-130"/>
      </symbol>
      <symbol id="sm-6e2">
         <name>Interrupt_getPriorityMask</name>
         <value>0x376f</value>
         <object_component_ref idref="oc-130"/>
      </symbol>
      <symbol id="sm-6e3">
         <name>Interrupt_unpendInterrupt</name>
         <value>0x3711</value>
         <object_component_ref idref="oc-130"/>
      </symbol>
      <symbol id="sm-6e4">
         <name>Interrupt_setPriorityMask</name>
         <value>0x375f</value>
         <object_component_ref idref="oc-130"/>
      </symbol>
      <symbol id="sm-6e5">
         <name>Interrupt_unregisterInterrupt</name>
         <value>0x3455</value>
         <object_component_ref idref="oc-130"/>
      </symbol>
      <symbol id="sm-6e6">
         <name>Interrupt_setVectorTableAddress</name>
         <value>0x3779</value>
         <object_component_ref idref="oc-130"/>
      </symbol>
      <symbol id="sm-6e7">
         <name>Interrupt_setPriority</name>
         <value>0x34bb</value>
         <object_component_ref idref="oc-130"/>
      </symbol>
      <symbol id="sm-6e8">
         <name>Interrupt_enableSleepOnIsrExit</name>
         <value>0x378f</value>
         <object_component_ref idref="oc-130"/>
      </symbol>
      <symbol id="sm-6e9">
         <name>Interrupt_enableMaster</name>
         <value>0x33e3</value>
         <object_component_ref idref="oc-130"/>
      </symbol>
      <symbol id="sm-6ea">
         <name>Interrupt_enableInterrupt</name>
         <value>0x3531</value>
         <object_component_ref idref="oc-130"/>
      </symbol>
      <symbol id="sm-6eb">
         <name>Interrupt_getPriority</name>
         <value>0x350b</value>
         <object_component_ref idref="oc-130"/>
      </symbol>
      <symbol id="sm-6ec">
         <name>Interrupt_registerInterrupt</name>
         <value>0x3403</value>
         <object_component_ref idref="oc-130"/>
      </symbol>
      <symbol id="sm-6ed">
         <name>g_pfnRAMVectors</name>
         <value>0x20000000</value>
         <object_component_ref idref="oc-1e4"/>
      </symbol>
      <symbol id="sm-6ee">
         <name>Interrupt_disableSleepOnIsrExit</name>
         <value>0x37a1</value>
         <object_component_ref idref="oc-130"/>
      </symbol>
      <symbol id="sm-6ef">
         <name>Interrupt_setPriorityGrouping</name>
         <value>0x3469</value>
         <object_component_ref idref="oc-130"/>
      </symbol>
      <symbol id="sm-6f0">
         <name>Interrupt_getPriorityGrouping</name>
         <value>0x3483</value>
         <object_component_ref idref="oc-130"/>
      </symbol>
      <symbol id="sm-6f1">
         <name>Interrupt_getVectorTableAddress</name>
         <value>0x3789</value>
         <object_component_ref idref="oc-130"/>
      </symbol>
      <symbol id="sm-6f2">
         <name>Interrupt_isEnabled</name>
         <value>0x3615</value>
         <object_component_ref idref="oc-130"/>
      </symbol>
      <symbol id="sm-6f3">
         <name>Interrupt_pendInterrupt</name>
         <value>0x36a1</value>
         <object_component_ref idref="oc-130"/>
      </symbol>
      <symbol id="sm-73e">
         <name>SysCtl_disableSRAMBankRetention</name>
         <value>0x42b5</value>
         <object_component_ref idref="oc-12a"/>
      </symbol>
      <symbol id="sm-73f">
         <name>SysCtl_getTempCalibrationConstant</name>
         <value>0x4363</value>
         <object_component_ref idref="oc-12a"/>
      </symbol>
      <symbol id="sm-740">
         <name>SysCtl_enablePeripheralAtCPUHalt</name>
         <value>0x42db</value>
         <object_component_ref idref="oc-12a"/>
      </symbol>
      <symbol id="sm-741">
         <name>SysCtl_getSRAMSize</name>
         <value>0x41db</value>
         <object_component_ref idref="oc-12a"/>
      </symbol>
      <symbol id="sm-742">
         <name>SysCtl_enableSRAMBank</name>
         <value>0x4215</value>
         <object_component_ref idref="oc-12a"/>
      </symbol>
      <symbol id="sm-743">
         <name>SysCtl_disablePeripheralAtCPUHalt</name>
         <value>0x42ef</value>
         <object_component_ref idref="oc-12a"/>
      </symbol>
      <symbol id="sm-744">
         <name>SysCtl_setWDTTimeoutResetType</name>
         <value>0x4303</value>
         <object_component_ref idref="oc-12a"/>
      </symbol>
      <symbol id="sm-745">
         <name>SysCtl_getNMISourceStatus</name>
         <value>0x420f</value>
         <object_component_ref idref="oc-12a"/>
      </symbol>
      <symbol id="sm-746">
         <name>SysCtl_enableNMISource</name>
         <value>0x41fb</value>
         <object_component_ref idref="oc-12a"/>
      </symbol>
      <symbol id="sm-747">
         <name>SysCtl_disableSRAMBank</name>
         <value>0x4231</value>
         <object_component_ref idref="oc-12a"/>
      </symbol>
      <symbol id="sm-748">
         <name>SysCtl_disableGlitchFilter</name>
         <value>0x4357</value>
         <object_component_ref idref="oc-12a"/>
      </symbol>
      <symbol id="sm-749">
         <name>SysCtl_disableNMISource</name>
         <value>0x41e7</value>
         <object_component_ref idref="oc-12a"/>
      </symbol>
      <symbol id="sm-74a">
         <name>SysCtl_setWDTPasswordViolationResetType</name>
         <value>0x4327</value>
         <object_component_ref idref="oc-12a"/>
      </symbol>
      <symbol id="sm-74b">
         <name>SysCtl_rebootDevice</name>
         <value>0x42d1</value>
         <object_component_ref idref="oc-12a"/>
      </symbol>
      <symbol id="sm-74c">
         <name>SysCtl_getFlashSize</name>
         <value>0x41e1</value>
         <object_component_ref idref="oc-12a"/>
      </symbol>
      <symbol id="sm-74d">
         <name>SysCtl_getTLVInfo</name>
         <value>0x4165</value>
         <object_component_ref idref="oc-12a"/>
      </symbol>
      <symbol id="sm-74e">
         <name>SysCtl_enableGlitchFilter</name>
         <value>0x434b</value>
         <object_component_ref idref="oc-12a"/>
      </symbol>
      <symbol id="sm-74f">
         <name>SysCtl_enableSRAMBankRetention</name>
         <value>0x4299</value>
         <object_component_ref idref="oc-12a"/>
      </symbol>
      <symbol id="sm-766">
         <name>__aeabi_memset</name>
         <value>0x46fb</value>
         <object_component_ref idref="oc-e2"/>
      </symbol>
      <symbol id="sm-767">
         <name>memset</name>
         <value>0x4701</value>
         <object_component_ref idref="oc-e2"/>
      </symbol>
      <symbol id="sm-768">
         <name>__aeabi_memset8</name>
         <value>0x46fb</value>
         <object_component_ref idref="oc-e2"/>
      </symbol>
      <symbol id="sm-769">
         <name>__aeabi_memset4</name>
         <value>0x46fb</value>
         <object_component_ref idref="oc-e2"/>
      </symbol>
      <symbol id="sm-76a">
         <name>__aeabi_memclr8</name>
         <value>0x46f9</value>
         <object_component_ref idref="oc-e2"/>
      </symbol>
      <symbol id="sm-76b">
         <name>__aeabi_memclr4</name>
         <value>0x46f9</value>
         <object_component_ref idref="oc-e2"/>
      </symbol>
      <symbol id="sm-76c">
         <name>__aeabi_memclr</name>
         <value>0x46f9</value>
         <object_component_ref idref="oc-e2"/>
      </symbol>
      <symbol id="sm-787">
         <name>memcpy</name>
         <value>0x465d</value>
         <object_component_ref idref="oc-4a"/>
      </symbol>
      <symbol id="sm-788">
         <name>__aeabi_memcpy</name>
         <value>0x465d</value>
         <object_component_ref idref="oc-4a"/>
      </symbol>
      <symbol id="sm-789">
         <name>__aeabi_memcpy8</name>
         <value>0x465d</value>
         <object_component_ref idref="oc-4a"/>
      </symbol>
      <symbol id="sm-78a">
         <name>__aeabi_memcpy4</name>
         <value>0x465d</value>
         <object_component_ref idref="oc-4a"/>
      </symbol>
      <symbol id="sm-79c">
         <name>__TI_zero_init</name>
         <value>0x48c7</value>
         <object_component_ref idref="oc-5c"/>
      </symbol>
      <symbol id="sm-7b3">
         <name>__TI_decompress_none</name>
         <value>0x48b9</value>
         <object_component_ref idref="oc-19"/>
      </symbol>
      <symbol id="sm-7d6">
         <name>__TI_decompress_lzss</name>
         <value>0x4773</value>
         <object_component_ref idref="oc-13"/>
      </symbol>
      <symbol id="sm-7ed">
         <name>__stack</name>
         <value>0x2000fe00</value>
         <object_component_ref idref="oc-22"/>
      </symbol>
      <symbol id="sm-7ee">
         <name>_c_int00_noargs</name>
         <value>0x4861</value>
         <object_component_ref idref="oc-68"/>
      </symbol>
      <symbol id="sm-816">
         <name>__TI_auto_init_nobinit_nopinit</name>
         <value>0x47dd</value>
         <object_component_ref idref="oc-184"/>
      </symbol>
      <symbol id="sm-820">
         <name>_system_pre_init</name>
         <value>0x48d3</value>
         <object_component_ref idref="oc-e8"/>
      </symbol>
      <symbol id="sm-82c">
         <name>C$$EXIT</name>
         <value>0x48d7</value>
         <object_component_ref idref="oc-178"/>
      </symbol>
      <symbol id="sm-82d">
         <name>abort</name>
         <value>0x48d7</value>
         <object_component_ref idref="oc-178"/>
      </symbol>
      <symbol id="sm-833">
         <name>__TI_static_base__</name>
         <value>0x0</value>
      </symbol>
      <symbol id="sm-836">
         <name>__mpu_init</name>
         <value>0x0</value>
      </symbol>
      <symbol id="sm-837">
         <name>_system_post_cinit</name>
         <value>0x0</value>
      </symbol>
   </symbol_table>
   <title>Link successful</title>
</link_info>
