<?xml version="1.0" encoding="ISO-8859-1" ?>
<link_info>
   <banner>TI ARM Linker PC v18.1.2.LTS</banner>
   <copyright>Copyright (c) 1996-2017 Texas Instruments Incorporated</copyright>
   <link_time>0x5bc794ad</link_time>
   <link_errors>0x0</link_errors>
   <output_file>01a-task.out</output_file>
   <entry_point>
      <name>_c_int00_noargs</name>
      <address>0x3991</address>
   </entry_point>
   <input_file_list>
      <input_file id="fl-2">
         <path>.\</path>
         <kind>object</kind>
         <file>main.obj</file>
         <name>main.obj</name>
      </input_file>
      <input_file id="fl-3">
         <path>.\</path>
         <kind>object</kind>
         <file>msp432_startup_ccs.obj</file>
         <name>msp432_startup_ccs.obj</name>
      </input_file>
      <input_file id="fl-4">
         <path>.\</path>
         <kind>object</kind>
         <file>system_msp432p401r.obj</file>
         <name>system_msp432p401r.obj</name>
      </input_file>
      <input_file id="fl-5">
         <path>.\driverslib\cc3100\board\</path>
         <kind>object</kind>
         <file>board.obj</file>
         <name>board.obj</name>
      </input_file>
      <input_file id="fl-6">
         <path>.\driverslib\cc3100\board\</path>
         <kind>object</kind>
         <file>cli_uart.obj</file>
         <name>cli_uart.obj</name>
      </input_file>
      <input_file id="fl-7">
         <path>.\driverslib\cc3100\board\</path>
         <kind>object</kind>
         <file>spi_cc3100.obj</file>
         <name>spi_cc3100.obj</name>
      </input_file>
      <input_file id="fl-8">
         <path>.\driverslib\cc3100\oslib\</path>
         <kind>object</kind>
         <file>osi_freertos.obj</file>
         <name>osi_freertos.obj</name>
      </input_file>
      <input_file id="fl-9">
         <path>.\driverslib\cc3100\simplelink\source\</path>
         <kind>object</kind>
         <file>device.obj</file>
         <name>device.obj</name>
      </input_file>
      <input_file id="fl-a">
         <path>.\driverslib\cc3100\simplelink\source\</path>
         <kind>object</kind>
         <file>driver.obj</file>
         <name>driver.obj</name>
      </input_file>
      <input_file id="fl-b">
         <path>.\driverslib\cc3100\simplelink\source\</path>
         <kind>object</kind>
         <file>flowcont.obj</file>
         <name>flowcont.obj</name>
      </input_file>
      <input_file id="fl-c">
         <path>.\driverslib\cc3100\simplelink\source\</path>
         <kind>object</kind>
         <file>fs.obj</file>
         <name>fs.obj</name>
      </input_file>
      <input_file id="fl-d">
         <path>.\driverslib\cc3100\simplelink\source\</path>
         <kind>object</kind>
         <file>netapp.obj</file>
         <name>netapp.obj</name>
      </input_file>
      <input_file id="fl-e">
         <path>.\driverslib\cc3100\simplelink\source\</path>
         <kind>object</kind>
         <file>netcfg.obj</file>
         <name>netcfg.obj</name>
      </input_file>
      <input_file id="fl-f">
         <path>.\driverslib\cc3100\simplelink\source\</path>
         <kind>object</kind>
         <file>socket.obj</file>
         <name>socket.obj</name>
      </input_file>
      <input_file id="fl-10">
         <path>.\driverslib\cc3100\simplelink\source\</path>
         <kind>object</kind>
         <file>spawn.obj</file>
         <name>spawn.obj</name>
      </input_file>
      <input_file id="fl-11">
         <path>.\driverslib\cc3100\simplelink\source\</path>
         <kind>object</kind>
         <file>wlan.obj</file>
         <name>wlan.obj</name>
      </input_file>
      <input_file id="fl-12">
         <path>.\driverslib\freertos\cortex-m4\</path>
         <kind>object</kind>
         <file>port.obj</file>
         <name>port.obj</name>
      </input_file>
      <input_file id="fl-13">
         <path>.\driverslib\freertos\cortex-m4\</path>
         <kind>object</kind>
         <file>portasm.obj</file>
         <name>portasm.obj</name>
      </input_file>
      <input_file id="fl-14">
         <path>.\driverslib\freertos\src\</path>
         <kind>object</kind>
         <file>croutine.obj</file>
         <name>croutine.obj</name>
      </input_file>
      <input_file id="fl-15">
         <path>.\driverslib\freertos\src\</path>
         <kind>object</kind>
         <file>event_groups.obj</file>
         <name>event_groups.obj</name>
      </input_file>
      <input_file id="fl-16">
         <path>.\driverslib\freertos\src\</path>
         <kind>object</kind>
         <file>heap_1.obj</file>
         <name>heap_1.obj</name>
      </input_file>
      <input_file id="fl-17">
         <path>.\driverslib\freertos\src\</path>
         <kind>object</kind>
         <file>list.obj</file>
         <name>list.obj</name>
      </input_file>
      <input_file id="fl-18">
         <path>.\driverslib\freertos\src\</path>
         <kind>object</kind>
         <file>queue.obj</file>
         <name>queue.obj</name>
      </input_file>
      <input_file id="fl-19">
         <path>.\driverslib\freertos\src\</path>
         <kind>object</kind>
         <file>tasks.obj</file>
         <name>tasks.obj</name>
      </input_file>
      <input_file id="fl-1a">
         <path>.\driverslib\freertos\src\</path>
         <kind>object</kind>
         <file>timers.obj</file>
         <name>timers.obj</name>
      </input_file>
      <input_file id="fl-1b">
         <path>.\driverslib\msp432\</path>
         <kind>object</kind>
         <file>adc14.obj</file>
         <name>adc14.obj</name>
      </input_file>
      <input_file id="fl-1c">
         <path>.\driverslib\msp432\</path>
         <kind>object</kind>
         <file>aes256.obj</file>
         <name>aes256.obj</name>
      </input_file>
      <input_file id="fl-1d">
         <path>.\driverslib\msp432\</path>
         <kind>object</kind>
         <file>comp_e.obj</file>
         <name>comp_e.obj</name>
      </input_file>
      <input_file id="fl-1e">
         <path>.\driverslib\msp432\</path>
         <kind>object</kind>
         <file>cpu.obj</file>
         <name>cpu.obj</name>
      </input_file>
      <input_file id="fl-1f">
         <path>.\driverslib\msp432\</path>
         <kind>object</kind>
         <file>crc32.obj</file>
         <name>crc32.obj</name>
      </input_file>
      <input_file id="fl-20">
         <path>.\driverslib\msp432\</path>
         <kind>object</kind>
         <file>cs.obj</file>
         <name>cs.obj</name>
      </input_file>
      <input_file id="fl-21">
         <path>.\driverslib\msp432\</path>
         <kind>object</kind>
         <file>dma.obj</file>
         <name>dma.obj</name>
      </input_file>
      <input_file id="fl-22">
         <path>.\driverslib\msp432\</path>
         <kind>object</kind>
         <file>flash.obj</file>
         <name>flash.obj</name>
      </input_file>
      <input_file id="fl-23">
         <path>.\driverslib\msp432\</path>
         <kind>object</kind>
         <file>fpu.obj</file>
         <name>fpu.obj</name>
      </input_file>
      <input_file id="fl-24">
         <path>.\driverslib\msp432\</path>
         <kind>object</kind>
         <file>gpio.obj</file>
         <name>gpio.obj</name>
      </input_file>
      <input_file id="fl-25">
         <path>.\driverslib\msp432\</path>
         <kind>object</kind>
         <file>i2c.obj</file>
         <name>i2c.obj</name>
      </input_file>
      <input_file id="fl-26">
         <path>.\driverslib\msp432\</path>
         <kind>object</kind>
         <file>interrupt.obj</file>
         <name>interrupt.obj</name>
      </input_file>
      <input_file id="fl-27">
         <path>.\driverslib\msp432\</path>
         <kind>object</kind>
         <file>mpu.obj</file>
         <name>mpu.obj</name>
      </input_file>
      <input_file id="fl-28">
         <path>.\driverslib\msp432\</path>
         <kind>object</kind>
         <file>pcm.obj</file>
         <name>pcm.obj</name>
      </input_file>
      <input_file id="fl-29">
         <path>.\driverslib\msp432\</path>
         <kind>object</kind>
         <file>pmap.obj</file>
         <name>pmap.obj</name>
      </input_file>
      <input_file id="fl-2a">
         <path>.\driverslib\msp432\</path>
         <kind>object</kind>
         <file>pss.obj</file>
         <name>pss.obj</name>
      </input_file>
      <input_file id="fl-2b">
         <path>.\driverslib\msp432\</path>
         <kind>object</kind>
         <file>ref_a.obj</file>
         <name>ref_a.obj</name>
      </input_file>
      <input_file id="fl-2c">
         <path>.\driverslib\msp432\</path>
         <kind>object</kind>
         <file>reset.obj</file>
         <name>reset.obj</name>
      </input_file>
      <input_file id="fl-2d">
         <path>.\driverslib\msp432\</path>
         <kind>object</kind>
         <file>rtc_c.obj</file>
         <name>rtc_c.obj</name>
      </input_file>
      <input_file id="fl-2e">
         <path>.\driverslib\msp432\</path>
         <kind>object</kind>
         <file>spi.obj</file>
         <name>spi.obj</name>
      </input_file>
      <input_file id="fl-2f">
         <path>.\driverslib\msp432\</path>
         <kind>object</kind>
         <file>sysctl.obj</file>
         <name>sysctl.obj</name>
      </input_file>
      <input_file id="fl-30">
         <path>.\driverslib\msp432\</path>
         <kind>object</kind>
         <file>systick.obj</file>
         <name>systick.obj</name>
      </input_file>
      <input_file id="fl-31">
         <path>.\driverslib\msp432\</path>
         <kind>object</kind>
         <file>timer32.obj</file>
         <name>timer32.obj</name>
      </input_file>
      <input_file id="fl-32">
         <path>.\driverslib\msp432\</path>
         <kind>object</kind>
         <file>timer_a.obj</file>
         <name>timer_a.obj</name>
      </input_file>
      <input_file id="fl-33">
         <path>.\driverslib\msp432\</path>
         <kind>object</kind>
         <file>uart.obj</file>
         <name>uart.obj</name>
      </input_file>
      <input_file id="fl-34">
         <path>.\driverslib\msp432\</path>
         <kind>object</kind>
         <file>wdt_a.obj</file>
         <name>wdt_a.obj</name>
      </input_file>
      <input_file id="fl-35">
         <path>.\driverslib\ti_cc3100_boosterpack\</path>
         <kind>object</kind>
         <file>cc3100_boosterpack.obj</file>
         <name>cc3100_boosterpack.obj</name>
      </input_file>
      <input_file id="fl-36">
         <path>.\driverslib\ti_msp432_launchpad\</path>
         <kind>object</kind>
         <file>msp432_launchpad_board.obj</file>
         <name>msp432_launchpad_board.obj</name>
      </input_file>
      <input_file id="fl-37">
         <path>.\driverslib\ti_msp432_launchpad\</path>
         <kind>object</kind>
         <file>msp432_launchpad_temperature.obj</file>
         <name>msp432_launchpad_temperature.obj</name>
      </input_file>
      <input_file id="fl-3b">
         <kind>object</kind>
         <file>&lt;internal&gt;</file>
         <name>&lt;internal&gt;</name>
      </input_file>
      <input_file id="fl-f1">
         <path>C:\ti\ccsv8\tools\compiler\ti-cgt-arm_18.1.2.LTS\lib\</path>
         <kind>archive</kind>
         <file>rtsv7M4_T_le_v4SPD16_eabi.lib</file>
         <name>memset_t2.asm.obj</name>
      </input_file>
      <input_file id="fl-f2">
         <path>C:\ti\ccsv8\tools\compiler\ti-cgt-arm_18.1.2.LTS\lib\</path>
         <kind>archive</kind>
         <file>rtsv7M4_T_le_v4SPD16_eabi.lib</file>
         <name>memcpy_t2.asm.obj</name>
      </input_file>
      <input_file id="fl-f3">
         <path>C:\ti\ccsv8\tools\compiler\ti-cgt-arm_18.1.2.LTS\lib\</path>
         <kind>archive</kind>
         <file>rtsv7M4_T_le_v4SPD16_eabi.lib</file>
         <name>copy_zero_init.c.obj</name>
      </input_file>
      <input_file id="fl-f4">
         <path>C:\ti\ccsv8\tools\compiler\ti-cgt-arm_18.1.2.LTS\lib\</path>
         <kind>archive</kind>
         <file>rtsv7M4_T_le_v4SPD16_eabi.lib</file>
         <name>copy_decompress_none.c.obj</name>
      </input_file>
      <input_file id="fl-f5">
         <path>C:\ti\ccsv8\tools\compiler\ti-cgt-arm_18.1.2.LTS\lib\</path>
         <kind>archive</kind>
         <file>rtsv7M4_T_le_v4SPD16_eabi.lib</file>
         <name>copy_decompress_lzss.c.obj</name>
      </input_file>
      <input_file id="fl-f6">
         <path>C:\ti\ccsv8\tools\compiler\ti-cgt-arm_18.1.2.LTS\lib\</path>
         <kind>archive</kind>
         <file>rtsv7M4_T_le_v4SPD16_eabi.lib</file>
         <name>boot_cortex_m.c.obj</name>
      </input_file>
      <input_file id="fl-f7">
         <path>C:\ti\ccsv8\tools\compiler\ti-cgt-arm_18.1.2.LTS\lib\</path>
         <kind>archive</kind>
         <file>rtsv7M4_T_le_v4SPD16_eabi.lib</file>
         <name>exit.c.obj</name>
      </input_file>
      <input_file id="fl-f8">
         <path>C:\ti\ccsv8\tools\compiler\ti-cgt-arm_18.1.2.LTS\lib\</path>
         <kind>archive</kind>
         <file>rtsv7M4_T_le_v4SPD16_eabi.lib</file>
         <name>_lock.c.obj</name>
      </input_file>
      <input_file id="fl-f9">
         <path>C:\ti\ccsv8\tools\compiler\ti-cgt-arm_18.1.2.LTS\lib\</path>
         <kind>archive</kind>
         <file>rtsv7M4_T_le_v4SPD16_eabi.lib</file>
         <name>args_main.c.obj</name>
      </input_file>
      <input_file id="fl-fa">
         <path>C:\ti\ccsv8\tools\compiler\ti-cgt-arm_18.1.2.LTS\lib\</path>
         <kind>archive</kind>
         <file>rtsv7M4_T_le_v4SPD16_eabi.lib</file>
         <name>strlen.c.obj</name>
      </input_file>
      <input_file id="fl-fb">
         <path>C:\ti\ccsv8\tools\compiler\ti-cgt-arm_18.1.2.LTS\lib\</path>
         <kind>archive</kind>
         <file>rtsv7M4_T_le_v4SPD16_eabi.lib</file>
         <name>strtok.c.obj</name>
      </input_file>
      <input_file id="fl-fc">
         <path>C:\ti\ccsv8\tools\compiler\ti-cgt-arm_18.1.2.LTS\lib\</path>
         <kind>archive</kind>
         <file>rtsv7M4_T_le_v4SPD16_eabi.lib</file>
         <name>strtol.c.obj</name>
      </input_file>
      <input_file id="fl-fd">
         <path>C:\ti\ccsv8\tools\compiler\ti-cgt-arm_18.1.2.LTS\lib\</path>
         <kind>archive</kind>
         <file>rtsv7M4_T_le_v4SPD16_eabi.lib</file>
         <name>autoinit.c.obj</name>
      </input_file>
      <input_file id="fl-fe">
         <path>C:\ti\ccsv8\tools\compiler\ti-cgt-arm_18.1.2.LTS\lib\</path>
         <kind>archive</kind>
         <file>rtsv7M4_T_le_v4SPD16_eabi.lib</file>
         <name>pre_init.c.obj</name>
      </input_file>
      <input_file id="fl-ff">
         <path>C:\ti\ccsv8\tools\compiler\ti-cgt-arm_18.1.2.LTS\lib\</path>
         <kind>archive</kind>
         <file>rtsv7M4_T_le_v4SPD16_eabi.lib</file>
         <name>cpy_tbl.c.obj</name>
      </input_file>
      <input_file id="fl-100">
         <path>C:\ti\ccsv8\tools\compiler\ti-cgt-arm_18.1.2.LTS\lib\</path>
         <kind>archive</kind>
         <file>rtsv7M4_T_le_v4SPD16_eabi.lib</file>
         <name>errno.c.obj</name>
      </input_file>
      <input_file id="fl-101">
         <path>C:\ti\ccsv8\tools\compiler\ti-cgt-arm_18.1.2.LTS\lib\</path>
         <kind>archive</kind>
         <file>rtsv7M4_T_le_v4SPD16_eabi.lib</file>
         <name>ctype.c.obj</name>
      </input_file>
      <input_file id="fl-102">
         <path>C:\ti\ccsv8\tools\compiler\ti-cgt-arm_18.1.2.LTS\lib\</path>
         <kind>archive</kind>
         <file>rtsv7M4_T_le_v4SPD16_eabi.lib</file>
         <name>strcspn.c.obj</name>
      </input_file>
      <input_file id="fl-103">
         <path>C:\ti\ccsv8\tools\compiler\ti-cgt-arm_18.1.2.LTS\lib\</path>
         <kind>archive</kind>
         <file>rtsv7M4_T_le_v4SPD16_eabi.lib</file>
         <name>strspn.c.obj</name>
      </input_file>
   </input_file_list>
   <object_component_list>
      <object_component id="oc-10">
         <name>.intvecs:retain</name>
         <load_address>0x0</load_address>
         <run_address>0x0</run_address>
         <size>0x144</size>
         <input_file_ref idref="fl-3"/>
      </object_component>
      <object_component id="oc-83">
         <name>.text</name>
         <load_address>0x144</load_address>
         <run_address>0x144</run_address>
         <size>0x187c</size>
         <input_file_ref idref="fl-19"/>
      </object_component>
      <object_component id="oc-8a">
         <name>.text</name>
         <load_address>0x19c0</load_address>
         <run_address>0x19c0</run_address>
         <size>0xd7c</size>
         <input_file_ref idref="fl-20"/>
      </object_component>
      <object_component id="oc-11e">
         <name>.text</name>
         <load_address>0x273c</load_address>
         <run_address>0x273c</run_address>
         <size>0x3f0</size>
         <input_file_ref idref="fl-26"/>
      </object_component>
      <object_component id="oc-76">
         <name>.text</name>
         <load_address>0x2b2c</load_address>
         <run_address>0x2b2c</run_address>
         <size>0x328</size>
         <input_file_ref idref="fl-4"/>
      </object_component>
      <object_component id="oc-30">
         <name>.text</name>
         <load_address>0x2e54</load_address>
         <run_address>0x2e54</run_address>
         <size>0x288</size>
         <input_file_ref idref="fl-12"/>
      </object_component>
      <object_component id="oc-118">
         <name>.text</name>
         <load_address>0x30dc</load_address>
         <run_address>0x30dc</run_address>
         <size>0x244</size>
         <input_file_ref idref="fl-2f"/>
      </object_component>
      <object_component id="oc-d6">
         <name>.text</name>
         <load_address>0x3320</load_address>
         <run_address>0x3320</run_address>
         <size>0x1b8</size>
         <input_file_ref idref="fl-2"/>
      </object_component>
      <object_component id="oc-fc">
         <name>.text</name>
         <load_address>0x34d8</load_address>
         <run_address>0x34d8</run_address>
         <size>0x12a</size>
         <input_file_ref idref="fl-17"/>
      </object_component>
      <object_component id="oc-2b">
         <name>.text</name>
         <load_address>0x3604</load_address>
         <run_address>0x3604</run_address>
         <size>0xd2</size>
         <input_file_ref idref="fl-13"/>
      </object_component>
      <object_component id="oc-f6">
         <name>.text</name>
         <load_address>0x36d8</load_address>
         <run_address>0x36d8</run_address>
         <size>0xb4</size>
         <input_file_ref idref="fl-16"/>
      </object_component>
      <object_component id="oc-44">
         <name>.text</name>
         <load_address>0x378c</load_address>
         <run_address>0x378c</run_address>
         <size>0x9c</size>
         <input_file_ref idref="fl-f2"/>
      </object_component>
      <object_component id="oc-ca">
         <name>.text</name>
         <load_address>0x3828</load_address>
         <run_address>0x3828</run_address>
         <size>0x7a</size>
         <input_file_ref idref="fl-f1"/>
      </object_component>
      <object_component id="oc-13">
         <name>.text:decompress:lzss:__TI_decompress_lzss</name>
         <load_address>0x38a2</load_address>
         <run_address>0x38a2</run_address>
         <size>0x68</size>
         <input_file_ref idref="fl-f5"/>
      </object_component>
      <object_component id="oc-161">
         <name>.text:__TI_auto_init_nobinit_nopinit:__TI_auto_init_nobinit_nopinit</name>
         <load_address>0x390c</load_address>
         <run_address>0x390c</run_address>
         <size>0x44</size>
         <input_file_ref idref="fl-fd"/>
      </object_component>
      <object_component id="oc-1c0">
         <name>.text</name>
         <load_address>0x3950</load_address>
         <run_address>0x3950</run_address>
         <size>0x3e</size>
         <input_file_ref idref="fl-1e"/>
      </object_component>
      <object_component id="oc-62">
         <name>.text:_c_int00_noargs:_c_int00_noargs</name>
         <load_address>0x3990</load_address>
         <run_address>0x3990</run_address>
         <size>0x38</size>
         <input_file_ref idref="fl-f6"/>
      </object_component>
      <object_component id="oc-25">
         <name>.text</name>
         <load_address>0x39c8</load_address>
         <run_address>0x39c8</run_address>
         <size>0x20</size>
         <input_file_ref idref="fl-3"/>
      </object_component>
      <object_component id="oc-19">
         <name>.text:decompress:none:__TI_decompress_none</name>
         <load_address>0x39e8</load_address>
         <run_address>0x39e8</run_address>
         <size>0xe</size>
         <input_file_ref idref="fl-f4"/>
      </object_component>
      <object_component id="oc-56">
         <name>.text:decompress:ZI:__TI_zero_init</name>
         <load_address>0x39f6</load_address>
         <run_address>0x39f6</run_address>
         <size>0xc</size>
         <input_file_ref idref="fl-f3"/>
      </object_component>
      <object_component id="oc-d0">
         <name>.text:_system_pre_init</name>
         <load_address>0x3a02</load_address>
         <run_address>0x3a02</run_address>
         <size>0x4</size>
         <input_file_ref idref="fl-fe"/>
      </object_component>
      <object_component id="oc-155">
         <name>.text:abort:abort</name>
         <load_address>0x3a06</load_address>
         <run_address>0x3a06</run_address>
         <size>0x4</size>
         <input_file_ref idref="fl-f7"/>
      </object_component>
      <object_component id="oc-1cc">
         <name>.const:g_pulRegs</name>
         <load_address>0x3a0c</load_address>
         <run_address>0x3a0c</run_address>
         <size>0x50</size>
         <input_file_ref idref="fl-26"/>
      </object_component>
      <object_component id="oc-1c9">
         <name>.const:g_pulPriority</name>
         <load_address>0x3a5c</load_address>
         <run_address>0x3a5c</run_address>
         <size>0x20</size>
         <input_file_ref idref="fl-26"/>
      </object_component>
      <object_component id="oc-1d2">
         <name>.const:g_pulDisRegs</name>
         <load_address>0x3a7c</load_address>
         <run_address>0x3a7c</run_address>
         <size>0x8</size>
         <input_file_ref idref="fl-26"/>
      </object_component>
      <object_component id="oc-1cf">
         <name>.const:g_pulEnRegs</name>
         <load_address>0x3a84</load_address>
         <run_address>0x3a84</run_address>
         <size>0x8</size>
         <input_file_ref idref="fl-26"/>
      </object_component>
      <object_component id="oc-1d5">
         <name>.const:g_pulPendRegs</name>
         <load_address>0x3a8c</load_address>
         <run_address>0x3a8c</run_address>
         <size>0x8</size>
         <input_file_ref idref="fl-26"/>
      </object_component>
      <object_component id="oc-1d8">
         <name>.const:g_pulUnpendRegs</name>
         <load_address>0x3a94</load_address>
         <run_address>0x3a94</run_address>
         <size>0x8</size>
         <input_file_ref idref="fl-26"/>
      </object_component>
      <object_component id="oc-80">
         <name>.const</name>
         <load_address>0x3a9c</load_address>
         <run_address>0x3a9c</run_address>
         <size>0x8</size>
         <input_file_ref idref="fl-12"/>
      </object_component>
      <object_component id="oc-288">
         <name>.cinit..data.load</name>
         <load_address>0x3aa8</load_address>
         <run_address>0x3aa8</run_address>
         <size>0x16</size>
      </object_component>
      <object_component id="oc-285">
         <name>__TI_handler_table</name>
         <load_address>0x3ac0</load_address>
         <run_address>0x3ac0</run_address>
         <size>0xc</size>
      </object_component>
      <object_component id="oc-289">
         <name>.cinit..bss.load</name>
         <load_address>0x3ad0</load_address>
         <run_address>0x3ad0</run_address>
         <size>0x8</size>
      </object_component>
      <object_component id="oc-287">
         <name>.cinit..vtable.load</name>
         <load_address>0x3ad8</load_address>
         <run_address>0x3ad8</run_address>
         <size>0x8</size>
      </object_component>
      <object_component id="oc-286">
         <name>__TI_cinit_table</name>
         <load_address>0x3ae0</load_address>
         <run_address>0x3ae0</run_address>
         <size>0x18</size>
      </object_component>
      <object_component id="oc-1c6">
         <name>.vtable</name>
         <uninitialized>true</uninitialized>
         <run_address>0x20000000</run_address>
         <size>0xe4</size>
         <input_file_ref idref="fl-26"/>
      </object_component>
      <object_component id="oc-e8">
         <name>.data</name>
         <load_address>0x2000c9ec</load_address>
         <run_address>0x2000c9ec</run_address>
         <size>0x4</size>
         <input_file_ref idref="fl-4"/>
      </object_component>
      <object_component id="oc-90">
         <name>.data</name>
         <load_address>0x2000c9d8</load_address>
         <run_address>0x2000c9d8</run_address>
         <size>0xc</size>
         <input_file_ref idref="fl-12"/>
      </object_component>
      <object_component id="oc-1a6">
         <name>.data</name>
         <load_address>0x2000c9e4</load_address>
         <run_address>0x2000c9e4</run_address>
         <size>0x8</size>
         <input_file_ref idref="fl-16"/>
      </object_component>
      <object_component id="oc-7d">
         <name>.data</name>
         <load_address>0x2000c9a8</load_address>
         <run_address>0x2000c9a8</run_address>
         <size>0x30</size>
         <input_file_ref idref="fl-19"/>
      </object_component>
      <object_component id="oc-1a9">
         <name>.bss:ucHeap</name>
         <uninitialized>true</uninitialized>
         <run_address>0x200000e4</run_address>
         <size>0xc800</size>
         <input_file_ref idref="fl-16"/>
      </object_component>
      <object_component id="oc-102">
         <name>.bss:pxReadyTasksLists</name>
         <uninitialized>true</uninitialized>
         <run_address>0x2000c8e4</run_address>
         <size>0x64</size>
         <input_file_ref idref="fl-19"/>
      </object_component>
      <object_component id="oc-10e">
         <name>.bss:xDelayedTaskList1</name>
         <uninitialized>true</uninitialized>
         <run_address>0x2000c948</run_address>
         <size>0x14</size>
         <input_file_ref idref="fl-19"/>
      </object_component>
      <object_component id="oc-111">
         <name>.bss:xDelayedTaskList2</name>
         <uninitialized>true</uninitialized>
         <run_address>0x2000c95c</run_address>
         <size>0x14</size>
         <input_file_ref idref="fl-19"/>
      </object_component>
      <object_component id="oc-105">
         <name>.bss</name>
         <uninitialized>true</uninitialized>
         <run_address>0x2000c9a0</run_address>
         <size>0x8</size>
         <input_file_ref idref="fl-19"/>
      </object_component>
      <object_component id="oc-10b">
         <name>.bss:xPendingReadyList</name>
         <uninitialized>true</uninitialized>
         <run_address>0x2000c970</run_address>
         <size>0x14</size>
         <input_file_ref idref="fl-19"/>
      </object_component>
      <object_component id="oc-108">
         <name>.bss:xSuspendedTaskList</name>
         <uninitialized>true</uninitialized>
         <run_address>0x2000c984</run_address>
         <size>0x14</size>
         <input_file_ref idref="fl-19"/>
      </object_component>
      <object_component id="oc-115">
         <name>.bss</name>
         <uninitialized>true</uninitialized>
         <run_address>0x2000c998</run_address>
         <size>0x8</size>
         <input_file_ref idref="fl-20"/>
      </object_component>
      <object_component id="oc-22">
         <name>.stack</name>
         <uninitialized>true</uninitialized>
         <run_address>0x2000fe00</run_address>
         <size>0x4</size>
         <input_file_ref idref="fl-f6"/>
      </object_component>
      <object_component id="oc-28a">
         <name>.stack</name>
         <uninitialized>true</uninitialized>
         <run_address>0x2000fe00</run_address>
         <size>0x0</size>
      </object_component>
      <object_component id="oc-13e">
         <name>.debug_info</name>
         <load_address>0x0</load_address>
         <run_address>0x0</run_address>
         <size>0x723</size>
         <input_file_ref idref="fl-2"/>
      </object_component>
      <object_component id="oc-d7">
         <name>.debug_info</name>
         <load_address>0x723</load_address>
         <run_address>0x723</run_address>
         <size>0x352</size>
         <input_file_ref idref="fl-2"/>
      </object_component>
      <object_component id="oc-ef">
         <name>.debug_info</name>
         <load_address>0xa75</load_address>
         <run_address>0xa75</run_address>
         <size>0x30c</size>
         <input_file_ref idref="fl-2"/>
      </object_component>
      <object_component id="oc-b0">
         <name>.debug_info</name>
         <load_address>0xd81</load_address>
         <run_address>0xd81</run_address>
         <size>0x26b</size>
         <input_file_ref idref="fl-2"/>
      </object_component>
      <object_component id="oc-ab">
         <name>.debug_info</name>
         <load_address>0xfec</load_address>
         <run_address>0xfec</run_address>
         <size>0x103e</size>
         <input_file_ref idref="fl-2"/>
      </object_component>
      <object_component id="oc-a6">
         <name>.debug_info</name>
         <load_address>0x202a</load_address>
         <run_address>0x202a</run_address>
         <size>0x37e2</size>
         <input_file_ref idref="fl-2"/>
      </object_component>
      <object_component id="oc-1df">
         <name>.debug_info</name>
         <load_address>0x580c</load_address>
         <run_address>0x580c</run_address>
         <size>0x1b5</size>
         <input_file_ref idref="fl-2"/>
      </object_component>
      <object_component id="oc-139">
         <name>.debug_info</name>
         <load_address>0x59c1</load_address>
         <run_address>0x59c1</run_address>
         <size>0x3cd</size>
         <input_file_ref idref="fl-2"/>
      </object_component>
      <object_component id="oc-12a">
         <name>.debug_info</name>
         <load_address>0x5d8e</load_address>
         <run_address>0x5d8e</run_address>
         <size>0x8b</size>
         <input_file_ref idref="fl-2"/>
      </object_component>
      <object_component id="oc-95">
         <name>.debug_info</name>
         <load_address>0x5e19</load_address>
         <run_address>0x5e19</run_address>
         <size>0x2c</size>
         <input_file_ref idref="fl-2"/>
      </object_component>
      <object_component id="oc-13f">
         <name>.debug_info</name>
         <load_address>0x5e45</load_address>
         <run_address>0x5e45</run_address>
         <size>0x297</size>
         <input_file_ref idref="fl-2"/>
      </object_component>
      <object_component id="oc-125">
         <name>.debug_info</name>
         <load_address>0x60dc</load_address>
         <run_address>0x60dc</run_address>
         <size>0xef</size>
         <input_file_ref idref="fl-2"/>
      </object_component>
      <object_component id="oc-9f">
         <name>.debug_info</name>
         <load_address>0x61cb</load_address>
         <run_address>0x61cb</run_address>
         <size>0xbb</size>
         <input_file_ref idref="fl-2"/>
      </object_component>
      <object_component id="oc-9a">
         <name>.debug_info</name>
         <load_address>0x6286</load_address>
         <run_address>0x6286</run_address>
         <size>0x53</size>
         <input_file_ref idref="fl-2"/>
      </object_component>
      <object_component id="oc-134">
         <name>.debug_info</name>
         <load_address>0x62d9</load_address>
         <run_address>0x62d9</run_address>
         <size>0x14c</size>
         <input_file_ref idref="fl-2"/>
      </object_component>
      <object_component id="oc-38">
         <name>.debug_info</name>
         <load_address>0x6425</load_address>
         <run_address>0x6425</run_address>
         <size>0x63c</size>
         <input_file_ref idref="fl-3"/>
      </object_component>
      <object_component id="oc-11">
         <name>.debug_info</name>
         <load_address>0x6a61</load_address>
         <run_address>0x6a61</run_address>
         <size>0x110</size>
         <input_file_ref idref="fl-3"/>
      </object_component>
      <object_component id="oc-26">
         <name>.debug_info</name>
         <load_address>0x6b71</load_address>
         <run_address>0x6b71</run_address>
         <size>0x250</size>
         <input_file_ref idref="fl-3"/>
      </object_component>
      <object_component id="oc-3f">
         <name>.debug_info</name>
         <load_address>0x6dc1</load_address>
         <run_address>0x6dc1</run_address>
         <size>0x84</size>
         <input_file_ref idref="fl-3"/>
      </object_component>
      <object_component id="oc-e9">
         <name>.debug_info</name>
         <load_address>0x6e45</load_address>
         <run_address>0x6e45</run_address>
         <size>0x10e</size>
         <input_file_ref idref="fl-4"/>
      </object_component>
      <object_component id="oc-77">
         <name>.debug_info</name>
         <load_address>0x6f53</load_address>
         <run_address>0x6f53</run_address>
         <size>0x280</size>
         <input_file_ref idref="fl-4"/>
      </object_component>
      <object_component id="oc-14b">
         <name>.debug_info</name>
         <load_address>0x71d3</load_address>
         <run_address>0x71d3</run_address>
         <size>0x2c</size>
         <input_file_ref idref="fl-5"/>
      </object_component>
      <object_component id="oc-94">
         <name>.debug_info</name>
         <load_address>0x71ff</load_address>
         <run_address>0x71ff</run_address>
         <size>0x778</size>
         <input_file_ref idref="fl-12"/>
      </object_component>
      <object_component id="oc-81">
         <name>.debug_info</name>
         <load_address>0x7977</load_address>
         <run_address>0x7977</run_address>
         <size>0x1c6</size>
         <input_file_ref idref="fl-12"/>
      </object_component>
      <object_component id="oc-91">
         <name>.debug_info</name>
         <load_address>0x7b3d</load_address>
         <run_address>0x7b3d</run_address>
         <size>0x1d1</size>
         <input_file_ref idref="fl-12"/>
      </object_component>
      <object_component id="oc-31">
         <name>.debug_info</name>
         <load_address>0x7d0e</load_address>
         <run_address>0x7d0e</run_address>
         <size>0xda9</size>
         <input_file_ref idref="fl-12"/>
      </object_component>
      <object_component id="oc-2d">
         <name>.debug_info</name>
         <load_address>0x8ab7</load_address>
         <run_address>0x8ab7</run_address>
         <size>0x2b6</size>
         <input_file_ref idref="fl-13"/>
      </object_component>
      <object_component id="oc-206">
         <name>.debug_info</name>
         <load_address>0x8d6d</load_address>
         <run_address>0x8d6d</run_address>
         <size>0x945</size>
         <input_file_ref idref="fl-15"/>
      </object_component>
      <object_component id="oc-1a1">
         <name>.debug_info</name>
         <load_address>0x96b2</load_address>
         <run_address>0x96b2</run_address>
         <size>0x110</size>
         <input_file_ref idref="fl-15"/>
      </object_component>
      <object_component id="oc-245">
         <name>.debug_info</name>
         <load_address>0x97c2</load_address>
         <run_address>0x97c2</run_address>
         <size>0x39</size>
         <input_file_ref idref="fl-15"/>
      </object_component>
      <object_component id="oc-197">
         <name>.debug_info</name>
         <load_address>0x97fb</load_address>
         <run_address>0x97fb</run_address>
         <size>0x46</size>
         <input_file_ref idref="fl-15"/>
      </object_component>
      <object_component id="oc-24a">
         <name>.debug_info</name>
         <load_address>0x9841</load_address>
         <run_address>0x9841</run_address>
         <size>0x76</size>
         <input_file_ref idref="fl-15"/>
      </object_component>
      <object_component id="oc-1ad">
         <name>.debug_info</name>
         <load_address>0x98b7</load_address>
         <run_address>0x98b7</run_address>
         <size>0x71c</size>
         <input_file_ref idref="fl-16"/>
      </object_component>
      <object_component id="oc-1aa">
         <name>.debug_info</name>
         <load_address>0x9fd3</load_address>
         <run_address>0x9fd3</run_address>
         <size>0x14b</size>
         <input_file_ref idref="fl-16"/>
      </object_component>
      <object_component id="oc-1a7">
         <name>.debug_info</name>
         <load_address>0xa11e</load_address>
         <run_address>0xa11e</run_address>
         <size>0x159</size>
         <input_file_ref idref="fl-16"/>
      </object_component>
      <object_component id="oc-f7">
         <name>.debug_info</name>
         <load_address>0xa277</load_address>
         <run_address>0xa277</run_address>
         <size>0x641</size>
         <input_file_ref idref="fl-16"/>
      </object_component>
      <object_component id="oc-1af">
         <name>.debug_info</name>
         <load_address>0xa8b8</load_address>
         <run_address>0xa8b8</run_address>
         <size>0x695</size>
         <input_file_ref idref="fl-17"/>
      </object_component>
      <object_component id="oc-fd">
         <name>.debug_info</name>
         <load_address>0xaf4d</load_address>
         <run_address>0xaf4d</run_address>
         <size>0x85b</size>
         <input_file_ref idref="fl-17"/>
      </object_component>
      <object_component id="oc-ee">
         <name>.debug_info</name>
         <load_address>0xb7a8</load_address>
         <run_address>0xb7a8</run_address>
         <size>0xaa4</size>
         <input_file_ref idref="fl-19"/>
      </object_component>
      <object_component id="oc-7e">
         <name>.debug_info</name>
         <load_address>0xc24c</load_address>
         <run_address>0xc24c</run_address>
         <size>0x371</size>
         <input_file_ref idref="fl-19"/>
      </object_component>
      <object_component id="oc-103">
         <name>.debug_info</name>
         <load_address>0xc5bd</load_address>
         <run_address>0xc5bd</run_address>
         <size>0x161</size>
         <input_file_ref idref="fl-19"/>
      </object_component>
      <object_component id="oc-10f">
         <name>.debug_info</name>
         <load_address>0xc71e</load_address>
         <run_address>0xc71e</run_address>
         <size>0x161</size>
         <input_file_ref idref="fl-19"/>
      </object_component>
      <object_component id="oc-112">
         <name>.debug_info</name>
         <load_address>0xc87f</load_address>
         <run_address>0xc87f</run_address>
         <size>0x161</size>
         <input_file_ref idref="fl-19"/>
      </object_component>
      <object_component id="oc-106">
         <name>.debug_info</name>
         <load_address>0xc9e0</load_address>
         <run_address>0xc9e0</run_address>
         <size>0x1a4</size>
         <input_file_ref idref="fl-19"/>
      </object_component>
      <object_component id="oc-10c">
         <name>.debug_info</name>
         <load_address>0xcb84</load_address>
         <run_address>0xcb84</run_address>
         <size>0x161</size>
         <input_file_ref idref="fl-19"/>
      </object_component>
      <object_component id="oc-109">
         <name>.debug_info</name>
         <load_address>0xcce5</load_address>
         <run_address>0xcce5</run_address>
         <size>0x163</size>
         <input_file_ref idref="fl-19"/>
      </object_component>
      <object_component id="oc-84">
         <name>.debug_info</name>
         <load_address>0xce48</load_address>
         <run_address>0xce48</run_address>
         <size>0x6209</size>
         <input_file_ref idref="fl-19"/>
      </object_component>
      <object_component id="oc-19c">
         <name>.debug_info</name>
         <load_address>0x13051</load_address>
         <run_address>0x13051</run_address>
         <size>0x146</size>
         <input_file_ref idref="fl-19"/>
      </object_component>
      <object_component id="oc-1c2">
         <name>.debug_info</name>
         <load_address>0x13197</load_address>
         <run_address>0x13197</run_address>
         <size>0x731</size>
         <input_file_ref idref="fl-1e"/>
      </object_component>
      <object_component id="oc-12f">
         <name>.debug_info</name>
         <load_address>0x138c8</load_address>
         <run_address>0x138c8</run_address>
         <size>0x7e4</size>
         <input_file_ref idref="fl-20"/>
      </object_component>
      <object_component id="oc-116">
         <name>.debug_info</name>
         <load_address>0x140ac</load_address>
         <run_address>0x140ac</run_address>
         <size>0x165</size>
         <input_file_ref idref="fl-20"/>
      </object_component>
      <object_component id="oc-8b">
         <name>.debug_info</name>
         <load_address>0x14211</load_address>
         <run_address>0x14211</run_address>
         <size>0x3587</size>
         <input_file_ref idref="fl-20"/>
      </object_component>
      <object_component id="oc-1dc">
         <name>.debug_info</name>
         <load_address>0x17798</load_address>
         <run_address>0x17798</run_address>
         <size>0x67b</size>
         <input_file_ref idref="fl-26"/>
      </object_component>
      <object_component id="oc-1ca">
         <name>.debug_info</name>
         <load_address>0x17e13</load_address>
         <run_address>0x17e13</run_address>
         <size>0x156</size>
         <input_file_ref idref="fl-26"/>
      </object_component>
      <object_component id="oc-1cd">
         <name>.debug_info</name>
         <load_address>0x17f69</load_address>
         <run_address>0x17f69</run_address>
         <size>0x14e</size>
         <input_file_ref idref="fl-26"/>
      </object_component>
      <object_component id="oc-1d0">
         <name>.debug_info</name>
         <load_address>0x180b7</load_address>
         <run_address>0x180b7</run_address>
         <size>0x152</size>
         <input_file_ref idref="fl-26"/>
      </object_component>
      <object_component id="oc-1d3">
         <name>.debug_info</name>
         <load_address>0x18209</load_address>
         <run_address>0x18209</run_address>
         <size>0x154</size>
         <input_file_ref idref="fl-26"/>
      </object_component>
      <object_component id="oc-1d6">
         <name>.debug_info</name>
         <load_address>0x1835d</load_address>
         <run_address>0x1835d</run_address>
         <size>0x156</size>
         <input_file_ref idref="fl-26"/>
      </object_component>
      <object_component id="oc-1d9">
         <name>.debug_info</name>
         <load_address>0x184b3</load_address>
         <run_address>0x184b3</run_address>
         <size>0x15a</size>
         <input_file_ref idref="fl-26"/>
      </object_component>
      <object_component id="oc-1c7">
         <name>.debug_info</name>
         <load_address>0x1860d</load_address>
         <run_address>0x1860d</run_address>
         <size>0x15b</size>
         <input_file_ref idref="fl-26"/>
      </object_component>
      <object_component id="oc-11f">
         <name>.debug_info</name>
         <load_address>0x18768</load_address>
         <run_address>0x18768</run_address>
         <size>0x1c26</size>
         <input_file_ref idref="fl-26"/>
      </object_component>
      <object_component id="oc-1bf">
         <name>.debug_info</name>
         <load_address>0x1a38e</load_address>
         <run_address>0x1a38e</run_address>
         <size>0x5b3</size>
         <input_file_ref idref="fl-2f"/>
      </object_component>
      <object_component id="oc-11a">
         <name>.debug_info</name>
         <load_address>0x1a941</load_address>
         <run_address>0x1a941</run_address>
         <size>0x1821</size>
         <input_file_ref idref="fl-2f"/>
      </object_component>
      <object_component id="oc-cd">
         <name>.debug_info</name>
         <load_address>0x1c162</load_address>
         <run_address>0x1c162</run_address>
         <size>0x13f</size>
         <input_file_ref idref="fl-f1"/>
      </object_component>
      <object_component id="oc-47">
         <name>.debug_info</name>
         <load_address>0x1c2a1</load_address>
         <run_address>0x1c2a1</run_address>
         <size>0x111</size>
         <input_file_ref idref="fl-f2"/>
      </object_component>
      <object_component id="oc-c9">
         <name>.debug_info</name>
         <load_address>0x1c3b2</load_address>
         <run_address>0x1c3b2</run_address>
         <size>0x313</size>
         <input_file_ref idref="fl-f3"/>
      </object_component>
      <object_component id="oc-57">
         <name>.debug_info</name>
         <load_address>0x1c6c5</load_address>
         <run_address>0x1c6c5</run_address>
         <size>0x1aa</size>
         <input_file_ref idref="fl-f3"/>
      </object_component>
      <object_component id="oc-c4">
         <name>.debug_info</name>
         <load_address>0x1c86f</load_address>
         <run_address>0x1c86f</run_address>
         <size>0x46</size>
         <input_file_ref idref="fl-f3"/>
      </object_component>
      <object_component id="oc-4f">
         <name>.debug_info</name>
         <load_address>0x1c8b5</load_address>
         <run_address>0x1c8b5</run_address>
         <size>0x29d</size>
         <input_file_ref idref="fl-f4"/>
      </object_component>
      <object_component id="oc-1a">
         <name>.debug_info</name>
         <load_address>0x1cb52</load_address>
         <run_address>0x1cb52</run_address>
         <size>0x1df</size>
         <input_file_ref idref="fl-f4"/>
      </object_component>
      <object_component id="oc-4a">
         <name>.debug_info</name>
         <load_address>0x1cd31</load_address>
         <run_address>0x1cd31</run_address>
         <size>0x46</size>
         <input_file_ref idref="fl-f4"/>
      </object_component>
      <object_component id="oc-bc">
         <name>.debug_info</name>
         <load_address>0x1cd77</load_address>
         <run_address>0x1cd77</run_address>
         <size>0x2c</size>
         <input_file_ref idref="fl-f4"/>
      </object_component>
      <object_component id="oc-ba">
         <name>.debug_info</name>
         <load_address>0x1cda3</load_address>
         <run_address>0x1cda3</run_address>
         <size>0x293</size>
         <input_file_ref idref="fl-f5"/>
      </object_component>
      <object_component id="oc-14">
         <name>.debug_info</name>
         <load_address>0x1d036</load_address>
         <run_address>0x1d036</run_address>
         <size>0x245</size>
         <input_file_ref idref="fl-f5"/>
      </object_component>
      <object_component id="oc-3a">
         <name>.debug_info</name>
         <load_address>0x1d27b</load_address>
         <run_address>0x1d27b</run_address>
         <size>0x60</size>
         <input_file_ref idref="fl-f5"/>
      </object_component>
      <object_component id="oc-144">
         <name>.debug_info</name>
         <load_address>0x1d2db</load_address>
         <run_address>0x1d2db</run_address>
         <size>0x46</size>
         <input_file_ref idref="fl-f5"/>
      </object_component>
      <object_component id="oc-b5">
         <name>.debug_info</name>
         <load_address>0x1d321</load_address>
         <run_address>0x1d321</run_address>
         <size>0x39</size>
         <input_file_ref idref="fl-f5"/>
      </object_component>
      <object_component id="oc-23">
         <name>.debug_info</name>
         <load_address>0x1d35a</load_address>
         <run_address>0x1d35a</run_address>
         <size>0x100</size>
         <input_file_ref idref="fl-f6"/>
      </object_component>
      <object_component id="oc-63">
         <name>.debug_info</name>
         <load_address>0x1d45a</load_address>
         <run_address>0x1d45a</run_address>
         <size>0x1a4</size>
         <input_file_ref idref="fl-f6"/>
      </object_component>
      <object_component id="oc-156">
         <name>.debug_info</name>
         <load_address>0x1d5fe</load_address>
         <run_address>0x1d5fe</run_address>
         <size>0x117</size>
         <input_file_ref idref="fl-f7"/>
      </object_component>
      <object_component id="oc-1f1">
         <name>.debug_info</name>
         <load_address>0x1d715</load_address>
         <run_address>0x1d715</run_address>
         <size>0x547</size>
         <input_file_ref idref="fl-fd"/>
      </object_component>
      <object_component id="oc-162">
         <name>.debug_info</name>
         <load_address>0x1dc5c</load_address>
         <run_address>0x1dc5c</run_address>
         <size>0x19b</size>
         <input_file_ref idref="fl-fd"/>
      </object_component>
      <object_component id="oc-232">
         <name>.debug_info</name>
         <load_address>0x1ddf7</load_address>
         <run_address>0x1ddf7</run_address>
         <size>0x39</size>
         <input_file_ref idref="fl-fd"/>
      </object_component>
      <object_component id="oc-252">
         <name>.debug_info</name>
         <load_address>0x1de30</load_address>
         <run_address>0x1de30</run_address>
         <size>0x39</size>
         <input_file_ref idref="fl-fd"/>
      </object_component>
      <object_component id="oc-237">
         <name>.debug_info</name>
         <load_address>0x1de69</load_address>
         <run_address>0x1de69</run_address>
         <size>0x39</size>
         <input_file_ref idref="fl-fd"/>
      </object_component>
      <object_component id="oc-23c">
         <name>.debug_info</name>
         <load_address>0x1dea2</load_address>
         <run_address>0x1dea2</run_address>
         <size>0xcd</size>
         <input_file_ref idref="fl-fd"/>
      </object_component>
      <object_component id="oc-d1">
         <name>.debug_info</name>
         <load_address>0x1df6f</load_address>
         <run_address>0x1df6f</run_address>
         <size>0x148</size>
         <input_file_ref idref="fl-fe"/>
      </object_component>
      <object_component id="oc-28b">
         <name>.debug_info</name>
         <load_address>0x1e0b7</load_address>
         <run_address>0x1e0b7</run_address>
         <size>0xc4</size>
      </object_component>
      <object_component id="oc-1e5">
         <name>.debug_line</name>
         <load_address>0x0</load_address>
         <run_address>0x0</run_address>
         <size>0xea</size>
         <input_file_ref idref="fl-2"/>
      </object_component>
      <object_component id="oc-db">
         <name>.debug_line</name>
         <load_address>0xea</load_address>
         <run_address>0xea</run_address>
         <size>0x95</size>
         <input_file_ref idref="fl-2"/>
      </object_component>
      <object_component id="oc-f2">
         <name>.debug_line</name>
         <load_address>0x17f</load_address>
         <run_address>0x17f</run_address>
         <size>0x89</size>
         <input_file_ref idref="fl-2"/>
      </object_component>
      <object_component id="oc-b3">
         <name>.debug_line</name>
         <load_address>0x208</load_address>
         <run_address>0x208</run_address>
         <size>0x69</size>
         <input_file_ref idref="fl-2"/>
      </object_component>
      <object_component id="oc-ae">
         <name>.debug_line</name>
         <load_address>0x271</load_address>
         <run_address>0x271</run_address>
         <size>0x86</size>
         <input_file_ref idref="fl-2"/>
      </object_component>
      <object_component id="oc-a9">
         <name>.debug_line</name>
         <load_address>0x2f7</load_address>
         <run_address>0x2f7</run_address>
         <size>0x52</size>
         <input_file_ref idref="fl-2"/>
      </object_component>
      <object_component id="oc-1e2">
         <name>.debug_line</name>
         <load_address>0x349</load_address>
         <run_address>0x349</run_address>
         <size>0x85</size>
         <input_file_ref idref="fl-2"/>
      </object_component>
      <object_component id="oc-13c">
         <name>.debug_line</name>
         <load_address>0x3ce</load_address>
         <run_address>0x3ce</run_address>
         <size>0x8d</size>
         <input_file_ref idref="fl-2"/>
      </object_component>
      <object_component id="oc-12d">
         <name>.debug_line</name>
         <load_address>0x45b</load_address>
         <run_address>0x45b</run_address>
         <size>0x20</size>
         <input_file_ref idref="fl-2"/>
      </object_component>
      <object_component id="oc-98">
         <name>.debug_line</name>
         <load_address>0x47b</load_address>
         <run_address>0x47b</run_address>
         <size>0x8d</size>
         <input_file_ref idref="fl-2"/>
      </object_component>
      <object_component id="oc-142">
         <name>.debug_line</name>
         <load_address>0x508</load_address>
         <run_address>0x508</run_address>
         <size>0x6d</size>
         <input_file_ref idref="fl-2"/>
      </object_component>
      <object_component id="oc-128">
         <name>.debug_line</name>
         <load_address>0x575</load_address>
         <run_address>0x575</run_address>
         <size>0x69</size>
         <input_file_ref idref="fl-2"/>
      </object_component>
      <object_component id="oc-a2">
         <name>.debug_line</name>
         <load_address>0x5de</load_address>
         <run_address>0x5de</run_address>
         <size>0x6a</size>
         <input_file_ref idref="fl-2"/>
      </object_component>
      <object_component id="oc-9d">
         <name>.debug_line</name>
         <load_address>0x648</load_address>
         <run_address>0x648</run_address>
         <size>0x94</size>
         <input_file_ref idref="fl-2"/>
      </object_component>
      <object_component id="oc-137">
         <name>.debug_line</name>
         <load_address>0x6dc</load_address>
         <run_address>0x6dc</run_address>
         <size>0x89</size>
         <input_file_ref idref="fl-2"/>
      </object_component>
      <object_component id="oc-a5">
         <name>.debug_line</name>
         <load_address>0x765</load_address>
         <run_address>0x765</run_address>
         <size>0x74</size>
         <input_file_ref idref="fl-3"/>
      </object_component>
      <object_component id="oc-37">
         <name>.debug_line</name>
         <load_address>0x7d9</load_address>
         <run_address>0x7d9</run_address>
         <size>0x3b</size>
         <input_file_ref idref="fl-3"/>
      </object_component>
      <object_component id="oc-29">
         <name>.debug_line</name>
         <load_address>0x814</load_address>
         <run_address>0x814</run_address>
         <size>0x9d</size>
         <input_file_ref idref="fl-3"/>
      </object_component>
      <object_component id="oc-42">
         <name>.debug_line</name>
         <load_address>0x8b1</load_address>
         <run_address>0x8b1</run_address>
         <size>0x20</size>
         <input_file_ref idref="fl-3"/>
      </object_component>
      <object_component id="oc-194">
         <name>.debug_line</name>
         <load_address>0x8d1</load_address>
         <run_address>0x8d1</run_address>
         <size>0x3b</size>
         <input_file_ref idref="fl-4"/>
      </object_component>
      <object_component id="oc-7a">
         <name>.debug_line</name>
         <load_address>0x90c</load_address>
         <run_address>0x90c</run_address>
         <size>0x146</size>
         <input_file_ref idref="fl-4"/>
      </object_component>
      <object_component id="oc-14e">
         <name>.debug_line</name>
         <load_address>0xa52</load_address>
         <run_address>0xa52</run_address>
         <size>0x65</size>
         <input_file_ref idref="fl-5"/>
      </object_component>
      <object_component id="oc-133">
         <name>.debug_line</name>
         <load_address>0xab7</load_address>
         <run_address>0xab7</run_address>
         <size>0x159</size>
         <input_file_ref idref="fl-12"/>
      </object_component>
      <object_component id="oc-f5">
         <name>.debug_line</name>
         <load_address>0xc10</load_address>
         <run_address>0xc10</run_address>
         <size>0x8f</size>
         <input_file_ref idref="fl-12"/>
      </object_component>
      <object_component id="oc-131">
         <name>.debug_line</name>
         <load_address>0xc9f</load_address>
         <run_address>0xc9f</run_address>
         <size>0x8f</size>
         <input_file_ref idref="fl-12"/>
      </object_component>
      <object_component id="oc-34">
         <name>.debug_line</name>
         <load_address>0xd2e</load_address>
         <run_address>0xd2e</run_address>
         <size>0x1c5</size>
         <input_file_ref idref="fl-12"/>
      </object_component>
      <object_component id="oc-2f">
         <name>.debug_line</name>
         <load_address>0xef3</load_address>
         <run_address>0xef3</run_address>
         <size>0x12b</size>
         <input_file_ref idref="fl-13"/>
      </object_component>
      <object_component id="oc-244">
         <name>.debug_line</name>
         <load_address>0x101e</load_address>
         <run_address>0x101e</run_address>
         <size>0x1d3</size>
         <input_file_ref idref="fl-15"/>
      </object_component>
      <object_component id="oc-1a4">
         <name>.debug_line</name>
         <load_address>0x11f1</load_address>
         <run_address>0x11f1</run_address>
         <size>0x65</size>
         <input_file_ref idref="fl-15"/>
      </object_component>
      <object_component id="oc-248">
         <name>.debug_line</name>
         <load_address>0x1256</load_address>
         <run_address>0x1256</run_address>
         <size>0x91</size>
         <input_file_ref idref="fl-15"/>
      </object_component>
      <object_component id="oc-19a">
         <name>.debug_line</name>
         <load_address>0x12e7</load_address>
         <run_address>0x12e7</run_address>
         <size>0x8b</size>
         <input_file_ref idref="fl-15"/>
      </object_component>
      <object_component id="oc-24d">
         <name>.debug_line</name>
         <load_address>0x1372</load_address>
         <run_address>0x1372</run_address>
         <size>0x91</size>
         <input_file_ref idref="fl-15"/>
      </object_component>
      <object_component id="oc-20c">
         <name>.debug_line</name>
         <load_address>0x1403</load_address>
         <run_address>0x1403</run_address>
         <size>0x89</size>
         <input_file_ref idref="fl-16"/>
      </object_component>
      <object_component id="oc-20a">
         <name>.debug_line</name>
         <load_address>0x148c</load_address>
         <run_address>0x148c</run_address>
         <size>0x8b</size>
         <input_file_ref idref="fl-16"/>
      </object_component>
      <object_component id="oc-208">
         <name>.debug_line</name>
         <load_address>0x1517</load_address>
         <run_address>0x1517</run_address>
         <size>0x8b</size>
         <input_file_ref idref="fl-16"/>
      </object_component>
      <object_component id="oc-fa">
         <name>.debug_line</name>
         <load_address>0x15a2</load_address>
         <run_address>0x15a2</run_address>
         <size>0x10c</size>
         <input_file_ref idref="fl-16"/>
      </object_component>
      <object_component id="oc-20e">
         <name>.debug_line</name>
         <load_address>0x16ae</load_address>
         <run_address>0x16ae</run_address>
         <size>0x20</size>
         <input_file_ref idref="fl-17"/>
      </object_component>
      <object_component id="oc-100">
         <name>.debug_line</name>
         <load_address>0x16ce</load_address>
         <run_address>0x16ce</run_address>
         <size>0x141</size>
         <input_file_ref idref="fl-17"/>
      </object_component>
      <object_component id="oc-196">
         <name>.debug_line</name>
         <load_address>0x180f</load_address>
         <run_address>0x180f</run_address>
         <size>0x1af</size>
         <input_file_ref idref="fl-19"/>
      </object_component>
      <object_component id="oc-ed">
         <name>.debug_line</name>
         <load_address>0x19be</load_address>
         <run_address>0x19be</run_address>
         <size>0x8a</size>
         <input_file_ref idref="fl-19"/>
      </object_component>
      <object_component id="oc-1b1">
         <name>.debug_line</name>
         <load_address>0x1a48</load_address>
         <run_address>0x1a48</run_address>
         <size>0x8a</size>
         <input_file_ref idref="fl-19"/>
      </object_component>
      <object_component id="oc-1b9">
         <name>.debug_line</name>
         <load_address>0x1ad2</load_address>
         <run_address>0x1ad2</run_address>
         <size>0x8a</size>
         <input_file_ref idref="fl-19"/>
      </object_component>
      <object_component id="oc-1bb">
         <name>.debug_line</name>
         <load_address>0x1b5c</load_address>
         <run_address>0x1b5c</run_address>
         <size>0x8a</size>
         <input_file_ref idref="fl-19"/>
      </object_component>
      <object_component id="oc-1b3">
         <name>.debug_line</name>
         <load_address>0x1be6</load_address>
         <run_address>0x1be6</run_address>
         <size>0x8a</size>
         <input_file_ref idref="fl-19"/>
      </object_component>
      <object_component id="oc-1b7">
         <name>.debug_line</name>
         <load_address>0x1c70</load_address>
         <run_address>0x1c70</run_address>
         <size>0x8a</size>
         <input_file_ref idref="fl-19"/>
      </object_component>
      <object_component id="oc-1b5">
         <name>.debug_line</name>
         <load_address>0x1cfa</load_address>
         <run_address>0x1cfa</run_address>
         <size>0x8a</size>
         <input_file_ref idref="fl-19"/>
      </object_component>
      <object_component id="oc-87">
         <name>.debug_line</name>
         <load_address>0x1d84</load_address>
         <run_address>0x1d84</run_address>
         <size>0xc25</size>
         <input_file_ref idref="fl-19"/>
      </object_component>
      <object_component id="oc-19f">
         <name>.debug_line</name>
         <load_address>0x29a9</load_address>
         <run_address>0x29a9</run_address>
         <size>0x8a</size>
         <input_file_ref idref="fl-19"/>
      </object_component>
      <object_component id="oc-1c1">
         <name>.debug_line</name>
         <load_address>0x2a33</load_address>
         <run_address>0x2a33</run_address>
         <size>0x125</size>
         <input_file_ref idref="fl-1e"/>
      </object_component>
      <object_component id="oc-1de">
         <name>.debug_line</name>
         <load_address>0x2b58</load_address>
         <run_address>0x2b58</run_address>
         <size>0xed</size>
         <input_file_ref idref="fl-20"/>
      </object_component>
      <object_component id="oc-1bd">
         <name>.debug_line</name>
         <load_address>0x2c45</load_address>
         <run_address>0x2c45</run_address>
         <size>0x81</size>
         <input_file_ref idref="fl-20"/>
      </object_component>
      <object_component id="oc-8e">
         <name>.debug_line</name>
         <load_address>0x2cc6</load_address>
         <run_address>0x2cc6</run_address>
         <size>0x8cf</size>
         <input_file_ref idref="fl-20"/>
      </object_component>
      <object_component id="oc-221">
         <name>.debug_line</name>
         <load_address>0x3595</load_address>
         <run_address>0x3595</run_address>
         <size>0x82</size>
         <input_file_ref idref="fl-26"/>
      </object_component>
      <object_component id="oc-215">
         <name>.debug_line</name>
         <load_address>0x3617</load_address>
         <run_address>0x3617</run_address>
         <size>0x88</size>
         <input_file_ref idref="fl-26"/>
      </object_component>
      <object_component id="oc-217">
         <name>.debug_line</name>
         <load_address>0x369f</load_address>
         <run_address>0x369f</run_address>
         <size>0x88</size>
         <input_file_ref idref="fl-26"/>
      </object_component>
      <object_component id="oc-219">
         <name>.debug_line</name>
         <load_address>0x3727</load_address>
         <run_address>0x3727</run_address>
         <size>0x88</size>
         <input_file_ref idref="fl-26"/>
      </object_component>
      <object_component id="oc-21b">
         <name>.debug_line</name>
         <load_address>0x37af</load_address>
         <run_address>0x37af</run_address>
         <size>0x88</size>
         <input_file_ref idref="fl-26"/>
      </object_component>
      <object_component id="oc-21d">
         <name>.debug_line</name>
         <load_address>0x3837</load_address>
         <run_address>0x3837</run_address>
         <size>0x88</size>
         <input_file_ref idref="fl-26"/>
      </object_component>
      <object_component id="oc-21f">
         <name>.debug_line</name>
         <load_address>0x38bf</load_address>
         <run_address>0x38bf</run_address>
         <size>0x88</size>
         <input_file_ref idref="fl-26"/>
      </object_component>
      <object_component id="oc-213">
         <name>.debug_line</name>
         <load_address>0x3947</load_address>
         <run_address>0x3947</run_address>
         <size>0x88</size>
         <input_file_ref idref="fl-26"/>
      </object_component>
      <object_component id="oc-123">
         <name>.debug_line</name>
         <load_address>0x39cf</load_address>
         <run_address>0x39cf</run_address>
         <size>0x38a</size>
         <input_file_ref idref="fl-26"/>
      </object_component>
      <object_component id="oc-210">
         <name>.debug_line</name>
         <load_address>0x3d59</load_address>
         <run_address>0x3d59</run_address>
         <size>0x20</size>
         <input_file_ref idref="fl-2f"/>
      </object_component>
      <object_component id="oc-11d">
         <name>.debug_line</name>
         <load_address>0x3d79</load_address>
         <run_address>0x3d79</run_address>
         <size>0x2c9</size>
         <input_file_ref idref="fl-2f"/>
      </object_component>
      <object_component id="oc-cb">
         <name>.debug_line</name>
         <load_address>0x4042</load_address>
         <run_address>0x4042</run_address>
         <size>0x79</size>
         <input_file_ref idref="fl-f1"/>
      </object_component>
      <object_component id="oc-45">
         <name>.debug_line</name>
         <load_address>0x40bb</load_address>
         <run_address>0x40bb</run_address>
         <size>0x88</size>
         <input_file_ref idref="fl-f2"/>
      </object_component>
      <object_component id="oc-151">
         <name>.debug_line</name>
         <load_address>0x4143</load_address>
         <run_address>0x4143</run_address>
         <size>0x9e</size>
         <input_file_ref idref="fl-f3"/>
      </object_component>
      <object_component id="oc-5a">
         <name>.debug_line</name>
         <load_address>0x41e1</load_address>
         <run_address>0x41e1</run_address>
         <size>0x4f</size>
         <input_file_ref idref="fl-f3"/>
      </object_component>
      <object_component id="oc-c7">
         <name>.debug_line</name>
         <load_address>0x4230</load_address>
         <run_address>0x4230</run_address>
         <size>0x34</size>
         <input_file_ref idref="fl-f3"/>
      </object_component>
      <object_component id="oc-c2">
         <name>.debug_line</name>
         <load_address>0x4264</load_address>
         <run_address>0x4264</run_address>
         <size>0x20</size>
         <input_file_ref idref="fl-f4"/>
      </object_component>
      <object_component id="oc-1e">
         <name>.debug_line</name>
         <load_address>0x4284</load_address>
         <run_address>0x4284</run_address>
         <size>0x55</size>
         <input_file_ref idref="fl-f4"/>
      </object_component>
      <object_component id="oc-4d">
         <name>.debug_line</name>
         <load_address>0x42d9</load_address>
         <run_address>0x42d9</run_address>
         <size>0x3a</size>
         <input_file_ref idref="fl-f4"/>
      </object_component>
      <object_component id="oc-bf">
         <name>.debug_line</name>
         <load_address>0x4313</load_address>
         <run_address>0x4313</run_address>
         <size>0x8a</size>
         <input_file_ref idref="fl-f4"/>
      </object_component>
      <object_component id="oc-14a">
         <name>.debug_line</name>
         <load_address>0x439d</load_address>
         <run_address>0x439d</run_address>
         <size>0x20</size>
         <input_file_ref idref="fl-f5"/>
      </object_component>
      <object_component id="oc-18">
         <name>.debug_line</name>
         <load_address>0x43bd</load_address>
         <run_address>0x43bd</run_address>
         <size>0xa9</size>
         <input_file_ref idref="fl-f5"/>
      </object_component>
      <object_component id="oc-3d">
         <name>.debug_line</name>
         <load_address>0x4466</load_address>
         <run_address>0x4466</run_address>
         <size>0x3a</size>
         <input_file_ref idref="fl-f5"/>
      </object_component>
      <object_component id="oc-147">
         <name>.debug_line</name>
         <load_address>0x44a0</load_address>
         <run_address>0x44a0</run_address>
         <size>0x92</size>
         <input_file_ref idref="fl-f5"/>
      </object_component>
      <object_component id="oc-b8">
         <name>.debug_line</name>
         <load_address>0x4532</load_address>
         <run_address>0x4532</run_address>
         <size>0x8e</size>
         <input_file_ref idref="fl-f5"/>
      </object_component>
      <object_component id="oc-75">
         <name>.debug_line</name>
         <load_address>0x45c0</load_address>
         <run_address>0x45c0</run_address>
         <size>0x33</size>
         <input_file_ref idref="fl-f6"/>
      </object_component>
      <object_component id="oc-66">
         <name>.debug_line</name>
         <load_address>0x45f3</load_address>
         <run_address>0x45f3</run_address>
         <size>0x56</size>
         <input_file_ref idref="fl-f6"/>
      </object_component>
      <object_component id="oc-159">
         <name>.debug_line</name>
         <load_address>0x4649</load_address>
         <run_address>0x4649</run_address>
         <size>0x3c</size>
         <input_file_ref idref="fl-f7"/>
      </object_component>
      <object_component id="oc-231">
         <name>.debug_line</name>
         <load_address>0x4685</load_address>
         <run_address>0x4685</run_address>
         <size>0xb7</size>
         <input_file_ref idref="fl-fd"/>
      </object_component>
      <object_component id="oc-165">
         <name>.debug_line</name>
         <load_address>0x473c</load_address>
         <run_address>0x473c</run_address>
         <size>0x6c</size>
         <input_file_ref idref="fl-fd"/>
      </object_component>
      <object_component id="oc-235">
         <name>.debug_line</name>
         <load_address>0x47a8</load_address>
         <run_address>0x47a8</run_address>
         <size>0x2e</size>
         <input_file_ref idref="fl-fd"/>
      </object_component>
      <object_component id="oc-255">
         <name>.debug_line</name>
         <load_address>0x47d6</load_address>
         <run_address>0x47d6</run_address>
         <size>0x92</size>
         <input_file_ref idref="fl-fd"/>
      </object_component>
      <object_component id="oc-23a">
         <name>.debug_line</name>
         <load_address>0x4868</load_address>
         <run_address>0x4868</run_address>
         <size>0x8f</size>
         <input_file_ref idref="fl-fd"/>
      </object_component>
      <object_component id="oc-23f">
         <name>.debug_line</name>
         <load_address>0x48f7</load_address>
         <run_address>0x48f7</run_address>
         <size>0x8b</size>
         <input_file_ref idref="fl-fd"/>
      </object_component>
      <object_component id="oc-d5">
         <name>.debug_line</name>
         <load_address>0x4982</load_address>
         <run_address>0x4982</run_address>
         <size>0x40</size>
         <input_file_ref idref="fl-fe"/>
      </object_component>
      <object_component id="oc-da">
         <name>.debug_frame</name>
         <load_address>0x0</load_address>
         <run_address>0x0</run_address>
         <size>0x90</size>
         <input_file_ref idref="fl-2"/>
      </object_component>
      <object_component id="oc-2a">
         <name>.debug_frame</name>
         <load_address>0x90</load_address>
         <run_address>0x90</run_address>
         <size>0x94</size>
         <input_file_ref idref="fl-3"/>
      </object_component>
      <object_component id="oc-7b">
         <name>.debug_frame</name>
         <load_address>0x124</load_address>
         <run_address>0x124</run_address>
         <size>0x70</size>
         <input_file_ref idref="fl-4"/>
      </object_component>
      <object_component id="oc-35">
         <name>.debug_frame</name>
         <load_address>0x194</load_address>
         <run_address>0x194</run_address>
         <size>0x114</size>
         <input_file_ref idref="fl-12"/>
      </object_component>
      <object_component id="oc-fb">
         <name>.debug_frame</name>
         <load_address>0x2a8</load_address>
         <run_address>0x2a8</run_address>
         <size>0x9c</size>
         <input_file_ref idref="fl-16"/>
      </object_component>
      <object_component id="oc-101">
         <name>.debug_frame</name>
         <load_address>0x344</load_address>
         <run_address>0x344</run_address>
         <size>0xb8</size>
         <input_file_ref idref="fl-17"/>
      </object_component>
      <object_component id="oc-88">
         <name>.debug_frame</name>
         <load_address>0x3fc</load_address>
         <run_address>0x3fc</run_address>
         <size>0x5e0</size>
         <input_file_ref idref="fl-19"/>
      </object_component>
      <object_component id="oc-1c5">
         <name>.debug_frame</name>
         <load_address>0x9dc</load_address>
         <run_address>0x9dc</run_address>
         <size>0xbc</size>
         <input_file_ref idref="fl-1e"/>
      </object_component>
      <object_component id="oc-8f">
         <name>.debug_frame</name>
         <load_address>0xa98</load_address>
         <run_address>0xa98</run_address>
         <size>0x3e0</size>
         <input_file_ref idref="fl-20"/>
      </object_component>
      <object_component id="oc-122">
         <name>.debug_frame</name>
         <load_address>0xe78</load_address>
         <run_address>0xe78</run_address>
         <size>0x210</size>
         <input_file_ref idref="fl-26"/>
      </object_component>
      <object_component id="oc-119">
         <name>.debug_frame</name>
         <load_address>0x1088</load_address>
         <run_address>0x1088</run_address>
         <size>0x1d8</size>
         <input_file_ref idref="fl-2f"/>
      </object_component>
      <object_component id="oc-5b">
         <name>.debug_frame</name>
         <load_address>0x1260</load_address>
         <run_address>0x1260</run_address>
         <size>0x54</size>
         <input_file_ref idref="fl-f3"/>
      </object_component>
      <object_component id="oc-1d">
         <name>.debug_frame</name>
         <load_address>0x12b4</load_address>
         <run_address>0x12b4</run_address>
         <size>0x54</size>
         <input_file_ref idref="fl-f4"/>
      </object_component>
      <object_component id="oc-17">
         <name>.debug_frame</name>
         <load_address>0x1308</load_address>
         <run_address>0x1308</run_address>
         <size>0x60</size>
         <input_file_ref idref="fl-f5"/>
      </object_component>
      <object_component id="oc-67">
         <name>.debug_frame</name>
         <load_address>0x1368</load_address>
         <run_address>0x1368</run_address>
         <size>0x58</size>
         <input_file_ref idref="fl-f6"/>
      </object_component>
      <object_component id="oc-15a">
         <name>.debug_frame</name>
         <load_address>0x13c0</load_address>
         <run_address>0x13c0</run_address>
         <size>0x54</size>
         <input_file_ref idref="fl-f7"/>
      </object_component>
      <object_component id="oc-166">
         <name>.debug_frame</name>
         <load_address>0x1414</load_address>
         <run_address>0x1414</run_address>
         <size>0x5c</size>
         <input_file_ref idref="fl-fd"/>
      </object_component>
      <object_component id="oc-d4">
         <name>.debug_frame</name>
         <load_address>0x1470</load_address>
         <run_address>0x1470</run_address>
         <size>0x54</size>
         <input_file_ref idref="fl-fe"/>
      </object_component>
      <object_component id="oc-1e4">
         <name>.debug_abbrev</name>
         <load_address>0x0</load_address>
         <run_address>0x0</run_address>
         <size>0xe5</size>
         <input_file_ref idref="fl-2"/>
      </object_component>
      <object_component id="oc-154">
         <name>.debug_abbrev</name>
         <load_address>0xe5</load_address>
         <run_address>0xe5</run_address>
         <size>0xb6</size>
         <input_file_ref idref="fl-2"/>
      </object_component>
      <object_component id="oc-f1">
         <name>.debug_abbrev</name>
         <load_address>0x19b</load_address>
         <run_address>0x19b</run_address>
         <size>0x90</size>
         <input_file_ref idref="fl-2"/>
      </object_component>
      <object_component id="oc-b2">
         <name>.debug_abbrev</name>
         <load_address>0x22b</load_address>
         <run_address>0x22b</run_address>
         <size>0x69</size>
[...]
         <object_component_ref idref="oc-83"/>
      </symbol>
      <symbol id="sm-3de">
         <name>xTaskGenericNotifyFromISR</name>
         <value>0x169d</value>
         <object_component_ref idref="oc-83"/>
      </symbol>
      <symbol id="sm-3df">
         <name>vTaskGetInfo</name>
         <value>0x10a5</value>
         <object_component_ref idref="oc-83"/>
      </symbol>
      <symbol id="sm-3e0">
         <name>uxTaskPriorityGet</name>
         <value>0x511</value>
         <object_component_ref idref="oc-83"/>
      </symbol>
      <symbol id="sm-3e1">
         <name>xTaskResumeAll</name>
         <value>0x929</value>
         <object_component_ref idref="oc-83"/>
      </symbol>
      <symbol id="sm-3e2">
         <name>xTaskGetTickCount</name>
         <value>0xa25</value>
         <object_component_ref idref="oc-83"/>
      </symbol>
      <symbol id="sm-3e3">
         <name>uxTaskGetSystemState</name>
         <value>0xa91</value>
         <object_component_ref idref="oc-83"/>
      </symbol>
      <symbol id="sm-3e4">
         <name>pxCurrentTCB</name>
         <value>0x2000c9a8</value>
         <object_component_ref idref="oc-7d"/>
      </symbol>
      <symbol id="sm-3e5">
         <name>vTaskNotifyGiveFromISR</name>
         <value>0x17db</value>
         <object_component_ref idref="oc-83"/>
      </symbol>
      <symbol id="sm-3e6">
         <name>eTaskGetState</name>
         <value>0x489</value>
         <object_component_ref idref="oc-83"/>
      </symbol>
      <symbol id="sm-3e7">
         <name>vTaskSuspend</name>
         <value>0x6cd</value>
         <object_component_ref idref="oc-83"/>
      </symbol>
      <symbol id="sm-3e8">
         <name>xTaskGetTickCountFromISR</name>
         <value>0xa35</value>
         <object_component_ref idref="oc-83"/>
      </symbol>
      <symbol id="sm-3e9">
         <name>vTaskResume</name>
         <value>0x7f7</value>
         <object_component_ref idref="oc-83"/>
      </symbol>
      <symbol id="sm-3ea">
         <name>vTaskSetTimeOutState</name>
         <value>0xf19</value>
         <object_component_ref idref="oc-83"/>
      </symbol>
      <symbol id="sm-3eb">
         <name>xTaskIncrementTick</name>
         <value>0xb61</value>
         <object_component_ref idref="oc-83"/>
      </symbol>
      <symbol id="sm-3ec">
         <name>vTaskSwitchContext</name>
         <value>0xca1</value>
         <object_component_ref idref="oc-83"/>
      </symbol>
      <symbol id="sm-3ed">
         <name>uxTaskResetEventItemValue</name>
         <value>0x141b</value>
         <object_component_ref idref="oc-83"/>
      </symbol>
      <symbol id="sm-3ee">
         <name>xTaskGetCurrentTaskHandle</name>
         <value>0x1253</value>
         <object_component_ref idref="oc-83"/>
      </symbol>
      <symbol id="sm-3ef">
         <name>vTaskPlaceOnUnorderedEventList</name>
         <value>0xd61</value>
         <object_component_ref idref="oc-83"/>
      </symbol>
      <symbol id="sm-3f0">
         <name>xTaskRemoveFromEventList</name>
         <value>0xdc5</value>
         <object_component_ref idref="oc-83"/>
      </symbol>
      <symbol id="sm-403">
         <name>CPU_wfi</name>
         <value>0x3973</value>
         <object_component_ref idref="oc-1c0"/>
      </symbol>
      <symbol id="sm-404">
         <name>CPU_basepriSet</name>
         <value>0x3977</value>
         <object_component_ref idref="oc-1c0"/>
      </symbol>
      <symbol id="sm-405">
         <name>CPU_cpsie</name>
         <value>0x3967</value>
         <object_component_ref idref="oc-1c0"/>
      </symbol>
      <symbol id="sm-406">
         <name>CPU_cpsid</name>
         <value>0x3951</value>
         <object_component_ref idref="oc-1c0"/>
      </symbol>
      <symbol id="sm-407">
         <name>CPU_primask</name>
         <value>0x395d</value>
         <object_component_ref idref="oc-1c0"/>
      </symbol>
      <symbol id="sm-408">
         <name>CPU_basepriGet</name>
         <value>0x3985</value>
         <object_component_ref idref="oc-1c0"/>
      </symbol>
      <symbol id="sm-51c">
         <name>CS_getEnabledInterruptStatus</name>
         <value>0x26a7</value>
         <object_component_ref idref="oc-8a"/>
      </symbol>
      <symbol id="sm-51d">
         <name>CS_getACLK</name>
         <value>0x2501</value>
         <object_component_ref idref="oc-8a"/>
      </symbol>
      <symbol id="sm-51e">
         <name>CS_startLFXT</name>
         <value>0x1e4d</value>
         <object_component_ref idref="oc-8a"/>
      </symbol>
      <symbol id="sm-51f">
         <name>CS_enableClockRequest</name>
         <value>0x1f41</value>
         <object_component_ref idref="oc-8a"/>
      </symbol>
      <symbol id="sm-520">
         <name>CS_disableClockRequest</name>
         <value>0x1f69</value>
         <object_component_ref idref="oc-8a"/>
      </symbol>
      <symbol id="sm-521">
         <name>CS_getMCLK</name>
         <value>0x2547</value>
         <object_component_ref idref="oc-8a"/>
      </symbol>
      <symbol id="sm-522">
         <name>CS_startFaultCounter</name>
         <value>0x260d</value>
         <object_component_ref idref="oc-8a"/>
      </symbol>
      <symbol id="sm-523">
         <name>CS_disableDCOExternalResistor</name>
         <value>0x204f</value>
         <object_component_ref idref="oc-8a"/>
      </symbol>
      <symbol id="sm-524">
         <name>CS_clearInterruptFlag</name>
         <value>0x26c1</value>
         <object_component_ref idref="oc-8a"/>
      </symbol>
      <symbol id="sm-525">
         <name>CS_startHFXT</name>
         <value>0x1d65</value>
         <object_component_ref idref="oc-8a"/>
      </symbol>
      <symbol id="sm-526">
         <name>CS_setDCOFrequency</name>
         <value>0x22e9</value>
         <object_component_ref idref="oc-8a"/>
      </symbol>
      <symbol id="sm-527">
         <name>CS_getDCOFrequency</name>
         <value>0x2149</value>
         <object_component_ref idref="oc-8a"/>
      </symbol>
      <symbol id="sm-528">
         <name>CS_enableInterrupt</name>
         <value>0x265d</value>
         <object_component_ref idref="oc-8a"/>
      </symbol>
      <symbol id="sm-529">
         <name>CS_unregisterInterrupt</name>
         <value>0x26f7</value>
         <object_component_ref idref="oc-8a"/>
      </symbol>
      <symbol id="sm-52a">
         <name>CS_resetFaultCounter</name>
         <value>0x25c1</value>
         <object_component_ref idref="oc-8a"/>
      </symbol>
      <symbol id="sm-52b">
         <name>CS_setExternalClockSourceFrequency</name>
         <value>0x1c25</value>
         <object_component_ref idref="oc-8a"/>
      </symbol>
      <symbol id="sm-52c">
         <name>CS_getBCLK</name>
         <value>0x24c1</value>
         <object_component_ref idref="oc-8a"/>
      </symbol>
      <symbol id="sm-52d">
         <name>CS_setDCOExternalResistorCalibration</name>
         <value>0x1fd9</value>
         <object_component_ref idref="oc-8a"/>
      </symbol>
      <symbol id="sm-52e">
         <name>CS_getSMCLK</name>
         <value>0x2525</value>
         <object_component_ref idref="oc-8a"/>
      </symbol>
      <symbol id="sm-52f">
         <name>CS_registerInterrupt</name>
         <value>0x26e3</value>
         <object_component_ref idref="oc-8a"/>
      </symbol>
      <symbol id="sm-530">
         <name>CS_disableInterrupt</name>
         <value>0x267f</value>
         <object_component_ref idref="oc-8a"/>
      </symbol>
      <symbol id="sm-531">
         <name>CS_enableFaultCounter</name>
         <value>0x2569</value>
         <object_component_ref idref="oc-8a"/>
      </symbol>
      <symbol id="sm-532">
         <name>CS_getInterruptStatus</name>
         <value>0x26a1</value>
         <object_component_ref idref="oc-8a"/>
      </symbol>
      <symbol id="sm-533">
         <name>CS_enableDCOExternalResistor</name>
         <value>0x1fb1</value>
         <object_component_ref idref="oc-8a"/>
      </symbol>
      <symbol id="sm-534">
         <name>CS_setDCOCenteredFrequency</name>
         <value>0x206d</value>
         <object_component_ref idref="oc-8a"/>
      </symbol>
      <symbol id="sm-535">
         <name>CS_setReferenceOscillatorFrequency</name>
         <value>0x1f8b</value>
         <object_component_ref idref="oc-8a"/>
      </symbol>
      <symbol id="sm-536">
         <name>CS_tuneDCOFrequency</name>
         <value>0x20a5</value>
         <object_component_ref idref="oc-8a"/>
      </symbol>
      <symbol id="sm-537">
         <name>CS_startHFXTWithTimeout</name>
         <value>0x1d89</value>
         <object_component_ref idref="oc-8a"/>
      </symbol>
      <symbol id="sm-538">
         <name>CS_startLFXTWithTimeout</name>
         <value>0x1e71</value>
         <object_component_ref idref="oc-8a"/>
      </symbol>
      <symbol id="sm-539">
         <name>CS_getHSMCLK</name>
         <value>0x24dd</value>
         <object_component_ref idref="oc-8a"/>
      </symbol>
      <symbol id="sm-53a">
         <name>CS_initClockSignal</name>
         <value>0x1c61</value>
         <object_component_ref idref="oc-8a"/>
      </symbol>
      <symbol id="sm-53b">
         <name>CS_disableFaultCounter</name>
         <value>0x2595</value>
         <object_component_ref idref="oc-8a"/>
      </symbol>
      <symbol id="sm-5c3">
         <name>Interrupt_disableMaster</name>
         <value>0x274f</value>
         <object_component_ref idref="oc-11e"/>
      </symbol>
      <symbol id="sm-5c4">
         <name>Interrupt_disableInterrupt</name>
         <value>0x28ff</value>
         <object_component_ref idref="oc-11e"/>
      </symbol>
      <symbol id="sm-5c5">
         <name>Interrupt_getPriorityMask</name>
         <value>0x2acb</value>
         <object_component_ref idref="oc-11e"/>
      </symbol>
      <symbol id="sm-5c6">
         <name>Interrupt_unpendInterrupt</name>
         <value>0x2a6d</value>
         <object_component_ref idref="oc-11e"/>
      </symbol>
      <symbol id="sm-5c7">
         <name>Interrupt_setPriorityMask</name>
         <value>0x2abb</value>
         <object_component_ref idref="oc-11e"/>
      </symbol>
      <symbol id="sm-5c8">
         <name>Interrupt_unregisterInterrupt</name>
         <value>0x27b1</value>
         <object_component_ref idref="oc-11e"/>
      </symbol>
      <symbol id="sm-5c9">
         <name>Interrupt_setVectorTableAddress</name>
         <value>0x2ad5</value>
         <object_component_ref idref="oc-11e"/>
      </symbol>
      <symbol id="sm-5ca">
         <name>Interrupt_setPriority</name>
         <value>0x2817</value>
         <object_component_ref idref="oc-11e"/>
      </symbol>
      <symbol id="sm-5cb">
         <name>Interrupt_enableSleepOnIsrExit</name>
         <value>0x2aeb</value>
         <object_component_ref idref="oc-11e"/>
      </symbol>
      <symbol id="sm-5cc">
         <name>Interrupt_enableMaster</name>
         <value>0x273f</value>
         <object_component_ref idref="oc-11e"/>
      </symbol>
      <symbol id="sm-5cd">
         <name>Interrupt_enableInterrupt</name>
         <value>0x288d</value>
         <object_component_ref idref="oc-11e"/>
      </symbol>
      <symbol id="sm-5ce">
         <name>Interrupt_getPriority</name>
         <value>0x2867</value>
         <object_component_ref idref="oc-11e"/>
      </symbol>
      <symbol id="sm-5cf">
         <name>Interrupt_registerInterrupt</name>
         <value>0x275f</value>
         <object_component_ref idref="oc-11e"/>
      </symbol>
      <symbol id="sm-5d0">
         <name>g_pfnRAMVectors</name>
         <value>0x20000000</value>
         <object_component_ref idref="oc-1c6"/>
      </symbol>
      <symbol id="sm-5d1">
         <name>Interrupt_disableSleepOnIsrExit</name>
         <value>0x2afd</value>
         <object_component_ref idref="oc-11e"/>
      </symbol>
      <symbol id="sm-5d2">
         <name>Interrupt_setPriorityGrouping</name>
         <value>0x27c5</value>
         <object_component_ref idref="oc-11e"/>
      </symbol>
      <symbol id="sm-5d3">
         <name>Interrupt_getPriorityGrouping</name>
         <value>0x27df</value>
         <object_component_ref idref="oc-11e"/>
      </symbol>
      <symbol id="sm-5d4">
         <name>Interrupt_getVectorTableAddress</name>
         <value>0x2ae5</value>
         <object_component_ref idref="oc-11e"/>
      </symbol>
      <symbol id="sm-5d5">
         <name>Interrupt_isEnabled</name>
         <value>0x2971</value>
         <object_component_ref idref="oc-11e"/>
      </symbol>
      <symbol id="sm-5d6">
         <name>Interrupt_pendInterrupt</name>
         <value>0x29fd</value>
         <object_component_ref idref="oc-11e"/>
      </symbol>
      <symbol id="sm-621">
         <name>SysCtl_disableSRAMBankRetention</name>
         <value>0x322d</value>
         <object_component_ref idref="oc-118"/>
      </symbol>
      <symbol id="sm-622">
         <name>SysCtl_getTempCalibrationConstant</name>
         <value>0x32db</value>
         <object_component_ref idref="oc-118"/>
      </symbol>
      <symbol id="sm-623">
         <name>SysCtl_enablePeripheralAtCPUHalt</name>
         <value>0x3253</value>
         <object_component_ref idref="oc-118"/>
      </symbol>
      <symbol id="sm-624">
         <name>SysCtl_getSRAMSize</name>
         <value>0x3153</value>
         <object_component_ref idref="oc-118"/>
      </symbol>
      <symbol id="sm-625">
         <name>SysCtl_enableSRAMBank</name>
         <value>0x318d</value>
         <object_component_ref idref="oc-118"/>
      </symbol>
      <symbol id="sm-626">
         <name>SysCtl_disablePeripheralAtCPUHalt</name>
         <value>0x3267</value>
         <object_component_ref idref="oc-118"/>
      </symbol>
      <symbol id="sm-627">
         <name>SysCtl_setWDTTimeoutResetType</name>
         <value>0x327b</value>
         <object_component_ref idref="oc-118"/>
      </symbol>
      <symbol id="sm-628">
         <name>SysCtl_getNMISourceStatus</name>
         <value>0x3187</value>
         <object_component_ref idref="oc-118"/>
      </symbol>
      <symbol id="sm-629">
         <name>SysCtl_enableNMISource</name>
         <value>0x3173</value>
         <object_component_ref idref="oc-118"/>
      </symbol>
      <symbol id="sm-62a">
         <name>SysCtl_disableSRAMBank</name>
         <value>0x31a9</value>
         <object_component_ref idref="oc-118"/>
      </symbol>
      <symbol id="sm-62b">
         <name>SysCtl_disableGlitchFilter</name>
         <value>0x32cf</value>
         <object_component_ref idref="oc-118"/>
      </symbol>
      <symbol id="sm-62c">
         <name>SysCtl_disableNMISource</name>
         <value>0x315f</value>
         <object_component_ref idref="oc-118"/>
      </symbol>
      <symbol id="sm-62d">
         <name>SysCtl_setWDTPasswordViolationResetType</name>
         <value>0x329f</value>
         <object_component_ref idref="oc-118"/>
      </symbol>
      <symbol id="sm-62e">
         <name>SysCtl_rebootDevice</name>
         <value>0x3249</value>
         <object_component_ref idref="oc-118"/>
      </symbol>
      <symbol id="sm-62f">
         <name>SysCtl_getFlashSize</name>
         <value>0x3159</value>
         <object_component_ref idref="oc-118"/>
      </symbol>
      <symbol id="sm-630">
         <name>SysCtl_getTLVInfo</name>
         <value>0x30dd</value>
         <object_component_ref idref="oc-118"/>
      </symbol>
      <symbol id="sm-631">
         <name>SysCtl_enableGlitchFilter</name>
         <value>0x32c3</value>
         <object_component_ref idref="oc-118"/>
      </symbol>
      <symbol id="sm-632">
         <name>SysCtl_enableSRAMBankRetention</name>
         <value>0x3211</value>
         <object_component_ref idref="oc-118"/>
      </symbol>
      <symbol id="sm-649">
         <name>__aeabi_memset</name>
         <value>0x382b</value>
         <object_component_ref idref="oc-ca"/>
      </symbol>
      <symbol id="sm-64a">
         <name>memset</name>
         <value>0x3831</value>
         <object_component_ref idref="oc-ca"/>
      </symbol>
      <symbol id="sm-64b">
         <name>__aeabi_memset8</name>
         <value>0x382b</value>
         <object_component_ref idref="oc-ca"/>
      </symbol>
      <symbol id="sm-64c">
         <name>__aeabi_memset4</name>
         <value>0x382b</value>
         <object_component_ref idref="oc-ca"/>
      </symbol>
      <symbol id="sm-64d">
         <name>__aeabi_memclr8</name>
         <value>0x3829</value>
         <object_component_ref idref="oc-ca"/>
      </symbol>
      <symbol id="sm-64e">
         <name>__aeabi_memclr4</name>
         <value>0x3829</value>
         <object_component_ref idref="oc-ca"/>
      </symbol>
      <symbol id="sm-64f">
         <name>__aeabi_memclr</name>
         <value>0x3829</value>
         <object_component_ref idref="oc-ca"/>
      </symbol>
      <symbol id="sm-66a">
         <name>memcpy</name>
         <value>0x378d</value>
         <object_component_ref idref="oc-44"/>
      </symbol>
      <symbol id="sm-66b">
         <name>__aeabi_memcpy</name>
         <value>0x378d</value>
         <object_component_ref idref="oc-44"/>
      </symbol>
      <symbol id="sm-66c">
         <name>__aeabi_memcpy8</name>
         <value>0x378d</value>
         <object_component_ref idref="oc-44"/>
      </symbol>
      <symbol id="sm-66d">
         <name>__aeabi_memcpy4</name>
         <value>0x378d</value>
         <object_component_ref idref="oc-44"/>
      </symbol>
      <symbol id="sm-67f">
         <name>__TI_zero_init</name>
         <value>0x39f7</value>
         <object_component_ref idref="oc-56"/>
      </symbol>
      <symbol id="sm-696">
         <name>__TI_decompress_none</name>
         <value>0x39e9</value>
         <object_component_ref idref="oc-19"/>
      </symbol>
      <symbol id="sm-6b9">
         <name>__TI_decompress_lzss</name>
         <value>0x38a3</value>
         <object_component_ref idref="oc-13"/>
      </symbol>
      <symbol id="sm-6cc">
         <name>__stack</name>
         <value>0x2000fe00</value>
         <object_component_ref idref="oc-22"/>
      </symbol>
      <symbol id="sm-6cd">
         <name>_c_int00_noargs</name>
         <value>0x3991</value>
         <object_component_ref idref="oc-62"/>
      </symbol>
      <symbol id="sm-6d8">
         <name>C$$EXIT</name>
         <value>0x3a07</value>
         <object_component_ref idref="oc-155"/>
      </symbol>
      <symbol id="sm-6d9">
         <name>abort</name>
         <value>0x3a07</value>
         <object_component_ref idref="oc-155"/>
      </symbol>
      <symbol id="sm-706">
         <name>__TI_auto_init_nobinit_nopinit</name>
         <value>0x390d</value>
         <object_component_ref idref="oc-161"/>
      </symbol>
      <symbol id="sm-710">
         <name>_system_pre_init</name>
         <value>0x3a03</value>
         <object_component_ref idref="oc-d0"/>
      </symbol>
      <symbol id="sm-716">
         <name>__TI_static_base__</name>
         <value>0x0</value>
      </symbol>
      <symbol id="sm-719">
         <name>__mpu_init</name>
         <value>0x0</value>
      </symbol>
      <symbol id="sm-71a">
         <name>_system_post_cinit</name>
         <value>0x0</value>
      </symbol>
   </symbol_table>
   <title>Link successful</title>
</link_info>
