******************************************************************************
                  TI ARM Linker Unix v18.1.3                   
******************************************************************************
>> Linked Sat Oct 27 13:43:03 2018

OUTPUT FILE NAME:   <01a-task.out>
ENTRY POINT SYMBOL: "_c_int00_noargs"  address: 00003991


MEMORY CONFIGURATION

         name            origin    length      used     unused   attr    fill
----------------------  --------  ---------  --------  --------  ----  --------
  MAIN                  00000000   00040000  00003af2  0003c50e  R  X
  INFO                  00200000   00004000  00000000  00004000  R  X
  SRAM_CODE             01000000   00010000  00000000  00010000  RW X
  SRAM_DATA             20000000   00010000  0000cbf0  00003410  RW  


SEGMENT ALLOCATION MAP

run origin  load origin   length   init length attrs members
----------  ----------- ---------- ----------- ----- -------
00000000    00000000    00003af8   00003af8    r-x
  00000000    00000000    00000144   00000144    r-- .intvecs
  00000144    00000144    000038c6   000038c6    r-x .text
  00003a0c    00003a0c    00000098   00000098    r-- .const
  00003aa8    00003aa8    00000050   00000050    r-- .cinit
20000000    20000000    0000c9f0   00000000    rw-
  20000000    20000000    000000e4   00000000    rw- .vtable
  200000e4    200000e4    0000c8c4   00000000    rw- .bss
  2000c9a8    2000c9a8    00000048   00000000    rw- .data
2000fe00    2000fe00    00000200   00000000    rw-
  2000fe00    2000fe00    00000200   00000000    rw- .stack


SECTION ALLOCATION MAP

 output                                  attributes/
section   page    origin      length       input sections
--------  ----  ----------  ----------   ----------------
.intvecs   0    00000000    00000144     
                  00000000    00000144     msp432_startup_ccs.obj (.intvecs:retain)

.text      0    00000144    000038c6     
                  00000144    0000187c     tasks.obj (.text)
                  000019c0    00000d7c     cs.obj (.text)
                  0000273c    000003f0     interrupt.obj (.text)
                  00002b2c    00000328     system_msp432p401r.obj (.text)
                  00002e54    00000288     port.obj (.text)
                  000030dc    00000244     sysctl.obj (.text)
                  00003320    000001b8     main.obj (.text)
                  000034d8    0000012a     list.obj (.text)
                  00003602    00000002     --HOLE-- [fill = 0]
                  00003604    000000d2     portasm.obj (.text)
                  000036d6    00000002     --HOLE-- [fill = 0]
                  000036d8    000000b4     heap_1.obj (.text)
                  0000378c    0000009c     rtsv7M4_T_le_v4SPD16_eabi.lib : memcpy_t2.asm.obj (.text)
                  00003828    0000007a                                   : memset_t2.asm.obj (.text)
                  000038a2    00000068                                   : copy_decompress_lzss.c.obj (.text:decompress:lzss:__TI_decompress_lzss)
                  0000390a    00000002     --HOLE-- [fill = 0]
                  0000390c    00000044                                   : autoinit.c.obj (.text:__TI_auto_init_nobinit_nopinit:__TI_auto_init_nobinit_nopinit)
                  00003950    0000003e     cpu.obj (.text)
                  0000398e    00000002     --HOLE-- [fill = 0]
                  00003990    00000038     rtsv7M4_T_le_v4SPD16_eabi.lib : boot_cortex_m.c.obj (.text:_c_int00_noargs:_c_int00_noargs)
                  000039c8    00000020     msp432_startup_ccs.obj (.text)
                  000039e8    0000000e     rtsv7M4_T_le_v4SPD16_eabi.lib : copy_decompress_none.c.obj (.text:decompress:none:__TI_decompress_none)
                  000039f6    0000000c                                   : copy_zero_init.c.obj (.text:decompress:ZI:__TI_zero_init)
                  00003a02    00000004                                   : pre_init.c.obj (.text:_system_pre_init)
                  00003a06    00000004                                   : exit.c.obj (.text:abort:abort)

.const     0    00003a0c    00000098     
                  00003a0c    00000050     interrupt.obj (.const:g_pulRegs)
                  00003a5c    00000020     interrupt.obj (.const:g_pulPriority)
                  00003a7c    00000008     interrupt.obj (.const:g_pulDisRegs)
                  00003a84    00000008     interrupt.obj (.const:g_pulEnRegs)
                  00003a8c    00000008     interrupt.obj (.const:g_pulPendRegs)
                  00003a94    00000008     interrupt.obj (.const:g_pulUnpendRegs)
                  00003a9c    00000008     port.obj (.const)

.cinit     0    00003aa8    00000050     
                  00003aa8    00000016     (.cinit..data.load) [load image, compression = lzss]
                  00003abe    00000002     --HOLE-- [fill = 0]
                  00003ac0    0000000c     (__TI_handler_table)
                  00003acc    00000004     --HOLE-- [fill = 0]
                  00003ad0    00000008     (.cinit..bss.load) [load image, compression = zero_init]
                  00003ad8    00000008     (.cinit..vtable.load) [load image, compression = zero_init]
                  00003ae0    00000018     (__TI_cinit_table)

.vtable    0    20000000    000000e4     UNINITIALIZED
                  20000000    000000e4     interrupt.obj (.vtable)

.bss       0    200000e4    0000c8c4     UNINITIALIZED
                  200000e4    0000c800     heap_1.obj (.bss:ucHeap)
                  2000c8e4    00000064     tasks.obj (.bss:pxReadyTasksLists)
                  2000c948    00000014     tasks.obj (.bss:xDelayedTaskList1)
                  2000c95c    00000014     tasks.obj (.bss:xDelayedTaskList2)
                  2000c970    00000014     tasks.obj (.bss:xPendingReadyList)
                  2000c984    00000014     tasks.obj (.bss:xSuspendedTaskList)
                  2000c998    00000008     cs.obj (.bss)
                  2000c9a0    00000008     tasks.obj (.bss)

.data      0    2000c9a8    00000048     UNINITIALIZED
                  2000c9a8    00000030     tasks.obj (.data)
                  2000c9d8    0000000c     port.obj (.data)
                  2000c9e4    00000008     heap_1.obj (.data)
                  2000c9ec    00000004     system_msp432p401r.obj (.data)

.stack     0    2000fe00    00000200     UNINITIALIZED
                  2000fe00    00000004     rtsv7M4_T_le_v4SPD16_eabi.lib : boot_cortex_m.c.obj (.stack)
                  2000fe04    000001fc     --HOLE--

MODULE SUMMARY

       Module                       code    ro data   rw data
       ------                       ----    -------   -------
    ./
       system_msp432p401r.obj       808     0         4      
       main.obj                     440     0         0      
       msp432_startup_ccs.obj       32      324       0      
    +--+----------------------------+-------+---------+---------+
       Total:                       1280    324       4      
                                                             
    ./driverslib/freertos/cortex-m4/
       port.obj                     648     8         12     
       portasm.obj                  210     0         0      
    +--+----------------------------+-------+---------+---------+
       Total:                       858     8         12     
                                                             
    ./driverslib/freertos/src/
       heap_1.obj                   180     0         51208  
       tasks.obj                    6268    0         236    
       list.obj                     298     0         0      
    +--+----------------------------+-------+---------+---------+
       Total:                       6746    0         51444  
                                                             
    ./driverslib/msp432/
       cs.obj                       3452    0         8      
       interrupt.obj                1008    144       228    
       sysctl.obj                   580     0         0      
       cpu.obj                      62      0         0      
    +--+----------------------------+-------+---------+---------+
       Total:                       5102    144       236    
                                                             
    /Applications/ti/ccsv8/tools/compiler/ti-cgt-arm_18.1.3.LTS/lib/rtsv7M4_T_le_v4SPD16_eabi.lib
       memcpy_t2.asm.obj            156     0         0      
       memset_t2.asm.obj            122     0         0      
       copy_decompress_lzss.c.obj   104     0         0      
       autoinit.c.obj               68      0         0      
       boot_cortex_m.c.obj          56      0         0      
       copy_decompress_none.c.obj   14      0         0      
       copy_zero_init.c.obj         12      0         0      
       exit.c.obj                   4       0         0      
       pre_init.c.obj               4       0         0      
    +--+----------------------------+-------+---------+---------+
       Total:                       540     0         0      
                                                             
       Stack:                       0       0         512    
       Linker Generated:            0       74        0      
    +--+----------------------------+-------+---------+---------+
       Grand Total:                 14526   550       52208  


LINKER GENERATED COPY TABLES

__TI_cinit_table @ 00003ae0 records: 3, size/record: 8, table size: 24
	.data: load addr=00003aa8, load size=00000016 bytes, run addr=2000c9a8, run size=00000048 bytes, compression=lzss
	.bss: load addr=00003ad0, load size=00000008 bytes, run addr=200000e4, run size=0000c8c4 bytes, compression=zero_init
	.vtable: load addr=00003ad8, load size=00000008 bytes, run addr=20000000, run size=000000e4 bytes, compression=zero_init


LINKER GENERATED HANDLER TABLE

__TI_handler_table @ 00003ac0 records: 3, size/record: 4, table size: 12
	index: 0, handler: __TI_zero_init
	index: 1, handler: __TI_decompress_lzss
	index: 2, handler: __TI_decompress_none


GLOBAL SYMBOLS: SORTED ALPHABETICALLY BY Name 

address   name                                   
-------   ----                                   
00003a07  C$$EXIT                                
00003985  CPU_basepriGet                         
00003977  CPU_basepriSet                         
00003951  CPU_cpsid                              
00003967  CPU_cpsie                              
0000395d  CPU_primask                            
00003973  CPU_wfi                                
000026c1  CS_clearInterruptFlag                  
00001f69  CS_disableClockRequest                 
0000204f  CS_disableDCOExternalResistor          
00002595  CS_disableFaultCounter                 
0000267f  CS_disableInterrupt                    
00001f41  CS_enableClockRequest                  
00001fb1  CS_enableDCOExternalResistor           
00002569  CS_enableFaultCounter                  
0000265d  CS_enableInterrupt                     
00002501  CS_getACLK                             
000024c1  CS_getBCLK                             
00002149  CS_getDCOFrequency                     
000026a7  CS_getEnabledInterruptStatus           
000024dd  CS_getHSMCLK                           
000026a1  CS_getInterruptStatus                  
00002547  CS_getMCLK                             
00002525  CS_getSMCLK                            
00001c61  CS_initClockSignal                     
000026e3  CS_registerInterrupt                   
000025c1  CS_resetFaultCounter                   
0000206d  CS_setDCOCenteredFrequency             
00001fd9  CS_setDCOExternalResistorCalibration   
000022e9  CS_setDCOFrequency                     
00001c25  CS_setExternalClockSourceFrequency     
00001f8b  CS_setReferenceOscillatorFrequency     
0000260d  CS_startFaultCounter                   
00001d65  CS_startHFXT                           
00001d89  CS_startHFXTWithTimeout                
00001e4d  CS_startLFXT                           
00001e71  CS_startLFXTWithTimeout                
000020a5  CS_tuneDCOFrequency                    
000026f7  CS_unregisterInterrupt                 
000028ff  Interrupt_disableInterrupt             
0000274f  Interrupt_disableMaster                
00002afd  Interrupt_disableSleepOnIsrExit        
0000288d  Interrupt_enableInterrupt              
0000273f  Interrupt_enableMaster                 
00002aeb  Interrupt_enableSleepOnIsrExit         
00002867  Interrupt_getPriority                  
000027df  Interrupt_getPriorityGrouping          
00002acb  Interrupt_getPriorityMask              
00002ae5  Interrupt_getVectorTableAddress        
00002971  Interrupt_isEnabled                    
000029fd  Interrupt_pendInterrupt                
0000275f  Interrupt_registerInterrupt            
00002817  Interrupt_setPriority                  
000027c5  Interrupt_setPriorityGrouping          
00002abb  Interrupt_setPriorityMask              
00002ad5  Interrupt_setVectorTableAddress        
00002a6d  Interrupt_unpendInterrupt              
000027b1  Interrupt_unregisterInterrupt          
000032cf  SysCtl_disableGlitchFilter             
0000315f  SysCtl_disableNMISource                
00003267  SysCtl_disablePeripheralAtCPUHalt      
000031a9  SysCtl_disableSRAMBank                 
0000322d  SysCtl_disableSRAMBankRetention        
000032c3  SysCtl_enableGlitchFilter              
00003173  SysCtl_enableNMISource                 
00003253  SysCtl_enablePeripheralAtCPUHalt       
0000318d  SysCtl_enableSRAMBank                  
00003211  SysCtl_enableSRAMBankRetention         
00003159  SysCtl_getFlashSize                    
00003187  SysCtl_getNMISourceStatus              
00003153  SysCtl_getSRAMSize                     
000030dd  SysCtl_getTLVInfo                      
000032db  SysCtl_getTempCalibrationConstant      
00003249  SysCtl_rebootDevice                    
0000329f  SysCtl_setWDTPasswordViolationResetType
0000327b  SysCtl_setWDTTimeoutResetType          
2000c9ec  SystemCoreClock                        
00002b2d  SystemCoreClockUpdate                  
00002da1  SystemInit                             
4000480c  WDTCTL_SYM                             
20010000  __STACK_END                            
00000200  __STACK_SIZE                           
00003ae0  __TI_CINIT_Base                        
00003af8  __TI_CINIT_Limit                       
00003ac0  __TI_Handler_Table_Base                
00003acc  __TI_Handler_Table_Limit               
0000390d  __TI_auto_init_nobinit_nopinit         
000038a3  __TI_decompress_lzss                   
000039e9  __TI_decompress_none                   
ffffffff  __TI_pprof_out_hndl                    
ffffffff  __TI_prof_data_size                    
ffffffff  __TI_prof_data_start                   
00000000  __TI_static_base__                     
000039f7  __TI_zero_init                         
00003829  __aeabi_memclr                         
00003829  __aeabi_memclr4                        
00003829  __aeabi_memclr8                        
0000378d  __aeabi_memcpy                         
0000378d  __aeabi_memcpy4                        
0000378d  __aeabi_memcpy8                        
0000382b  __aeabi_memset                         
0000382b  __aeabi_memset4                        
0000382b  __aeabi_memset8                        
ffffffff  __binit__                              
ffffffff  __c_args__                             
UNDEFED   __mpu_init                             
2000fe00  __stack                                
00003991  _c_int00_noargs                        
UNDEFED   _system_post_cinit                     
00003a03  _system_pre_init                       
00003a07  abort                                  
ffffffff  binit                                  
00000489  eTaskGetState                          
20000000  g_pfnRAMVectors                        
00000000  interruptVectors                       
00003321  main                                   
0000378d  memcpy                                 
00003831  memset                                 
00000a55  pcTaskGetName                          
000036d9  pvPortMalloc                           
0000143d  pvTaskIncrementMutexHeldCount          
2000c9a8  pxCurrentTCB                           
00002e55  pxPortInitialiseStack                  
00003a9c  ulMaxSyscallInterruptPriority          
00003615  ulPortGetIPSR                          
00001455  ulTaskNotifyTake                       
000035bb  uxListRemove                           
00000a49  uxTaskGetNumberOfTasks                 
00000a91  uxTaskGetSystemState                   
00000ff1  uxTaskGetTaskNumber                    
00000511  uxTaskPriorityGet                      
00000541  uxTaskPriorityGetFromISR               
0000141b  uxTaskResetEventItemValue              
000034d9  vListInitialise                        
00003509  vListInitialiseItem                    
00003555  vListInsert                            
00003519  vListInsertEnd                         
000036c9  vPortEnableVFP                         
00002f75  vPortEndScheduler                      
00002f99  vPortEnterCritical                     
00002fdb  vPortExitCritical                      
00003749  vPortFree                              
0000376d  vPortInitialiseBlocks                  
0000368d  vPortSVCHandler                        
0000302d  vPortSetupTimerInterrupt               
000036ad  vPortStartFirstTask                    
00003047  vPortValidateInterruptPriority         
00000437  vTaskDelay                             
0000035d  vTaskDelayUntil                        
000008f5  vTaskEndScheduler                      
000010a5  vTaskGetInfo                           
00000fe9  vTaskMissedYield                       
000017db  vTaskNotifyGiveFromISR                 
00000d27  vTaskPlaceOnEventList                  
00000d61  vTaskPlaceOnUnorderedEventList         
00001279  vTaskPriorityInherit                   
00000599  vTaskPrioritySet                       
000007f7  vTaskResume                            
00001011  vTaskSetTaskNumber                     
00000f19  vTaskSetTimeOutState                   
00000889  vTaskStartScheduler                    
000006cd  vTaskSuspend                           
00000911  vTaskSuspendAll                        
00000ca1  vTaskSwitchContext                     
00003775  xPortGetFreeHeapSize                   
0000362d  xPortPendSVHandler                     
00002ee1  xPortStartScheduler                    
00003007  xPortSysTickHandler                    
00000f47  xTaskCheckForTimeOut                   
00000145  xTaskCreate                            
00001581  xTaskGenericNotify                     
0000169d  xTaskGenericNotifyFromISR              
00001253  xTaskGetCurrentTaskHandle              
00000a25  xTaskGetTickCount                      
00000a35  xTaskGetTickCountFromISR               
00000b61  xTaskIncrementTick                     
000018c5  xTaskNotifyStateClear                  
000014d1  xTaskNotifyWait                        
00001341  xTaskPriorityDisinherit                
00000dc5  xTaskRemoveFromEventList               
00000e61  xTaskRemoveFromUnorderedEventList      
00000929  xTaskResumeAll                         


GLOBAL SYMBOLS: SORTED BY Symbol Address 

address   name                                   
-------   ----                                   
00000000  __TI_static_base__                     
00000000  interruptVectors                       
00000145  xTaskCreate                            
00000200  __STACK_SIZE                           
0000035d  vTaskDelayUntil                        
00000437  vTaskDelay                             
00000489  eTaskGetState                          
00000511  uxTaskPriorityGet                      
00000541  uxTaskPriorityGetFromISR               
00000599  vTaskPrioritySet                       
000006cd  vTaskSuspend                           
000007f7  vTaskResume                            
00000889  vTaskStartScheduler                    
000008f5  vTaskEndScheduler                      
00000911  vTaskSuspendAll                        
00000929  xTaskResumeAll                         
00000a25  xTaskGetTickCount                      
00000a35  xTaskGetTickCountFromISR               
00000a49  uxTaskGetNumberOfTasks                 
00000a55  pcTaskGetName                          
00000a91  uxTaskGetSystemState                   
00000b61  xTaskIncrementTick                     
00000ca1  vTaskSwitchContext                     
00000d27  vTaskPlaceOnEventList                  
00000d61  vTaskPlaceOnUnorderedEventList         
00000dc5  xTaskRemoveFromEventList               
00000e61  xTaskRemoveFromUnorderedEventList      
00000f19  vTaskSetTimeOutState                   
00000f47  xTaskCheckForTimeOut                   
00000fe9  vTaskMissedYield                       
00000ff1  uxTaskGetTaskNumber                    
00001011  vTaskSetTaskNumber                     
000010a5  vTaskGetInfo                           
00001253  xTaskGetCurrentTaskHandle              
00001279  vTaskPriorityInherit                   
00001341  xTaskPriorityDisinherit                
0000141b  uxTaskResetEventItemValue              
0000143d  pvTaskIncrementMutexHeldCount          
00001455  ulTaskNotifyTake                       
000014d1  xTaskNotifyWait                        
00001581  xTaskGenericNotify                     
0000169d  xTaskGenericNotifyFromISR              
000017db  vTaskNotifyGiveFromISR                 
000018c5  xTaskNotifyStateClear                  
00001c25  CS_setExternalClockSourceFrequency     
00001c61  CS_initClockSignal                     
00001d65  CS_startHFXT                           
00001d89  CS_startHFXTWithTimeout                
00001e4d  CS_startLFXT                           
00001e71  CS_startLFXTWithTimeout                
00001f41  CS_enableClockRequest                  
00001f69  CS_disableClockRequest                 
00001f8b  CS_setReferenceOscillatorFrequency     
00001fb1  CS_enableDCOExternalResistor           
00001fd9  CS_setDCOExternalResistorCalibration   
0000204f  CS_disableDCOExternalResistor          
0000206d  CS_setDCOCenteredFrequency             
000020a5  CS_tuneDCOFrequency                    
00002149  CS_getDCOFrequency                     
000022e9  CS_setDCOFrequency                     
000024c1  CS_getBCLK                             
000024dd  CS_getHSMCLK                           
00002501  CS_getACLK                             
00002525  CS_getSMCLK                            
00002547  CS_getMCLK                             
00002569  CS_enableFaultCounter                  
00002595  CS_disableFaultCounter                 
000025c1  CS_resetFaultCounter                   
0000260d  CS_startFaultCounter                   
0000265d  CS_enableInterrupt                     
0000267f  CS_disableInterrupt                    
000026a1  CS_getInterruptStatus                  
000026a7  CS_getEnabledInterruptStatus           
000026c1  CS_clearInterruptFlag                  
000026e3  CS_registerInterrupt                   
000026f7  CS_unregisterInterrupt                 
0000273f  Interrupt_enableMaster                 
0000274f  Interrupt_disableMaster                
0000275f  Interrupt_registerInterrupt            
000027b1  Interrupt_unregisterInterrupt          
000027c5  Interrupt_setPriorityGrouping          
000027df  Interrupt_getPriorityGrouping          
00002817  Interrupt_setPriority                  
00002867  Interrupt_getPriority                  
0000288d  Interrupt_enableInterrupt              
000028ff  Interrupt_disableInterrupt             
00002971  Interrupt_isEnabled                    
000029fd  Interrupt_pendInterrupt                
00002a6d  Interrupt_unpendInterrupt              
00002abb  Interrupt_setPriorityMask              
00002acb  Interrupt_getPriorityMask              
00002ad5  Interrupt_setVectorTableAddress        
00002ae5  Interrupt_getVectorTableAddress        
00002aeb  Interrupt_enableSleepOnIsrExit         
00002afd  Interrupt_disableSleepOnIsrExit        
00002b2d  SystemCoreClockUpdate                  
00002da1  SystemInit                             
00002e55  pxPortInitialiseStack                  
00002ee1  xPortStartScheduler                    
00002f75  vPortEndScheduler                      
00002f99  vPortEnterCritical                     
00002fdb  vPortExitCritical                      
00003007  xPortSysTickHandler                    
0000302d  vPortSetupTimerInterrupt               
00003047  vPortValidateInterruptPriority         
000030dd  SysCtl_getTLVInfo                      
00003153  SysCtl_getSRAMSize                     
00003159  SysCtl_getFlashSize                    
0000315f  SysCtl_disableNMISource                
00003173  SysCtl_enableNMISource                 
00003187  SysCtl_getNMISourceStatus              
0000318d  SysCtl_enableSRAMBank                  
000031a9  SysCtl_disableSRAMBank                 
00003211  SysCtl_enableSRAMBankRetention         
0000322d  SysCtl_disableSRAMBankRetention        
00003249  SysCtl_rebootDevice                    
00003253  SysCtl_enablePeripheralAtCPUHalt       
00003267  SysCtl_disablePeripheralAtCPUHalt      
0000327b  SysCtl_setWDTTimeoutResetType          
0000329f  SysCtl_setWDTPasswordViolationResetType
000032c3  SysCtl_enableGlitchFilter              
000032cf  SysCtl_disableGlitchFilter             
000032db  SysCtl_getTempCalibrationConstant      
00003321  main                                   
000034d9  vListInitialise                        
00003509  vListInitialiseItem                    
00003519  vListInsertEnd                         
00003555  vListInsert                            
000035bb  uxListRemove                           
00003615  ulPortGetIPSR                          
0000362d  xPortPendSVHandler                     
0000368d  vPortSVCHandler                        
000036ad  vPortStartFirstTask                    
000036c9  vPortEnableVFP                         
000036d9  pvPortMalloc                           
00003749  vPortFree                              
0000376d  vPortInitialiseBlocks                  
00003775  xPortGetFreeHeapSize                   
0000378d  __aeabi_memcpy                         
0000378d  __aeabi_memcpy4                        
0000378d  __aeabi_memcpy8                        
0000378d  memcpy                                 
00003829  __aeabi_memclr                         
00003829  __aeabi_memclr4                        
00003829  __aeabi_memclr8                        
0000382b  __aeabi_memset                         
0000382b  __aeabi_memset4                        
0000382b  __aeabi_memset8                        
00003831  memset                                 
000038a3  __TI_decompress_lzss                   
0000390d  __TI_auto_init_nobinit_nopinit         
00003951  CPU_cpsid                              
0000395d  CPU_primask                            
00003967  CPU_cpsie                              
00003973  CPU_wfi                                
00003977  CPU_basepriSet                         
00003985  CPU_basepriGet                         
00003991  _c_int00_noargs                        
000039e9  __TI_decompress_none                   
000039f7  __TI_zero_init                         
00003a03  _system_pre_init                       
00003a07  C$$EXIT                                
00003a07  abort                                  
00003a9c  ulMaxSyscallInterruptPriority          
00003ac0  __TI_Handler_Table_Base                
00003acc  __TI_Handler_Table_Limit               
00003ae0  __TI_CINIT_Base                        
00003af8  __TI_CINIT_Limit                       
20000000  g_pfnRAMVectors                        
2000c9a8  pxCurrentTCB                           
2000c9ec  SystemCoreClock                        
2000fe00  __stack                                
20010000  __STACK_END                            
4000480c  WDTCTL_SYM                             
ffffffff  __TI_pprof_out_hndl                    
ffffffff  __TI_prof_data_size                    
ffffffff  __TI_prof_data_start                   
ffffffff  __binit__                              
ffffffff  __c_args__                             
ffffffff  binit                                  
UNDEFED   __mpu_init                             
UNDEFED   _system_post_cinit                     

[182 symbols]
